80.70.42.196 - - [22/Oct/2014:11:18:12 +0200] "GET /favicon.ico HTTP/1.1" 404 177 "-" "Mozilla/5.0 (Windows NT 6.1; WOW64; rv:24.0) Gecko/20100101 Firefox/24.0"
46.218.85.146 - - [22/Oct/2014:11:18:13 +0200] "GET /redirection/vendeur/candidatures/new?place_id=7&user_id=1&siret=44491456800019&appel_offre_id=14-NETOYAGELOCAUX_128039_d5e_MAXIMILIEN&callback_url=https%3A%2F%2Fmarches.maximilien.fr%2Findex.php%3Fpage%3Dentreprise.FormulaireReponseConsultation%26ref%3D128039%26org%3Dd5e%26orgAcronyme%3Dd5e HTTP/1.1" 404 208 "-" "Mozilla/5.0 (Windows NT 6.1; WOW64) AppleWebKit/537.36 (KHTML, like Gecko) Chrome/38.0.2125.104 Safari/537.36"
84.14.203.2 - - [22/Oct/2014:11:18:15 +0200] "GET /assets/marianne_small-78924cf2008df797f6858f3ec3696d9a.png HTTP/1.1" 404 208 "http://worldwarweb.r14.railsrumble.com/game" "Mozilla/5.0 (Macintosh; Intel Mac OS X 10_10_0) AppleWebKit/537.36 (KHTML, like Gecko) Chrome/38.0.2125.104 Safari/537.36"
46.218.85.146 - - [22/Oct/2014:11:18:31 +0200] "GET /redirection/vendeur/candidatures/new?place_id=7&user_id=1&siret=44491456800019&appel_offre_id=14-NETOYAGELOCAUX_128039_d5e_MAXIMILIEN&callback_url=https%3A%2F%2Fmarches.maximilien.fr%2Findex.php%3Fpage%3Dentreprise.FormulaireReponseConsultation%26ref%3D128039%26org%3Dd5e%26orgAcronyme%3Dd5e HTTP/1.1" 500 1792 "-" "Mozilla/5.0 (Windows NT 6.1; WOW64) AppleWebKit/537.36 (KHTML, like Gecko) Chrome/38.0.2125.104 Safari/537.36"
46.218.85.146 - - [22/Oct/2014:11:18:31 +0200] "GET /favicon.ico HTTP/1.1" 200 0 "-" "Mozilla/5.0 (Windows NT 6.1; WOW64) AppleWebKit/537.36 (KHTML, like Gecko) Chrome/38.0.2125.104 Safari/537.36"
46.218.85.146 - - [22/Oct/2014:11:19:28 +0200] "GET /redirection/vendeur/candidatures/new?place_id=7&user_id=1&siret=44491456800019&appel_offre_id=14-NETOYAGELOCAUX_128039_d5e_MAXIMILIEN&callback_url=https%3A%2F%2Fmarches.maximilien.fr%2Findex.php%3Fpage%3Dentreprise.FormulaireReponseConsultation%26ref%3D128039%26org%3Dd5e%26orgAcronyme%3Dd5e HTTP/1.1" 500 1792 "-" "Mozilla/5.0 (Windows NT 6.1; WOW64; rv:32.0) Gecko/20100101 Firefox/32.0"
46.218.85.146 - - [22/Oct/2014:11:19:28 +0200] "GET /favicon.ico HTTP/1.1" 200 0 "-" "Mozilla/5.0 (Windows NT 6.1; WOW64; rv:32.0) Gecko/20100101 Firefox/32.0"
46.218.85.146 - - [22/Oct/2014:11:19:54 +0200] "GET /redirection/vendeur/candidatures/new?place_id=7&user_id=1&siret=44491456800019&appel_offre_id=14-NETOYAGELOCAUX_128039_d5e_MAXIMILIEN&callback_url=https%3A%2F%2Fmarches.maximilien.fr%2Findex.php%3Fpage%3Dentreprise.FormulaireReponseConsultation%26ref%3D128039%26org%3Dd5e%26orgAcronyme%3Dd5e HTTP/1.1" 500 1792 "-" "Mozilla/5.0 (compatible; MSIE 10.0; Windows NT 6.1; WOW64; Trident/6.0)"
86.68.62.194 - - [22/Oct/2014:11:19:58 +0200] "GET /redirection/vendeur/candidatures/new?place_id=7&user_id=44981&siret=75212446100019&appel_offre_id=1400114_99993_e3r_MAXIMILIEN&callback_url=https%3A%2F%2Fmarches.maximilien.fr%2Findex.php%3Fpage%3Dentreprise.FormulaireReponseConsultation%26ref%3D99993%26org%3De3r%26orgAcronyme%3De3r HTTP/1.1" 404 151 "-" "Mozilla/5.0 (Windows NT 6.1; WOW64; Trident/7.0; rv:11.0) like Gecko"
5.39.93.201 - - [22/Oct/2014:11:20:00 +0200] "GET / HTTP/1.1" 301 193 "-" "Mozilla/4.0 (compatible; MSIE 8.0; Windows NT 5.1; Trident/4.0; InfoPath.2)"
91.121.83.118 - - [22/Oct/2014:11:20:04 +0200] "GET / HTTP/1.1" 301 193 "-" "Mozilla/5.0 (Windows NT 6.3; Win64; x64) AppleWebKit/537.36 (KHTML, like Gecko) Chrome/37.0.2049.0 Safari/537.36"
91.121.83.118 - - [22/Oct/2014:11:20:04 +0200] "GET / HTTP/1.1" 200 1479 "-" "Mozilla/5.0 (Windows NT 6.3; Win64; x64) AppleWebKit/537.36 (KHTML, like Gecko) Chrome/37.0.2049.0 Safari/537.36"
46.218.85.146 - - [22/Oct/2014:11:20:23 +0200] "GET /redirection/vendeur/candidatures/new?place_id=7&user_id=1&siret=44491456800019&appel_offre_id=14S0153_126059_g3h_MAXIMILIEN&callback_url=https%3A%2F%2Fmarches.maximilien.fr%2Findex.php%3Fpage%3Dentreprise.FormulaireReponseConsultation%26ref%3D126059%26org%3Dg3h%26orgAcronyme%3Dg3h HTTP/1.1" 404 208 "-" "Mozilla/5.0 (Windows NT 6.1; WOW64) AppleWebKit/537.36 (KHTML, like Gecko) Chrome/38.0.2125.104 Safari/537.36"
46.218.85.146 - - [22/Oct/2014:11:20:34 +0200] "GET /redirection/vendeur/candidatures/new?place_id=7&user_id=1&siret=44491456800019&appel_offre_id=14S0153_126059_g3h_MAXIMILIEN&callback_url=https%3A%2F%2Fmarches.maximilien.fr%2Findex.php%3Fpage%3Dentreprise.FormulaireReponseConsultation%26ref%3D126059%26org%3Dg3h%26orgAcronyme%3Dg3h HTTP/1.1" 404 208 "-" "Mozilla/5.0 (Windows NT 6.1; WOW64) AppleWebKit/537.36 (KHTML, like Gecko) Chrome/38.0.2125.104 Safari/537.36"
46.218.85.146 - - [22/Oct/2014:11:20:53 +0200] "GET /redirection/vendeur/candidatures/new?place_id=7&user_id=1&siret=44491456800019&appel_offre_id=14-NETOYAGELOCAUX_128039_d5e_MAXIMILIEN&callback_url=https%3A%2F%2Fmarches.maximilien.fr%2Findex.php%3Fpage%3Dentreprise.FormulaireReponseConsultation%26ref%3D128039%26org%3Dd5e%26orgAcronyme%3Dd5e HTTP/1.1" 500 1792 "-" "Mozilla/5.0 (Windows NT 6.1; WOW64) AppleWebKit/537.36 (KHTML, like Gecko) Chrome/38.0.2125.104 Safari/537.36"
46.218.85.146 - - [22/Oct/2014:11:20:53 +0200] "GET /favicon.ico HTTP/1.1" 200 0 "-" "Mozilla/5.0 (Windows NT 6.1; WOW64) AppleWebKit/537.36 (KHTML, like Gecko) Chrome/38.0.2125.104 Safari/537.36"
46.218.85.146 - - [22/Oct/2014:11:21:11 +0200] "GET /redirection/vendeur/candidatures/new?place_id=7&user_id=1&siret=44491456800019&appel_offre_id=14S0153_126059_g3h_MAXIMILIEN&callback_url=https%3A%2F%2Fmarches.maximilien.fr%2Findex.php%3Fpage%3Dentreprise.FormulaireReponseConsultation%26ref%3D126059%26org%3Dg3h%26orgAcronyme%3Dg3h HTTP/1.1" 404 208 "-" "Mozilla/5.0 (Windows NT 6.1; WOW64) AppleWebKit/537.36 (KHTML, like Gecko) Chrome/38.0.2125.104 Safari/537.36"
84.14.203.2 - - [22/Oct/2014:11:21:16 +0200] "GET /assets/marianne_small-78924cf2008df797f6858f3ec3696d9a.png HTTP/1.1" 404 208 "http://worldwarweb.r14.railsrumble.com/game" "Mozilla/5.0 (Macintosh; Intel Mac OS X 10_10_0) AppleWebKit/537.36 (KHTML, like Gecko) Chrome/38.0.2125.104 Safari/537.36"
46.218.85.146 - - [22/Oct/2014:11:21:23 +0200] "GET /redirection/vendeur/candidatures/new?place_id=7&user_id=1&siret=44491456800019&appel_offre_id=14S0153_126059_g3h_MAXIMILIEN&callback_url=https%3A%2F%2Fmarches.maximilien.fr%2Findex.php%3Fpage%3Dentreprise.FormulaireReponseConsultation%26ref%3D126059%26org%3Dg3h%26orgAcronyme%3Dg3h HTTP/1.1" 500 1792 "-" "Mozilla/5.0 (Windows NT 6.1; WOW64) AppleWebKit/537.36 (KHTML, like Gecko) Chrome/38.0.2125.104 Safari/537.36"
46.218.85.146 - - [22/Oct/2014:11:21:23 +0200] "GET /favicon.ico HTTP/1.1" 200 0 "-" "Mozilla/5.0 (Windows NT 6.1; WOW64) AppleWebKit/537.36 (KHTML, like Gecko) Chrome/38.0.2125.104 Safari/537.36"
66.249.81.57 - - [22/Oct/2014:11:21:50 +0200] "GET / HTTP/1.1" 200 396 "-" "Mozilla/5.0 (Windows NT 6.1; rv:6.0) Gecko/20110814 Firefox/6.0 Google favicon"
66.249.81.57 - - [22/Oct/2014:11:21:50 +0200] "GET /favicon.ico HTTP/1.1" 404 151 "-" "Mozilla/5.0 (Windows NT 6.1; rv:6.0) Gecko/20110814 Firefox/6.0 Google favicon"
160.92.7.69 - - [22/Oct/2014:11:23:04 +0200] "GET / HTTP/1.1" 200 1480 "-" "Mozilla/5.0 (Windows NT 6.1; WOW64; rv:33.0) Gecko/20100101 Firefox/33.0"
160.92.7.69 - - [22/Oct/2014:11:23:05 +0200] "GET /assets/chartkick-7e2a56bd525d24598513aa91a3798194.js HTTP/1.1" 200 22858 "https://mps.apientreprise.fr/" "Mozilla/5.0 (Windows NT 6.1; WOW64; rv:33.0) Gecko/20100101 Firefox/33.0"
160.92.7.69 - - [22/Oct/2014:11:23:05 +0200] "GET /assets/application-57f59de0f137e90b6118ed3c77ad0565.css HTTP/1.1" 200 128474 "https://mps.apientreprise.fr/" "Mozilla/5.0 (Windows NT 6.1; WOW64; rv:33.0) Gecko/20100101 Firefox/33.0"
160.92.7.69 - - [22/Oct/2014:11:23:05 +0200] "GET /assets/application-1f2d113caed273b15394041f63f3492b.js HTTP/1.1" 200 471915 "https://mps.apientreprise.fr/" "Mozilla/5.0 (Windows NT 6.1; WOW64; rv:33.0) Gecko/20100101 Firefox/33.0"
160.92.7.69 - - [22/Oct/2014:11:23:05 +0200] "GET /assets/marianne_small-793022a34c692fa376cbb27597150abf.png HTTP/1.1" 200 13700 "https://mps.apientreprise.fr/" "Mozilla/5.0 (Windows NT 6.1; WOW64; rv:33.0) Gecko/20100101 Firefox/33.0"
160.92.7.69 - - [22/Oct/2014:11:23:05 +0200] "GET /assets/welcome/header_background-22f3636112f75e9de0898edb74f1590d.jpg HTTP/1.1" 200 298861 "https://mps.apientreprise.fr/" "Mozilla/5.0 (Windows NT 6.1; WOW64; rv:33.0) Gecko/20100101 Firefox/33.0"
160.92.7.69 - - [22/Oct/2014:11:23:05 +0200] "GET /assets/wg_handy_icons.woff HTTP/1.1" 404 650 "https://mps.apientreprise.fr/assets/application-57f59de0f137e90b6118ed3c77ad0565.css" "Mozilla/5.0 (Windows NT 6.1; WOW64; rv:33.0) Gecko/20100101 Firefox/33.0"
160.92.7.69 - - [22/Oct/2014:11:23:05 +0200] "GET /assets/wg_handy_icons.ttf HTTP/1.1" 404 650 "https://mps.apientreprise.fr/assets/application-57f59de0f137e90b6118ed3c77ad0565.css" "Mozilla/5.0 (Windows NT 6.1; WOW64; rv:33.0) Gecko/20100101 Firefox/33.0"
160.92.7.69 - - [22/Oct/2014:11:23:05 +0200] "GET /favicon.ico HTTP/1.1" 200 0 "-" "Mozilla/5.0 (Windows NT 6.1; WOW64; rv:33.0) Gecko/20100101 Firefox/33.0"
84.14.203.2 - - [22/Oct/2014:11:24:21 +0200] "GET /assets/marianne_small-78924cf2008df797f6858f3ec3696d9a.png HTTP/1.1" 404 208 "http://worldwarweb.r14.railsrumble.com/game" "Mozilla/5.0 (Macintosh; Intel Mac OS X 10_10_0) AppleWebKit/537.36 (KHTML, like Gecko) Chrome/38.0.2125.104 Safari/537.36"
160.92.7.69 - - [22/Oct/2014:11:25:37 +0200] "GET /redirection/vendeur/candidatures/3909 HTTP/1.1" 404 650 "-" "Mozilla/5.0 (Windows NT 6.1; WOW64; rv:33.0) Gecko/20100101 Firefox/33.0"
160.92.7.69 - - [22/Oct/2014:11:25:46 +0200] "GET /redirection/vendeur/candidatures/3914 HTTP/1.1" 404 650 "-" "Mozilla/5.0 (Windows NT 6.1; WOW64; rv:33.0) Gecko/20100101 Firefox/33.0"
160.92.7.69 - - [22/Oct/2014:11:25:55 +0200] "GET /redirection/vendeur/candidatures/new?place_id=5&user_id=32304&siret=38085208700028&appel_offre_id=urba201454_24960_f8y_E-Bourgogne&callback_url=https%3A%2F%2Fmarches.e-bourgogne.fr%2Findex.php5%3Fpage%3Dentreprise.FormulaireReponseConsultation%26ref%3D24960%26org%3Df8y%26orgAcronyme%3Df8y HTTP/1.1" 500 1792 "-" "Mozilla/5.0 (Windows NT 6.1; WOW64; rv:33.0) Gecko/20100101 Firefox/33.0"
160.92.7.69 - - [22/Oct/2014:11:26:16 +0200] "GET /redirection/vendeur/candidatures/3915 HTTP/1.1" 404 650 "-" "Mozilla/5.0 (Windows NT 6.1; WOW64; rv:33.0) Gecko/20100101 Firefox/33.0"
160.92.7.69 - - [22/Oct/2014:11:26:40 +0200] "GET /redirection/vendeur/candidatures/3915 HTTP/1.1" 404 650 "-" "Mozilla/5.0 (Windows NT 6.1; WOW64; rv:33.0) Gecko/20100101 Firefox/33.0"
77.207.181.207 - - [22/Oct/2014:11:26:41 +0200] "GET /backoffice/candidatures/ HTTP/1.1" 401 38 "-" "Mozilla/5.0 (X11; Linux x86_64) AppleWebKit/537.36 (KHTML, like Gecko) Chrome/38.0.2125.104 Safari/537.36"
77.207.181.207 - sgmap2014mps [22/Oct/2014:11:26:42 +0200] "GET /backoffice/candidatures/ HTTP/1.1" 200 2741 "-" "Mozilla/5.0 (X11; Linux x86_64) AppleWebKit/537.36 (KHTML, like Gecko) Chrome/38.0.2125.104 Safari/537.36"
77.207.181.207 - - [22/Oct/2014:11:26:42 +0200] "GET /assets/chartkick-7e2a56bd525d24598513aa91a3798194.js HTTP/1.1" 304 0 "https://www.apientreprise.fr/backoffice/candidatures/" "Mozilla/5.0 (X11; Linux x86_64) AppleWebKit/537.36 (KHTML, like Gecko) Chrome/38.0.2125.104 Safari/537.36"
77.207.181.207 - - [22/Oct/2014:11:26:42 +0200] "GET /assets/application-57f59de0f137e90b6118ed3c77ad0565.css HTTP/1.1" 304 0 "https://www.apientreprise.fr/backoffice/candidatures/" "Mozilla/5.0 (X11; Linux x86_64) AppleWebKit/537.36 (KHTML, like Gecko) Chrome/38.0.2125.104 Safari/537.36"
77.207.181.207 - - [22/Oct/2014:11:26:42 +0200] "GET /assets/application-1f2d113caed273b15394041f63f3492b.js HTTP/1.1" 304 0 "https://www.apientreprise.fr/backoffice/candidatures/" "Mozilla/5.0 (X11; Linux x86_64) AppleWebKit/537.36 (KHTML, like Gecko) Chrome/38.0.2125.104 Safari/537.36"
77.207.181.207 - - [22/Oct/2014:11:26:42 +0200] "GET /assets/plus1-32px-87ad6f3690a173459acb322f8963c32e.png HTTP/1.1" 200 1782 "https://www.apientreprise.fr/backoffice/candidatures/" "Mozilla/5.0 (X11; Linux x86_64) AppleWebKit/537.36 (KHTML, like Gecko) Chrome/38.0.2125.104 Safari/537.36"
77.207.181.207 - - [22/Oct/2014:11:26:42 +0200] "GET /assets/info1-32px-d43931d57fb4535b6d0cb97ff5c8dbdd.png HTTP/1.1" 200 1968 "https://www.apientreprise.fr/backoffice/candidatures/" "Mozilla/5.0 (X11; Linux x86_64) AppleWebKit/537.36 (KHTML, like Gecko) Chrome/38.0.2125.104 Safari/537.36"
77.207.181.207 - - [22/Oct/2014:11:26:42 +0200] "GET /assets/archive1-32px-36dd495a0bdb617dc56900248ac4ea63.png HTTP/1.1" 200 1953 "https://www.apientreprise.fr/backoffice/candidatures/" "Mozilla/5.0 (X11; Linux x86_64) AppleWebKit/537.36 (KHTML, like Gecko) Chrome/38.0.2125.104 Safari/537.36"
77.207.181.207 - - [22/Oct/2014:11:26:42 +0200] "GET /assets/marianne_small-793022a34c692fa376cbb27597150abf.png HTTP/1.1" 304 0 "https://www.apientreprise.fr/backoffice/candidatures/" "Mozilla/5.0 (X11; Linux x86_64) AppleWebKit/537.36 (KHTML, like Gecko) Chrome/38.0.2125.104 Safari/537.36"
77.207.181.207 - - [22/Oct/2014:11:26:42 +0200] "GET /favicon.ico HTTP/1.1" 200 0 "-" "Mozilla/5.0 (X11; Linux x86_64) AppleWebKit/537.36 (KHTML, like Gecko) Chrome/38.0.2125.104 Safari/537.36"
77.207.181.207 - - [22/Oct/2014:11:26:46 +0200] "GET /backoffice/candidatures HTTP/1.1" 401 38 "-" "Mozilla/5.0 (X11; Linux x86_64) AppleWebKit/537.36 (KHTML, like Gecko) Chrome/38.0.2125.104 Safari/537.36"
77.207.181.207 - sgmap2014mps [22/Oct/2014:11:26:46 +0200] "GET /backoffice/candidatures HTTP/1.1" 200 2741 "-" "Mozilla/5.0 (X11; Linux x86_64) AppleWebKit/537.36 (KHTML, like Gecko) Chrome/38.0.2125.104 Safari/537.36"
82.225.227.179 - - [22/Oct/2014:11:26:46 +0200] "GET / HTTP/1.1" 200 396 "-" "Mozilla/5.0 (Windows NT 6.3; WOW64) AppleWebKit/537.36 (KHTML, like Gecko) Chrome/38.0.2125.104 Safari/537.36"
82.225.227.179 - - [22/Oct/2014:11:26:46 +0200] "GET /favicon.ico HTTP/1.1" 404 208 "-" "Mozilla/5.0 (Windows NT 6.3; WOW64) AppleWebKit/537.36 (KHTML, like Gecko) Chrome/38.0.2125.104 Safari/537.36"
77.207.181.207 - - [22/Oct/2014:11:26:48 +0200] "GET / HTTP/1.1" 200 1478 "-" "Mozilla/5.0 (X11; Linux x86_64) AppleWebKit/537.36 (KHTML, like Gecko) Chrome/38.0.2125.104 Safari/537.36"
77.207.181.207 - - [22/Oct/2014:11:26:48 +0200] "GET /assets/welcome/header_background-22f3636112f75e9de0898edb74f1590d.jpg HTTP/1.1" 304 0 "https://www.apientreprise.fr/" "Mozilla/5.0 (X11; Linux x86_64) AppleWebKit/537.36 (KHTML, like Gecko) Chrome/38.0.2125.104 Safari/537.36"
77.207.181.207 - - [22/Oct/2014:11:26:48 +0200] "GET /assets/wg_handy_icons.woff HTTP/1.1" 404 650 "https://www.apientreprise.fr/assets/application-57f59de0f137e90b6118ed3c77ad0565.css" "Mozilla/5.0 (X11; Linux x86_64) AppleWebKit/537.36 (KHTML, like Gecko) Chrome/38.0.2125.104 Safari/537.36"
77.207.181.207 - - [22/Oct/2014:11:26:48 +0200] "GET /assets/wg_handy_icons.ttf HTTP/1.1" 404 650 "https://www.apientreprise.fr/assets/application-57f59de0f137e90b6118ed3c77ad0565.css" "Mozilla/5.0 (X11; Linux x86_64) AppleWebKit/537.36 (KHTML, like Gecko) Chrome/38.0.2125.104 Safari/537.36"
82.225.227.179 - - [22/Oct/2014:11:26:49 +0200] "GET / HTTP/1.1" 304 0 "-" "Mozilla/5.0 (Windows NT 6.3; WOW64) AppleWebKit/537.36 (KHTML, like Gecko) Chrome/38.0.2125.104 Safari/537.36"
82.225.227.179 - - [22/Oct/2014:11:26:57 +0200] "GET /places HTTP/1.1" 404 208 "-" "Mozilla/5.0 (Windows NT 6.3; WOW64) AppleWebKit/537.36 (KHTML, like Gecko) Chrome/38.0.2125.104 Safari/537.36"
109.7.102.98 - - [22/Oct/2014:11:26:58 +0200] "GET /redirection/vendeur/candidatures/new?place_id=5&user_id=&siret=&appel_offre_id=DEMO_MPS_21976_w0d_E-Bourgogne&callback_url=https%3A%2F%2Fmarches.e-bourgogne.fr%2Findex.php5%3Fpage%3Dentreprise.FormulaireReponseConsultation%26ref%3D21976%26org%3Dw0d%26orgAcronyme%3Dw0d HTTP/1.1" 404 151 "-" "Mozilla/5.0 (Windows NT 5.1; rv:14.0) Gecko/20100101 Firefox/14.0.1"
84.14.203.2 - - [22/Oct/2014:11:27:28 +0200] "GET /assets/marianne_small-78924cf2008df797f6858f3ec3696d9a.png HTTP/1.1" 404 208 "http://worldwarweb.r14.railsrumble.com/game" "Mozilla/5.0 (Macintosh; Intel Mac OS X 10_10_0) AppleWebKit/537.36 (KHTML, like Gecko) Chrome/38.0.2125.104 Safari/537.36"
91.79.50.227 - - [22/Oct/2014:11:29:21 +0200] "GET / HTTP/1.1" 301 193 "-" "Mozilla/4.0 (compatible; MSIE 6.0; Windows NT 5.1; SV1; .NET CLR 2.0.50727)"
91.79.50.227 - - [22/Oct/2014:11:29:21 +0200] "GET / HTTP/1.0" 200 3317 "-" "Mozilla/4.0 (compatible; MSIE 6.0; Windows NT 5.1; SV1; .NET CLR 2.0.50727)"
150.70.97.123 - - [22/Oct/2014:11:30:05 +0200] "GET / HTTP/1.1" 200 612 "-" "Mozilla/4.0 (compatible; MSIE 8.0; Windows NT 5.1; Trident/4.0)"
150.70.97.123 - - [22/Oct/2014:11:30:05 +0200] "GET / HTTP/1.1" 301 193 "-" "Mozilla/4.0 (compatible; MSIE 8.0; Windows NT 5.1; Trident/4.0)"
84.14.203.2 - - [22/Oct/2014:11:30:27 +0200] "GET /assets/marianne_small-78924cf2008df797f6858f3ec3696d9a.png HTTP/1.1" 404 208 "http://worldwarweb.r14.railsrumble.com/game" "Mozilla/5.0 (Macintosh; Intel Mac OS X 10_10_0) AppleWebKit/537.36 (KHTML, like Gecko) Chrome/38.0.2125.104 Safari/537.36"
77.207.181.207 - - [22/Oct/2014:11:32:46 +0200] "GET / HTTP/1.1" 200 1474 "-" "Mozilla/5.0 (X11; Linux x86_64) AppleWebKit/537.36 (KHTML, like Gecko) Chrome/38.0.2125.104 Safari/537.36"
77.207.181.207 - - [22/Oct/2014:11:32:46 +0200] "GET /assets/chartkick-7e2a56bd525d24598513aa91a3798194.js HTTP/1.1" 200 22858 "https://mps.apientreprise.fr/" "Mozilla/5.0 (X11; Linux x86_64) AppleWebKit/537.36 (KHTML, like Gecko) Chrome/38.0.2125.104 Safari/537.36"
77.207.181.207 - - [22/Oct/2014:11:32:46 +0200] "GET /assets/application-57f59de0f137e90b6118ed3c77ad0565.css HTTP/1.1" 200 128474 "https://mps.apientreprise.fr/" "Mozilla/5.0 (X11; Linux x86_64) AppleWebKit/537.36 (KHTML, like Gecko) Chrome/38.0.2125.104 Safari/537.36"
77.207.181.207 - - [22/Oct/2014:11:32:46 +0200] "GET /assets/marianne_small-793022a34c692fa376cbb27597150abf.png HTTP/1.1" 200 13700 "https://mps.apientreprise.fr/" "Mozilla/5.0 (X11; Linux x86_64) AppleWebKit/537.36 (KHTML, like Gecko) Chrome/38.0.2125.104 Safari/537.36"
77.207.181.207 - - [22/Oct/2014:11:32:46 +0200] "GET /assets/welcome/header_background-22f3636112f75e9de0898edb74f1590d.jpg HTTP/1.1" 200 298861 "https://mps.apientreprise.fr/" "Mozilla/5.0 (X11; Linux x86_64) AppleWebKit/537.36 (KHTML, like Gecko) Chrome/38.0.2125.104 Safari/537.36"
77.207.181.207 - - [22/Oct/2014:11:32:46 +0200] "GET /assets/application-1f2d113caed273b15394041f63f3492b.js HTTP/1.1" 200 471915 "https://mps.apientreprise.fr/" "Mozilla/5.0 (X11; Linux x86_64) AppleWebKit/537.36 (KHTML, like Gecko) Chrome/38.0.2125.104 Safari/537.36"
77.207.181.207 - - [22/Oct/2014:11:32:46 +0200] "GET /assets/wg_handy_icons.woff HTTP/1.1" 404 650 "https://mps.apientreprise.fr/assets/application-57f59de0f137e90b6118ed3c77ad0565.css" "Mozilla/5.0 (X11; Linux x86_64) AppleWebKit/537.36 (KHTML, like Gecko) Chrome/38.0.2125.104 Safari/537.36"
77.207.181.207 - - [22/Oct/2014:11:32:46 +0200] "GET /assets/wg_handy_icons.ttf HTTP/1.1" 404 650 "https://mps.apientreprise.fr/assets/application-57f59de0f137e90b6118ed3c77ad0565.css" "Mozilla/5.0 (X11; Linux x86_64) AppleWebKit/537.36 (KHTML, like Gecko) Chrome/38.0.2125.104 Safari/537.36"
77.207.181.207 - - [22/Oct/2014:11:32:46 +0200] "GET /favicon.ico HTTP/1.1" 200 0 "-" "Mozilla/5.0 (X11; Linux x86_64) AppleWebKit/537.36 (KHTML, like Gecko) Chrome/38.0.2125.104 Safari/537.36"
77.207.181.207 - - [22/Oct/2014:11:33:01 +0200] "GET /redirection/vendeur/candidatures/new?place_id=5&user_id=32304&siret=38085208700028&appel_offre_id=urba201454_24960_f8y_E-Bourgogne&callback_url=https%3A%2F%2Fmarches.e-bourgogne.fr%2Findex.php5%3Fpage%3Dentreprise.FormulaireReponseConsultation%26ref%3D24960%26org%3Df8y%26orgAcronyme%3Df8y HTTP/1.1" 500 1792 "-" "Mozilla/5.0 (X11; Linux x86_64) AppleWebKit/537.36 (KHTML, like Gecko) Chrome/38.0.2125.104 Safari/537.36"
77.207.181.207 - - [22/Oct/2014:11:33:01 +0200] "GET /favicon.ico HTTP/1.1" 200 0 "-" "Mozilla/5.0 (X11; Linux x86_64) AppleWebKit/537.36 (KHTML, like Gecko) Chrome/38.0.2125.104 Safari/537.36"
84.14.203.2 - - [22/Oct/2014:11:33:31 +0200] "GET /assets/marianne_small-78924cf2008df797f6858f3ec3696d9a.png HTTP/1.1" 404 208 "http://worldwarweb.r14.railsrumble.com/game" "Mozilla/5.0 (Macintosh; Intel Mac OS X 10_10_0) AppleWebKit/537.36 (KHTML, like Gecko) Chrome/38.0.2125.104 Safari/537.36"
77.207.181.207 - - [22/Oct/2014:11:33:37 +0200] "GET /redirection/vendeur/candidatures/new?place_id=5&user_id=32304&siret=38085208700028&appel_offre_id=urba201454_24960_f8y_E-Bourgogne&callback_url=https%3A%2F%2Fmarches.e-bourgogne.fr%2Findex.php5%3Fpage%3Dentreprise.FormulaireReponseConsultation%26ref%3D24960%26org%3Df8y%26orgAcronyme%3Df8y HTTP/1.1" 500 1792 "-" "Mozilla/5.0 (X11; Linux x86_64) AppleWebKit/537.36 (KHTML, like Gecko) Chrome/38.0.2125.104 Safari/537.36"
77.207.181.207 - - [22/Oct/2014:11:33:38 +0200] "GET /favicon.ico HTTP/1.1" 200 0 "-" "Mozilla/5.0 (X11; Linux x86_64) AppleWebKit/537.36 (KHTML, like Gecko) Chrome/38.0.2125.104 Safari/537.36"
77.207.181.207 - - [22/Oct/2014:11:35:06 +0200] "GET / HTTP/1.1" 404 650 "-" "Mozilla/5.0 (X11; Linux x86_64) AppleWebKit/537.36 (KHTML, like Gecko) Chrome/38.0.2125.104 Safari/537.36"
77.207.181.207 - - [22/Oct/2014:11:35:06 +0200] "GET /favicon.ico HTTP/1.1" 200 0 "-" "Mozilla/5.0 (X11; Linux x86_64) AppleWebKit/537.36 (KHTML, like Gecko) Chrome/38.0.2125.104 Safari/537.36"
77.207.181.207 - - [22/Oct/2014:11:35:11 +0200] "GET /docs HTTP/1.1" 200 1420 "-" "Mozilla/5.0 (X11; Linux x86_64) AppleWebKit/537.36 (KHTML, like Gecko) Chrome/38.0.2125.104 Safari/537.36"
77.207.181.207 - - [22/Oct/2014:11:35:11 +0200] "GET /docs/stylesheets/bundled/bootstrap.min.css HTTP/1.1" 304 0 "https://apientreprise.fr/docs" "Mozilla/5.0 (X11; Linux x86_64) AppleWebKit/537.36 (KHTML, like Gecko) Chrome/38.0.2125.104 Safari/537.36"
77.207.181.207 - - [22/Oct/2014:11:35:11 +0200] "GET /docs/stylesheets/bundled/prettify.css HTTP/1.1" 304 0 "https://apientreprise.fr/docs" "Mozilla/5.0 (X11; Linux x86_64) AppleWebKit/537.36 (KHTML, like Gecko) Chrome/38.0.2125.104 Safari/537.36"
77.207.181.207 - - [22/Oct/2014:11:35:11 +0200] "GET /docs/stylesheets/bundled/bootstrap-responsive.min.css HTTP/1.1" 304 0 "https://apientreprise.fr/docs" "Mozilla/5.0 (X11; Linux x86_64) AppleWebKit/537.36 (KHTML, like Gecko) Chrome/38.0.2125.104 Safari/537.36"
77.207.181.207 - - [22/Oct/2014:11:35:11 +0200] "GET /docs/stylesheets/application.css HTTP/1.1" 304 0 "https://apientreprise.fr/docs" "Mozilla/5.0 (X11; Linux x86_64) AppleWebKit/537.36 (KHTML, like Gecko) Chrome/38.0.2125.104 Safari/537.36"
77.207.181.207 - - [22/Oct/2014:11:35:11 +0200] "GET /docs/javascripts/bundled/jquery-1.7.2.js HTTP/1.1" 304 0 "https://apientreprise.fr/docs" "Mozilla/5.0 (X11; Linux x86_64) AppleWebKit/537.36 (KHTML, like Gecko) Chrome/38.0.2125.104 Safari/537.36"
77.207.181.207 - - [22/Oct/2014:11:35:11 +0200] "GET /docs/javascripts/bundled/bootstrap-collapse.js HTTP/1.1" 304 0 "https://apientreprise.fr/docs" "Mozilla/5.0 (X11; Linux x86_64) AppleWebKit/537.36 (KHTML, like Gecko) Chrome/38.0.2125.104 Safari/537.36"
77.207.181.207 - - [22/Oct/2014:11:35:11 +0200] "GET /docs/javascripts/bundled/prettify.js HTTP/1.1" 304 0 "https://apientreprise.fr/docs" "Mozilla/5.0 (X11; Linux x86_64) AppleWebKit/537.36 (KHTML, like Gecko) Chrome/38.0.2125.104 Safari/537.36"
77.207.181.207 - - [22/Oct/2014:11:35:11 +0200] "GET /docs/javascripts/apipie.js HTTP/1.1" 304 0 "https://apientreprise.fr/docs" "Mozilla/5.0 (X11; Linux x86_64) AppleWebKit/537.36 (KHTML, like Gecko) Chrome/38.0.2125.104 Safari/537.36"
77.207.181.207 - - [22/Oct/2014:11:35:19 +0200] "GET /redirection/vendeur/candidatures/3909 HTTP/1.1" 404 650 "-" "Mozilla/5.0 (X11; Linux x86_64) AppleWebKit/537.36 (KHTML, like Gecko) Chrome/38.0.2125.104 Safari/537.36"
77.207.181.207 - - [22/Oct/2014:11:35:19 +0200] "GET /favicon.ico HTTP/1.1" 200 0 "-" "Mozilla/5.0 (X11; Linux x86_64) AppleWebKit/537.36 (KHTML, like Gecko) Chrome/38.0.2125.104 Safari/537.36"
80.14.193.112 - - [22/Oct/2014:11:35:52 +0200] "GET /redirection/vendeur/candidatures/new?place_id=7&user_id=&siret=&appel_offre_id=1400586_127603_t5y_MAXIMILIEN&callback_url=https%3A%2F%2Fmarches.maximilien.fr%2Findex.php%3Fpage%3Dentreprise.FormulaireReponseConsultation%26ref%3D127603%26org%3Dt5y%26orgAcronyme%3Dt5y HTTP/1.1" 404 208 "-" "Mozilla/5.0 (Windows NT 6.3; WOW64) AppleWebKit/537.36 (KHTML, like Gecko) Chrome/37.0.2062.124 Safari/537.36"
80.14.193.112 - - [22/Oct/2014:11:35:52 +0200] "GET /favicon.ico HTTP/1.1" 404 208 "-" "Mozilla/5.0 (Windows NT 6.3; WOW64) AppleWebKit/537.36 (KHTML, like Gecko) Chrome/37.0.2062.124 Safari/537.36"
84.14.203.2 - - [22/Oct/2014:11:36:42 +0200] "GET /assets/marianne_small-78924cf2008df797f6858f3ec3696d9a.png HTTP/1.1" 404 208 "http://worldwarweb.r14.railsrumble.com/game" "Mozilla/5.0 (Macintosh; Intel Mac OS X 10_10_0) AppleWebKit/537.36 (KHTML, like Gecko) Chrome/38.0.2125.104 Safari/537.36"
62.210.186.250 - - [22/Oct/2014:11:39:26 +0200] "GET /redirection/vendeur/candidatures/new?place_id=10&user_id=&siret=&appel_offre_id=TEST_MPS_55333_a1j_MEGALIS&callback_url=https%3A%2F%2Fmarches.e-megalisbretagne.org%2Findex.php5%3Fpage%3Dentreprise.FormulaireReponseConsultation%26ref%3D55333%26org%3Da1j%26orgAcronyme%3Da1j HTTP/1.1" 404 177 "-" "Jakarta Commons-HttpClient/3.0-rc4"
84.14.203.2 - - [22/Oct/2014:11:39:34 +0200] "GET /assets/marianne_small-78924cf2008df797f6858f3ec3696d9a.png HTTP/1.1" 404 208 "http://worldwarweb.r14.railsrumble.com/game" "Mozilla/5.0 (Macintosh; Intel Mac OS X 10_10_0) AppleWebKit/537.36 (KHTML, like Gecko) Chrome/38.0.2125.104 Safari/537.36"
77.207.181.207 - - [22/Oct/2014:11:40:03 +0200] "GET /redirection/vendeur/candidatures/3909 HTTP/1.1" 404 650 "-" "Mozilla/5.0 (X11; Linux x86_64) AppleWebKit/537.36 (KHTML, like Gecko) Chrome/38.0.2125.104 Safari/537.36"
77.207.181.207 - - [22/Oct/2014:11:40:04 +0200] "GET /favicon.ico HTTP/1.1" 200 0 "-" "Mozilla/5.0 (X11; Linux x86_64) AppleWebKit/537.36 (KHTML, like Gecko) Chrome/38.0.2125.104 Safari/537.36"
160.92.7.69 - - [22/Oct/2014:11:40:24 +0200] "GET /appels_offres_searches?appel_offre_search%5Bq%5D= HTTP/1.1" 200 6593 "https://mps.apientreprise.fr/appels_offres_searches?appel_offre_search%5Bq%5D=" "Mozilla/5.0 (Windows NT 6.1; WOW64; rv:32.0) Gecko/20100101 Firefox/32.0"
160.92.7.69 - - [22/Oct/2014:11:40:51 +0200] "GET /appels_offres_searches?appel_offre_search%5Bq%5D=&page=2 HTTP/1.1" 200 6530 "https://mps.apientreprise.fr/appels_offres_searches?appel_offre_search%5Bq%5D=&page=2" "Mozilla/5.0 (Windows NT 6.1; WOW64; rv:32.0) Gecko/20100101 Firefox/32.0"
77.207.181.207 - - [22/Oct/2014:11:40:51 +0200] "GET /redirection/vendeur/candidatures/3909 HTTP/1.1" 404 650 "-" "Mozilla/5.0 (X11; Linux x86_64) AppleWebKit/537.36 (KHTML, like Gecko) Chrome/38.0.2125.104 Safari/537.36"
77.207.181.207 - - [22/Oct/2014:11:40:51 +0200] "GET /favicon.ico HTTP/1.1" 200 0 "-" "Mozilla/5.0 (X11; Linux x86_64) AppleWebKit/537.36 (KHTML, like Gecko) Chrome/38.0.2125.104 Safari/537.36"
95.141.32.46 - - [22/Oct/2014:11:41:17 +0200] "GET / HTTP/1.1" 301 193 "-" "Pingdom.com_bot_version_1.4_(http://www.pingdom.com/)"
95.141.32.46 - - [22/Oct/2014:11:41:18 +0200] "GET / HTTP/1.1" 200 1477 "-" "Pingdom.com_bot_version_1.4_(http://www.pingdom.com/)"
160.92.7.69 - - [22/Oct/2014:11:41:58 +0200] "GET /redirection/vendeur/candidatures/new?place_id=5&user_id=32304&siret=38085208700028&appel_offre_id=urba201454_24960_f8y_E-Bourgogne&callback_url=https%3A%2F%2Fmarches.e-bourgogne.fr%2Findex.php5%3Fpage%3Dentreprise.FormulaireReponseConsultation%26ref%3D24960%26org%3Df8y%26orgAcronyme%3Df8y HTTP/1.1" 500 1792 "-" "Mozilla/5.0 (Windows NT 6.1; WOW64; rv:33.0) Gecko/20100101 Firefox/33.0"
77.207.181.207 - - [22/Oct/2014:11:42:07 +0200] "GET /redirection/vendeur/candidatures/new?place_id=5&user_id=32304&siret=38085208700028&appel_offre_id=urba201454_24960_f8y_E-Bourgogne&callback_url=https%3A%2F%2Fmarches.e-bourgogne.fr%2Findex.php5%3Fpage%3Dentreprise.FormulaireReponseConsultation%26ref%3D24960%26org%3Df8y%26orgAcronyme%3Df8y HTTP/1.1" 500 1792 "-" "Mozilla/5.0 (X11; Linux x86_64) AppleWebKit/537.36 (KHTML, like Gecko) Chrome/38.0.2125.104 Safari/537.36"
77.207.181.207 - - [22/Oct/2014:11:42:29 +0200] "GET /redirection/vendeur/candidatures/3909 HTTP/1.1" 404 650 "-" "Mozilla/5.0 (X11; Linux x86_64) AppleWebKit/537.36 (KHTML, like Gecko) Chrome/38.0.2125.104 Safari/537.36"
84.14.203.2 - - [22/Oct/2014:11:42:35 +0200] "GET /assets/marianne_small-78924cf2008df797f6858f3ec3696d9a.png HTTP/1.1" 301 193 "http://worldwarweb.r14.railsrumble.com/game" "Mozilla/5.0 (Macintosh; Intel Mac OS X 10_10_0) AppleWebKit/537.36 (KHTML, like Gecko) Chrome/38.0.2125.104 Safari/537.36"
84.14.203.2 - - [22/Oct/2014:11:42:35 +0200] "GET /assets/marianne_small-78924cf2008df797f6858f3ec3696d9a.png HTTP/1.1" 404 650 "http://worldwarweb.r14.railsrumble.com/game" "Mozilla/5.0 (Macintosh; Intel Mac OS X 10_10_0) AppleWebKit/537.36 (KHTML, like Gecko) Chrome/38.0.2125.104 Safari/537.36"
46.218.85.146 - - [22/Oct/2014:11:43:46 +0200] "GET /redirection/vendeur/candidatures/new?place_id=5&user_id=32304&siret=38085208700028&appel_offre_id=12M2512_12056_e0s_E-Bourgogne&callback_url=https%3A%2F%2Fmarches.e-bourgogne.fr%2Findex.php5%3Fpage%3Dentreprise.FormulaireReponseConsultation%26ref%3D12056%26org%3De0s%26orgAcronyme%3De0s HTTP/1.1" 301 193 "-" "Mozilla/5.0 (Windows NT 6.1; WOW64; rv:33.0) Gecko/20100101 Firefox/33.0"
46.218.85.146 - - [22/Oct/2014:11:43:46 +0200] "GET /redirection/vendeur/candidatures/new?place_id=5&user_id=32304&siret=38085208700028&appel_offre_id=12M2512_12056_e0s_E-Bourgogne&callback_url=https%3A%2F%2Fmarches.e-bourgogne.fr%2Findex.php5%3Fpage%3Dentreprise.FormulaireReponseConsultation%26ref%3D12056%26org%3De0s%26orgAcronyme%3De0s HTTP/1.1" 200 843 "-" "Mozilla/5.0 (Windows NT 6.1; WOW64; rv:33.0) Gecko/20100101 Firefox/33.0"
77.207.181.207 - - [22/Oct/2014:11:44:16 +0200] "GET /favicon.ico HTTP/1.1" 301 193 "-" "Mozilla/5.0 (X11; Linux x86_64) AppleWebKit/537.36 (KHTML, like Gecko) Chrome/38.0.2125.104 Safari/537.36"
77.207.181.207 - - [22/Oct/2014:11:44:16 +0200] "GET /favicon.ico HTTP/1.1" 404 208 "-" "Mozilla/5.0 (X11; Linux x86_64) AppleWebKit/537.36 (KHTML, like Gecko) Chrome/38.0.2125.104 Safari/537.36"
77.207.181.207 - - [22/Oct/2014:11:44:19 +0200] "GET / HTTP/1.1" 301 193 "-" "Mozilla/5.0 (X11; Linux x86_64) AppleWebKit/537.36 (KHTML, like Gecko) Chrome/38.0.2125.104 Safari/537.36"
77.207.181.207 - - [22/Oct/2014:11:44:19 +0200] "GET / HTTP/1.1" 200 542 "-" "Mozilla/5.0 (X11; Linux x86_64) AppleWebKit/537.36 (KHTML, like Gecko) Chrome/38.0.2125.104 Safari/537.36"
77.207.181.207 - - [22/Oct/2014:11:44:20 +0200] "GET /bootstrap.min.css HTTP/1.1" 200 106006 "https://test.apientreprise.fr/" "Mozilla/5.0 (X11; Linux x86_64) AppleWebKit/537.36 (KHTML, like Gecko) Chrome/38.0.2125.104 Safari/537.36"
77.207.181.207 - - [22/Oct/2014:11:44:20 +0200] "GET /favicon.ico HTTP/1.1" 404 208 "-" "Mozilla/5.0 (X11; Linux x86_64) AppleWebKit/537.36 (KHTML, like Gecko) Chrome/38.0.2125.104 Safari/537.36"
46.218.85.146 - - [22/Oct/2014:11:44:24 +0200] "GET /redirection/vendeur/candidatures/new?place_id=7&user_id=1&siret=44491456800019&appel_offre_id=14S0153_126059_g3h_MAXIMILIEN&callback_url=https%3A%2F%2Fmarches.maximilien.fr%2Findex.php%3Fpage%3Dentreprise.FormulaireReponseConsultation%26ref%3D126059%26org%3Dg3h%26orgAcronyme%3Dg3h HTTP/1.1" 301 193 "-" "Mozilla/5.0 (Windows NT 6.1; WOW64; rv:33.0) Gecko/20100101 Firefox/33.0"
46.218.85.146 - - [22/Oct/2014:11:44:24 +0200] "GET /redirection/vendeur/candidatures/new?place_id=7&user_id=1&siret=44491456800019&appel_offre_id=14S0153_126059_g3h_MAXIMILIEN&callback_url=https%3A%2F%2Fmarches.maximilien.fr%2Findex.php%3Fpage%3Dentreprise.FormulaireReponseConsultation%26ref%3D126059%26org%3Dg3h%26orgAcronyme%3Dg3h HTTP/1.1" 500 1792 "-" "Mozilla/5.0 (Windows NT 6.1; WOW64; rv:33.0) Gecko/20100101 Firefox/33.0"
77.207.181.207 - - [22/Oct/2014:11:44:27 +0200] "GET /embed_vendeur/start.html HTTP/1.1" 200 880 "https://test.apientreprise.fr/" "Mozilla/5.0 (X11; Linux x86_64) AppleWebKit/537.36 (KHTML, like Gecko) Chrome/38.0.2125.104 Safari/537.36"
77.207.181.207 - - [22/Oct/2014:11:44:28 +0200] "GET /redirection/vendeur/candidatures/new?place_id=1&user_id=user257&appel_offre_id=marche-public_acheteur-257&callback_url=http%3A%2F%2Fmps.skelz0r.fr%2Fembed_vendeur%2Ffinish.html HTTP/1.1" 301 193 "-" "Mozilla/5.0 (X11; Linux x86_64) AppleWebKit/537.36 (KHTML, like Gecko) Chrome/38.0.2125.104 Safari/537.36"
77.207.181.207 - - [22/Oct/2014:11:44:29 +0200] "GET /redirection/vendeur/candidatures/new?place_id=1&user_id=user257&appel_offre_id=marche-public_acheteur-257&callback_url=http%3A%2F%2Fmps.skelz0r.fr%2Fembed_vendeur%2Ffinish.html HTTP/1.1" 302 152 "-" "Mozilla/5.0 (X11; Linux x86_64) AppleWebKit/537.36 (KHTML, like Gecko) Chrome/38.0.2125.104 Safari/537.36"
77.207.181.207 - - [22/Oct/2014:11:44:29 +0200] "GET /redirection/vendeur/candidatures/3346/edit HTTP/1.1" 200 1583 "-" "Mozilla/5.0 (X11; Linux x86_64) AppleWebKit/537.36 (KHTML, like Gecko) Chrome/38.0.2125.104 Safari/537.36"
77.207.181.207 - - [22/Oct/2014:11:44:29 +0200] "GET /assets/chartkick-951b9a454abdbfd520ce56aa3c8c91f6.js HTTP/1.1" 200 22858 "https://mps-dev.apientreprise.fr/redirection/vendeur/candidatures/3346/edit" "Mozilla/5.0 (X11; Linux x86_64) AppleWebKit/537.36 (KHTML, like Gecko) Chrome/38.0.2125.104 Safari/537.36"
77.207.181.207 - - [22/Oct/2014:11:44:29 +0200] "GET /assets/application-1b1beff9f265645671f4fb6456058394.css HTTP/1.1" 200 128474 "https://mps-dev.apientreprise.fr/redirection/vendeur/candidatures/3346/edit" "Mozilla/5.0 (X11; Linux x86_64) AppleWebKit/537.36 (KHTML, like Gecko) Chrome/38.0.2125.104 Safari/537.36"
77.207.181.207 - - [22/Oct/2014:11:44:29 +0200] "GET /assets/marianne_small-057d409b6c26727386074b37c2b3e4d5.png HTTP/1.1" 200 13700 "https://mps-dev.apientreprise.fr/redirection/vendeur/candidatures/3346/edit" "Mozilla/5.0 (X11; Linux x86_64) AppleWebKit/537.36 (KHTML, like Gecko) Chrome/38.0.2125.104 Safari/537.36"
77.207.181.207 - - [22/Oct/2014:11:44:29 +0200] "GET /assets/application-2f2e8af111ff00e9f8b71a2eb95e7059.js HTTP/1.1" 200 471915 "https://mps-dev.apientreprise.fr/redirection/vendeur/candidatures/3346/edit" "Mozilla/5.0 (X11; Linux x86_64) AppleWebKit/537.36 (KHTML, like Gecko) Chrome/38.0.2125.104 Safari/537.36"
77.207.181.207 - - [22/Oct/2014:11:44:29 +0200] "GET /favicon.ico HTTP/1.1" 200 0 "-" "Mozilla/5.0 (X11; Linux x86_64) AppleWebKit/537.36 (KHTML, like Gecko) Chrome/38.0.2125.104 Safari/537.36"
77.207.181.207 - - [22/Oct/2014:11:45:19 +0200] "GET /redirection/vendeur/candidatures/3909 HTTP/1.1" 404 650 "-" "Mozilla/5.0 (X11; Linux x86_64) AppleWebKit/537.36 (KHTML, like Gecko) Chrome/38.0.2125.104 Safari/537.36"
77.207.181.207 - - [22/Oct/2014:11:45:26 +0200] "GET /redirection/vendeur/candidatures/new?place_id=5&user_id=32304&siret=38085208700028&appel_offre_id=urba201454_24960_f8y_E-Bourgogne&callback_url=https%3A%2F%2Fmarches.e-bourgogne.fr%2Findex.php5%3Fpage%3Dentreprise.FormulaireReponseConsultation%26ref%3D24960%26org%3Df8y%26orgAcronyme%3Df8y HTTP/1.1" 500 1792 "-" "Mozilla/5.0 (X11; Linux x86_64) AppleWebKit/537.36 (KHTML, like Gecko) Chrome/38.0.2125.104 Safari/537.36"
212.234.218.49 - - [22/Oct/2014:11:45:29 +0200] "GET / HTTP/1.1" 301 193 "http://www.sae.monportail.finances.ader.gouv.fr/gcp/pages/site/sae-intranet/Accueil35703/Communaute/9tb9_reg_Reseau_regional/9tb9_reg_MRA72396/9tb9_reg_Pays_de_la_Loire" "Mozilla/5.0 (compatible; MSIE 9.0; Windows NT 6.1; Trident/5.0)"
212.234.218.49 - - [22/Oct/2014:11:45:35 +0200] "GET / HTTP/1.1" 200 1479 "-" "Mozilla/5.0 (compatible; MSIE 9.0; Windows NT 6.1; Trident/5.0)"
212.234.218.49 - - [22/Oct/2014:11:45:35 +0200] "GET /assets/chartkick-7e2a56bd525d24598513aa91a3798194.js HTTP/1.1" 200 22858 "https://mps.apientreprise.fr/" "Mozilla/5.0 (compatible; MSIE 9.0; Windows NT 6.1; Trident/5.0)"
212.234.218.49 - - [22/Oct/2014:11:45:35 +0200] "GET /assets/marianne_small-793022a34c692fa376cbb27597150abf.png HTTP/1.1" 200 13700 "https://mps.apientreprise.fr/" "Mozilla/5.0 (compatible; MSIE 9.0; Windows NT 6.1; Trident/5.0)"
212.234.218.49 - - [22/Oct/2014:11:45:35 +0200] "GET /assets/application-57f59de0f137e90b6118ed3c77ad0565.css HTTP/1.1" 200 128474 "https://mps.apientreprise.fr/" "Mozilla/5.0 (compatible; MSIE 9.0; Windows NT 6.1; Trident/5.0)"
212.234.218.49 - - [22/Oct/2014:11:45:35 +0200] "GET /assets/application-1f2d113caed273b15394041f63f3492b.js HTTP/1.1" 200 471915 "https://mps.apientreprise.fr/" "Mozilla/5.0 (compatible; MSIE 9.0; Windows NT 6.1; Trident/5.0)"
212.234.218.49 - - [22/Oct/2014:11:45:35 +0200] "GET /assets/welcome/header_background-22f3636112f75e9de0898edb74f1590d.jpg HTTP/1.1" 200 298861 "https://mps.apientreprise.fr/" "Mozilla/5.0 (compatible; MSIE 9.0; Windows NT 6.1; Trident/5.0)"
212.234.218.49 - - [22/Oct/2014:11:45:40 +0200] "GET /assets/wg_handy_icons.eot? HTTP/1.1" 404 650 "https://mps.apientreprise.fr/" "Mozilla/5.0 (compatible; MSIE 9.0; Windows NT 6.1; Trident/5.0)"
212.234.218.49 - - [22/Oct/2014:11:45:40 +0200] "GET /assets/wg_handy_icons.woff HTTP/1.1" 404 650 "https://mps.apientreprise.fr/" "Mozilla/5.0 (compatible; MSIE 9.0; Windows NT 6.1; Trident/5.0)"
212.234.218.49 - - [22/Oct/2014:11:45:40 +0200] "GET /assets/wg_handy_icons.ttf HTTP/1.1" 404 650 "https://mps.apientreprise.fr/" "Mozilla/5.0 (compatible; MSIE 9.0; Windows NT 6.1; Trident/5.0)"
84.14.203.2 - - [22/Oct/2014:11:45:43 +0200] "GET /assets/marianne_small-78924cf2008df797f6858f3ec3696d9a.png HTTP/1.1" 404 650 "http://worldwarweb.r14.railsrumble.com/game" "Mozilla/5.0 (Macintosh; Intel Mac OS X 10_10_0) AppleWebKit/537.36 (KHTML, like Gecko) Chrome/38.0.2125.104 Safari/537.36"
212.234.218.49 - - [22/Oct/2014:11:45:47 +0200] "GET /appels_offres_searches?appel_offre_search%5Bq%5D= HTTP/1.1" 200 6591 "https://mps.apientreprise.fr/" "Mozilla/5.0 (compatible; MSIE 9.0; Windows NT 6.1; Trident/5.0)"
212.234.218.49 - - [22/Oct/2014:11:46:01 +0200] "GET /assets/wg_handy_icons.eot? HTTP/1.1" 404 650 "https://mps.apientreprise.fr/" "Mozilla/5.0 (compatible; MSIE 9.0; Windows NT 6.1; Trident/5.0)"
212.234.218.49 - - [22/Oct/2014:11:46:01 +0200] "GET /assets/wg_handy_icons.woff HTTP/1.1" 404 650 "https://mps.apientreprise.fr/" "Mozilla/5.0 (compatible; MSIE 9.0; Windows NT 6.1; Trident/5.0)"
212.234.218.49 - - [22/Oct/2014:11:46:01 +0200] "GET /assets/wg_handy_icons.ttf HTTP/1.1" 404 650 "https://mps.apientreprise.fr/" "Mozilla/5.0 (compatible; MSIE 9.0; Windows NT 6.1; Trident/5.0)"
77.207.181.207 - - [22/Oct/2014:11:46:28 +0200] "GET /redirection/vendeur/candidatures/new?place_id=5&user_id=32304&siret=38085208700028&appel_offre_id=urba201454_24960_f8y_E-Bourgogne&callback_url=https%3A%2F%2Fmarches.e-bourgogne.fr%2Findex.php5%3Fpage%3Dentreprise.FormulaireReponseConsultation%26ref%3D24960%26org%3Df8y%26orgAcronyme%3Df8y HTTP/1.1" 500 1792 "-" "Mozilla/5.0 (X11; Linux x86_64) AppleWebKit/537.36 (KHTML, like Gecko) Chrome/38.0.2125.104 Safari/537.36"
5.196.149.251 - - [22/Oct/2014:11:46:55 +0200] "GET /api/v1/etablissements/38085208700028?token=60cccf8aac99a0c948645cc7c51d4368425d607d HTTP/1.1" 200 293 "-" "Ruby"
5.196.149.251 - - [22/Oct/2014:11:46:57 +0200] "GET /api/v1/entreprises/380852087?token=60cccf8aac99a0c948645cc7c51d4368425d607d HTTP/1.1" 200 841 "-" "Ruby"
5.196.149.251 - - [22/Oct/2014:11:46:58 +0200] "GET /api/v1/etablissements/38085208700036?token=60cccf8aac99a0c948645cc7c51d4368425d607d HTTP/1.1" 200 312 "-" "Ruby"
5.196.149.251 - - [22/Oct/2014:11:46:58 +0200] "GET /api/v1/etablissements/38085208700028?token=60cccf8aac99a0c948645cc7c51d4368425d607d HTTP/1.1" 200 293 "-" "Ruby"
5.196.149.251 - - [22/Oct/2014:11:46:58 +0200] "GET /api/v1/etablissements/exercices/38085208700028?email=mps%40gip.e-bourgogne.fr&password=EP5vAiCBWLGuJVlVGTcnuA0rLBJj&token=60cccf8aac99a0c948645cc7c51d4368425d607d&user_id=mps%40gip.e-bourgogne.fr.123 HTTP/1.1" 422 39 "-" "Ruby"
77.207.181.207 - - [22/Oct/2014:11:46:59 +0200] "GET /redirection/vendeur/candidatures/new?place_id=5&user_id=32304&siret=38085208700028&appel_offre_id=urba201454_24960_f8y_E-Bourgogne&callback_url=https%3A%2F%2Fmarches.e-bourgogne.fr%2Findex.php5%3Fpage%3Dentreprise.FormulaireReponseConsultation%26ref%3D24960%26org%3Df8y%26orgAcronyme%3Df8y HTTP/1.1" 302 148 "-" "Mozilla/5.0 (X11; Linux x86_64) AppleWebKit/537.36 (KHTML, like Gecko) Chrome/38.0.2125.104 Safari/537.36"
77.207.181.207 - - [22/Oct/2014:11:46:59 +0200] "GET /redirection/vendeur/candidatures/3931/edit HTTP/1.1" 200 5792 "-" "Mozilla/5.0 (X11; Linux x86_64) AppleWebKit/537.36 (KHTML, like Gecko) Chrome/38.0.2125.104 Safari/537.36"
77.207.181.207 - - [22/Oct/2014:11:46:59 +0200] "GET /assets/trash-icon32px-1e202e6210ba27d6e5a51ceec4ee103d.png HTTP/1.1" 200 2530 "https://www.apientreprise.fr/redirection/vendeur/candidatures/3931/edit" "Mozilla/5.0 (X11; Linux x86_64) AppleWebKit/537.36 (KHTML, like Gecko) Chrome/38.0.2125.104 Safari/537.36"
77.207.181.207 - - [22/Oct/2014:11:46:59 +0200] "GET /assets/glyphicons-halflings.png HTTP/1.1" 404 650 "https://www.apientreprise.fr/assets/application-57f59de0f137e90b6118ed3c77ad0565.css" "Mozilla/5.0 (X11; Linux x86_64) AppleWebKit/537.36 (KHTML, like Gecko) Chrome/38.0.2125.104 Safari/537.36"
77.207.181.207 - - [22/Oct/2014:11:47:47 +0200] "GET / HTTP/1.1" 200 1474 "-" "Mozilla/5.0 (X11; Linux x86_64) AppleWebKit/537.36 (KHTML, like Gecko) Chrome/38.0.2125.104 Safari/537.36"
77.207.181.207 - - [22/Oct/2014:11:47:47 +0200] "GET /assets/chartkick-7e2a56bd525d24598513aa91a3798194.js HTTP/1.1" 200 22858 "https://mps.apientreprise.fr/" "Mozilla/5.0 (X11; Linux x86_64) AppleWebKit/537.36 (KHTML, like Gecko) Chrome/38.0.2125.104 Safari/537.36"
77.207.181.207 - - [22/Oct/2014:11:47:47 +0200] "GET /assets/marianne_small-793022a34c692fa376cbb27597150abf.png HTTP/1.1" 200 13700 "https://mps.apientreprise.fr/" "Mozilla/5.0 (X11; Linux x86_64) AppleWebKit/537.36 (KHTML, like Gecko) Chrome/38.0.2125.104 Safari/537.36"
77.207.181.207 - - [22/Oct/2014:11:47:47 +0200] "GET /assets/application-57f59de0f137e90b6118ed3c77ad0565.css HTTP/1.1" 200 128474 "https://mps.apientreprise.fr/" "Mozilla/5.0 (X11; Linux x86_64) AppleWebKit/537.36 (KHTML, like Gecko) Chrome/38.0.2125.104 Safari/537.36"
77.207.181.207 - - [22/Oct/2014:11:47:47 +0200] "GET /assets/welcome/header_background-22f3636112f75e9de0898edb74f1590d.jpg HTTP/1.1" 200 298861 "https://mps.apientreprise.fr/" "Mozilla/5.0 (X11; Linux x86_64) AppleWebKit/537.36 (KHTML, like Gecko) Chrome/38.0.2125.104 Safari/537.36"
77.207.181.207 - - [22/Oct/2014:11:47:47 +0200] "GET /assets/application-1f2d113caed273b15394041f63f3492b.js HTTP/1.1" 200 471915 "https://mps.apientreprise.fr/" "Mozilla/5.0 (X11; Linux x86_64) AppleWebKit/537.36 (KHTML, like Gecko) Chrome/38.0.2125.104 Safari/537.36"
77.207.181.207 - - [22/Oct/2014:11:47:47 +0200] "GET /assets/wg_handy_icons.woff HTTP/1.1" 404 650 "https://mps.apientreprise.fr/assets/application-57f59de0f137e90b6118ed3c77ad0565.css" "Mozilla/5.0 (X11; Linux x86_64) AppleWebKit/537.36 (KHTML, like Gecko) Chrome/38.0.2125.104 Safari/537.36"
77.207.181.207 - - [22/Oct/2014:11:47:47 +0200] "GET /assets/wg_handy_icons.ttf HTTP/1.1" 404 650 "https://mps.apientreprise.fr/assets/application-57f59de0f137e90b6118ed3c77ad0565.css" "Mozilla/5.0 (X11; Linux x86_64) AppleWebKit/537.36 (KHTML, like Gecko) Chrome/38.0.2125.104 Safari/537.36"
77.207.181.207 - - [22/Oct/2014:11:48:29 +0200] "GET / HTTP/1.1" 200 1474 "-" "Mozilla/5.0 (X11; Linux x86_64) AppleWebKit/537.36 (KHTML, like Gecko) Chrome/38.0.2125.104 Safari/537.36"
84.14.203.2 - - [22/Oct/2014:11:48:36 +0200] "GET /assets/marianne_small-78924cf2008df797f6858f3ec3696d9a.png HTTP/1.1" 404 650 "http://worldwarweb.r14.railsrumble.com/game" "Mozilla/5.0 (Macintosh; Intel Mac OS X 10_10_0) AppleWebKit/537.36 (KHTML, like Gecko) Chrome/38.0.2125.104 Safari/537.36"
77.207.181.207 - - [22/Oct/2014:11:49:01 +0200] "GET / HTTP/1.1" 200 1474 "-" "Mozilla/5.0 (X11; Linux x86_64) AppleWebKit/537.36 (KHTML, like Gecko) Chrome/38.0.2125.104 Safari/537.36"
145.242.20.210 - - [22/Oct/2014:11:50:10 +0200] "GET / HTTP/1.1" 301 193 "-" "Mozilla/4.0 (compatible; MSIE 8.0; Windows NT 6.1; Trident/4.0; SLCC2; .NET CLR 2.0.50727; .NET CLR 3.5.30729; .NET CLR 3.0.30729; .NET4.0C)"
145.242.20.210 - - [22/Oct/2014:11:50:11 +0200] "GET / HTTP/1.1" 200 1480 "-" "Mozilla/4.0 (compatible; MSIE 8.0; Windows NT 6.1; Trident/4.0; SLCC2; .NET CLR 2.0.50727; .NET CLR 3.5.30729; .NET CLR 3.0.30729; .NET4.0C)"
145.242.20.210 - - [22/Oct/2014:11:50:11 +0200] "GET /assets/application-1f2d113caed273b15394041f63f3492b.js HTTP/1.1" 200 471915 "https://mps.apientreprise.fr/" "Mozilla/4.0 (compatible; MSIE 8.0; Windows NT 6.1; Trident/4.0; SLCC2; .NET CLR 2.0.50727; .NET CLR 3.5.30729; .NET CLR 3.0.30729; .NET4.0C)"
145.242.20.210 - - [22/Oct/2014:11:50:11 +0200] "GET /assets/chartkick-7e2a56bd525d24598513aa91a3798194.js HTTP/1.1" 200 22858 "https://mps.apientreprise.fr/" "Mozilla/4.0 (compatible; MSIE 8.0; Windows NT 6.1; Trident/4.0; SLCC2; .NET CLR 2.0.50727; .NET CLR 3.5.30729; .NET CLR 3.0.30729; .NET4.0C)"
145.242.20.210 - - [22/Oct/2014:11:50:12 +0200] "GET /assets/application-57f59de0f137e90b6118ed3c77ad0565.css HTTP/1.1" 200 128474 "https://mps.apientreprise.fr/" "Mozilla/4.0 (compatible; MSIE 8.0; Windows NT 6.1; Trident/4.0; SLCC2; .NET CLR 2.0.50727; .NET CLR 3.5.30729; .NET CLR 3.0.30729; .NET4.0C)"
145.242.20.210 - - [22/Oct/2014:11:50:12 +0200] "GET /assets/wg_handy_icons.eot? HTTP/1.1" 404 650 "https://mps.apientreprise.fr/" "Mozilla/4.0 (compatible; MSIE 8.0; Windows NT 6.1; Trident/4.0; SLCC2; .NET CLR 2.0.50727; .NET CLR 3.5.30729; .NET CLR 3.0.30729; .NET4.0C)"
145.242.20.210 - - [22/Oct/2014:11:50:12 +0200] "GET /assets/marianne_small-793022a34c692fa376cbb27597150abf.png HTTP/1.1" 200 13700 "https://mps.apientreprise.fr/" "Mozilla/4.0 (compatible; MSIE 8.0; Windows NT 6.1; Trident/4.0; SLCC2; .NET CLR 2.0.50727; .NET CLR 3.5.30729; .NET CLR 3.0.30729; .NET4.0C)"
145.242.20.210 - - [22/Oct/2014:11:50:12 +0200] "GET /assets/welcome/header_background-22f3636112f75e9de0898edb74f1590d.jpg HTTP/1.1" 200 298861 "https://mps.apientreprise.fr/" "Mozilla/4.0 (compatible; MSIE 8.0; Windows NT 6.1; Trident/4.0; SLCC2; .NET CLR 2.0.50727; .NET CLR 3.5.30729; .NET CLR 3.0.30729; .NET4.0C)"
145.242.20.210 - - [22/Oct/2014:11:50:13 +0200] "GET /favicon.ico HTTP/1.1" 200 0 "-" "Mozilla/4.0 (compatible; MSIE 8.0; Windows NT 6.1; Trident/4.0; SLCC2; .NET CLR 2.0.50727; .NET CLR 3.5.30729; .NET CLR 3.0.30729; .NET4.0C)"
145.242.20.210 - - [22/Oct/2014:11:50:22 +0200] "GET /appels_offres_searches?appel_offre_search%5Bq%5D= HTTP/1.1" 200 6593 "https://mps.apientreprise.fr/" "Mozilla/4.0 (compatible; MSIE 8.0; Windows NT 6.1; Trident/4.0; SLCC2; .NET CLR 2.0.50727; .NET CLR 3.5.30729; .NET CLR 3.0.30729; .NET4.0C)"
145.242.20.210 - - [22/Oct/2014:11:50:22 +0200] "GET /assets/wg_handy_icons.eot? HTTP/1.1" 404 650 "https://mps.apientreprise.fr/appels_offres_searches?appel_offre_search%5Bq%5D=" "Mozilla/4.0 (compatible; MSIE 8.0; Windows NT 6.1; Trident/4.0; SLCC2; .NET CLR 2.0.50727; .NET CLR 3.5.30729; .NET CLR 3.0.30729; .NET4.0C)"
145.242.20.210 - - [22/Oct/2014:11:50:22 +0200] "GET /favicon.ico HTTP/1.1" 200 0 "-" "Mozilla/4.0 (compatible; MSIE 8.0; Windows NT 6.1; Trident/4.0; SLCC2; .NET CLR 2.0.50727; .NET CLR 3.5.30729; .NET CLR 3.0.30729; .NET4.0C)"
77.207.181.207 - - [22/Oct/2014:11:51:30 +0200] "GET / HTTP/1.1" 301 193 "-" "Mozilla/5.0 (X11; Linux x86_64) AppleWebKit/537.36 (KHTML, like Gecko) Chrome/38.0.2125.104 Safari/537.36"
77.207.181.207 - - [22/Oct/2014:11:51:30 +0200] "GET / HTTP/1.1" 200 1474 "-" "Mozilla/5.0 (X11; Linux x86_64) AppleWebKit/537.36 (KHTML, like Gecko) Chrome/38.0.2125.104 Safari/537.36"
77.207.181.207 - - [22/Oct/2014:11:51:30 +0200] "GET /assets/welcome/header_background-d92638dde7a56755c09759f848042509.jpg HTTP/1.1" 200 298861 "https://mps-dev.apientreprise.fr/" "Mozilla/5.0 (X11; Linux x86_64) AppleWebKit/537.36 (KHTML, like Gecko) Chrome/38.0.2125.104 Safari/537.36"
77.207.181.207 - - [22/Oct/2014:11:51:30 +0200] "GET /assets/wg_handy_icons.woff HTTP/1.1" 404 650 "https://mps-dev.apientreprise.fr/assets/application-1b1beff9f265645671f4fb6456058394.css" "Mozilla/5.0 (X11; Linux x86_64) AppleWebKit/537.36 (KHTML, like Gecko) Chrome/38.0.2125.104 Safari/537.36"
77.207.181.207 - - [22/Oct/2014:11:51:30 +0200] "GET /assets/wg_handy_icons.ttf HTTP/1.1" 404 650 "https://mps-dev.apientreprise.fr/assets/application-1b1beff9f265645671f4fb6456058394.css" "Mozilla/5.0 (X11; Linux x86_64) AppleWebKit/537.36 (KHTML, like Gecko) Chrome/38.0.2125.104 Safari/537.36"
77.207.181.207 - - [22/Oct/2014:11:51:34 +0200] "GET /backoffice/candidatures HTTP/1.1" 301 193 "-" "Mozilla/5.0 (X11; Linux x86_64) AppleWebKit/537.36 (KHTML, like Gecko) Chrome/38.0.2125.104 Safari/537.36"
77.207.181.207 - - [22/Oct/2014:11:51:34 +0200] "GET /backoffice/candidatures HTTP/1.1" 401 38 "-" "Mozilla/5.0 (X11; Linux x86_64) AppleWebKit/537.36 (KHTML, like Gecko) Chrome/38.0.2125.104 Safari/537.36"
84.14.203.2 - - [22/Oct/2014:11:51:41 +0200] "GET /assets/marianne_small-78924cf2008df797f6858f3ec3696d9a.png HTTP/1.1" 404 650 "http://worldwarweb.r14.railsrumble.com/game" "Mozilla/5.0 (Macintosh; Intel Mac OS X 10_10_0) AppleWebKit/537.36 (KHTML, like Gecko) Chrome/38.0.2125.104 Safari/537.36"
77.207.181.207 - - [22/Oct/2014:11:51:47 +0200] "GET /redirection/vendeur/candidatures/new?place_id=5&user_id=32304&siret=38085208700028&appel_offre_id=urba201454_24960_f8y_E-Bourgogne&callback_url=https%3A%2F%2Fmarches.e-bourgogne.fr%2Findex.php5%3Fpage%3Dentreprise.FormulaireReponseConsultation%26ref%3D24960%26org%3Df8y%26orgAcronyme%3Df8y HTTP/1.1" 500 1792 "-" "Mozilla/5.0 (X11; Linux x86_64) AppleWebKit/537.36 (KHTML, like Gecko) Chrome/38.0.2125.104 Safari/537.36"
