88.177.193.236 - - [22/Oct/2014:10:32:12 +0200] "GET /iframe/vendeur/candidatures/new?place_id=9&user_id=&appel_offre_id=AWS-MPI-251913&callback_url=https://www.marches-publics.info/mpiaws/retourMPS/4213424_54727b72d3c79978-25D2B145-D04C-B76A-FEBDE5EE51C5B4A8/&siret=33356677600022&CFID=4213424&CFTOKEN=54727b72d3c79978-25D2B145-D04C-B76A-FEBDE5EE51C5B4A8 HTTP/1.1" 500 1792 "https://www.marches-publics.info/mpiaws/index.cfm?fuseaction=demat.verifDepot&IDS=25&IDM=251913&chCtrlSe=C9C493A1A4DEB62134EBA07BEB2510FF&CFID=4213424&CFTOKEN=54727b72d3c79978-25D2B145-D04C-B76A-FEBDE5EE51C5B4A8" "Mozilla/5.0 (Windows NT 6.1; WOW64) AppleWebKit/537.36 (KHTML, like Gecko) Chrome/38.0.2125.104 Safari/537.36"
88.177.193.236 - - [22/Oct/2014:10:32:13 +0200] "GET /favicon.ico HTTP/1.1" 200 0 "-" "Mozilla/5.0 (Windows NT 6.1; WOW64) AppleWebKit/537.36 (KHTML, like Gecko) Chrome/38.0.2125.104 Safari/537.36"
88.177.193.236 - - [22/Oct/2014:10:32:34 +0200] "GET /iframe/vendeur/candidatures/new?place_id=9&user_id=&appel_offre_id=AWS-MPI-251913&callback_url=https://www.marches-publics.info/mpiaws/retourMPS/4213489_105331b46ea631f6-25DAA1BC-B7D4-4076-A4C0B3621F6D49ED/&siret=33356677600022&CFID=4213489&CFTOKEN=105331b46ea631f6-25DAA1BC-B7D4-4076-A4C0B3621F6D49ED HTTP/1.1" 500 1792 "https://www.marches-publics.info/mpiaws/index.cfm?fuseaction=demat.verifDepot&IDS=25&IDM=251913&chCtrlSe=C9C493A1A4DEB62134EBA07BEB2510FF&CFID=4213489&CFTOKEN=105331b46ea631f6-25DAA1BC-B7D4-4076-A4C0B3621F6D49ED" "Mozilla/5.0 (Windows NT 6.1; WOW64) AppleWebKit/537.36 (KHTML, like Gecko) Chrome/38.0.2125.104 Safari/537.36"
88.177.193.236 - - [22/Oct/2014:10:32:35 +0200] "GET /favicon.ico HTTP/1.1" 200 0 "-" "Mozilla/5.0 (Windows NT 6.1; WOW64) AppleWebKit/537.36 (KHTML, like Gecko) Chrome/38.0.2125.104 Safari/537.36"
84.14.203.2 - - [22/Oct/2014:10:32:35 +0200] "GET /assets/marianne_small-78924cf2008df797f6858f3ec3696d9a.png HTTP/1.1" 404 208 "http://worldwarweb.r14.railsrumble.com/game" "Mozilla/5.0 (Macintosh; Intel Mac OS X 10_10_0) AppleWebKit/537.36 (KHTML, like Gecko) Chrome/38.0.2125.104 Safari/537.36"
145.242.20.40 - - [22/Oct/2014:10:33:14 +0200] "GET / HTTP/1.1" 200 396 "-" "Mozilla/5.0 (Windows NT 5.1; rv:32.0) Gecko/20100101 Firefox/32.0"
145.242.20.40 - - [22/Oct/2014:10:33:15 +0200] "GET /favicon.ico HTTP/1.1" 404 151 "-" "Mozilla/5.0 (Windows NT 5.1; rv:32.0) Gecko/20100101 Firefox/32.0"
145.242.20.40 - - [22/Oct/2014:10:33:15 +0200] "GET /favicon.ico HTTP/1.1" 404 151 "-" "Mozilla/5.0 (Windows NT 5.1; rv:32.0) Gecko/20100101 Firefox/32.0"
46.218.85.146 - - [22/Oct/2014:10:34:49 +0200] "GET /redirection/vendeur/candidatures/new?place_id=5&user_id=32304&siret=38085208700028&appel_offre_id=12M2512_12056_e0s_E-Bourgogne&callback_url=https%3A%2F%2Fmarches.e-bourgogne.fr%2Findex.php5%3Fpage%3Dentreprise.FormulaireReponseConsultation%26ref%3D12056%26org%3De0s%26orgAcronyme%3De0s HTTP/1.1" 404 151 "-" "Mozilla/5.0 (Windows NT 6.1; WOW64; rv:33.0) Gecko/20100101 Firefox/33.0"
46.218.85.146 - - [22/Oct/2014:10:34:49 +0200] "GET /favicon.ico HTTP/1.1" 404 151 "-" "Mozilla/5.0 (Windows NT 6.1; WOW64; rv:33.0) Gecko/20100101 Firefox/33.0"
46.218.85.146 - - [22/Oct/2014:10:34:49 +0200] "GET /favicon.ico HTTP/1.1" 404 151 "-" "Mozilla/5.0 (Windows NT 6.1; WOW64; rv:33.0) Gecko/20100101 Firefox/33.0"
46.218.85.146 - - [22/Oct/2014:10:35:06 +0200] "GET / HTTP/1.1" 200 396 "-" "Mozilla/5.0 (Windows NT 6.1; WOW64; rv:33.0) Gecko/20100101 Firefox/33.0"
80.14.122.107 - - [22/Oct/2014:10:35:36 +0200] "GET /iframe/vendeur/candidatures/new?place_id=9&user_id=&appel_offre_id=AWS-MPI-251903&callback_url=https://www.marches-publics.info/mpiaws/retourMPS/4211597_5a4cb344d35a3218-25554CB4-0F7B-9B6D-B88A0C50055426CF/&siret=44392887400033 HTTP/1.1" 500 1792 "-" "Opera/9.80 (Windows NT 6.1; WOW64) Presto/2.12.388 Version/12.17"
80.14.122.107 - - [22/Oct/2014:10:35:36 +0200] "GET /favicon.ico HTTP/1.1" 200 0 "https://mps.apientreprise.fr/iframe/vendeur/candidatures/new?place_id=9&user_id=&appel_offre_id=AWS-MPI-251903&callback_url=https://www.marches-publics.info/mpiaws/retourMPS/4211597_5a4cb344d35a3218-25554CB4-0F7B-9B6D-B88A0C50055426CF/&siret=44392887400033" "Opera/9.80 (Windows NT 6.1; WOW64) Presto/2.12.388 Version/12.17"
84.14.203.2 - - [22/Oct/2014:10:35:46 +0200] "GET /assets/marianne_small-78924cf2008df797f6858f3ec3696d9a.png HTTP/1.1" 404 208 "http://worldwarweb.r14.railsrumble.com/game" "Mozilla/5.0 (Macintosh; Intel Mac OS X 10_10_0) AppleWebKit/537.36 (KHTML, like Gecko) Chrome/38.0.2125.104 Safari/537.36"
46.218.85.146 - - [22/Oct/2014:10:36:51 +0200] "GET /redirection/vendeur/candidatures/new?place_id=7&user_id=&siret=&appel_offre_id=14S0153_126059_g3h_MAXIMILIEN&callback_url=https%3A%2F%2Fmarches.maximilien.fr%2Findex.php%3Fpage%3Dentreprise.FormulaireReponseConsultation%26ref%3D126059%26org%3Dg3h%26orgAcronyme%3Dg3h HTTP/1.1" 404 151 "-" "Mozilla/5.0 (Windows NT 6.1; WOW64; rv:33.0) Gecko/20100101 Firefox/33.0"
212.234.218.52 - - [22/Oct/2014:10:38:16 +0200] "GET /favicon.ico HTTP/1.1" 404 151 "-" "Mozilla/5.0 (Windows NT 6.1; rv:17.0) Gecko/20100101 Firefox/17.0"
84.14.203.2 - - [22/Oct/2014:10:38:56 +0200] "GET /assets/marianne_small-78924cf2008df797f6858f3ec3696d9a.png HTTP/1.1" 404 208 "http://worldwarweb.r14.railsrumble.com/game" "Mozilla/5.0 (Macintosh; Intel Mac OS X 10_10_0) AppleWebKit/537.36 (KHTML, like Gecko) Chrome/38.0.2125.104 Safari/537.36"
88.177.193.236 - - [22/Oct/2014:10:39:01 +0200] "GET /iframe/vendeur/candidatures/new?place_id=9&user_id=&appel_offre_id=AWS-MPI-251913&callback_url=https://www.marches-publics.info/mpiaws/retourMPS/4214032_476cf34998ccac2c-2611E01B-9DFB-7DF1-70A1B2E9D667450A/&siret=33356677600022&CFID=4214032&CFTOKEN=476cf34998ccac2c-2611E01B-9DFB-7DF1-70A1B2E9D667450A HTTP/1.1" 500 1792 "-" "Mozilla/5.0 (Macintosh; Intel Mac OS X 10_9_5) AppleWebKit/600.1.17 (KHTML, like Gecko) Version/7.1 Safari/537.85.10"
88.177.193.236 - - [22/Oct/2014:10:39:01 +0200] "GET /favicon.ico HTTP/1.1" 200 0 "https://mps.apientreprise.fr/iframe/vendeur/candidatures/new?place_id=9&user_id=&appel_offre_id=AWS-MPI-251913&callback_url=https://www.marches-publics.info/mpiaws/retourMPS/4214032_476cf34998ccac2c-2611E01B-9DFB-7DF1-70A1B2E9D667450A/&siret=33356677600022&CFID=4214032&CFTOKEN=476cf34998ccac2c-2611E01B-9DFB-7DF1-70A1B2E9D667450A" "Mozilla/5.0 (Macintosh; Intel Mac OS X 10_9_5) AppleWebKit/600.1.17 (KHTML, like Gecko) Version/7.1 Safari/537.85.10"
46.218.85.146 - - [22/Oct/2014:10:40:21 +0200] "GET /docs HTTP/1.1" 404 151 "http://www.google.fr/url?sa=t&rct=j&q=&esrc=s&source=web&cd=1&ved=0CCMQFjAA&url=http%3A%2F%2Fmps.apientreprise.fr%2Fdocs&ei=b21HVLarJo_dasL3guAK&usg=AFQjCNEHmsAWQCkLsc-lemO3hnqHxiHvtw&sig2=3cxoMKfXewxy32tNY2irUQ&bvm=bv.77880786,d.d2s" "Mozilla/5.0 (Windows NT 6.1; WOW64; rv:33.0) Gecko/20100101 Firefox/33.0"
46.218.85.146 - - [22/Oct/2014:10:40:27 +0200] "GET /assets/chartkick-fc52a333feab61a597cb517653dac2af.js HTTP/1.1" 404 151 "http://webcache.googleusercontent.com/search?q=cache:eBr-TZks77sJ:mps.apientreprise.fr/docs+&cd=1&hl=fr&ct=clnk&gl=fr&client=firefox-a" "Mozilla/5.0 (Windows NT 6.1; WOW64; rv:33.0) Gecko/20100101 Firefox/33.0"
46.218.85.146 - - [22/Oct/2014:10:40:27 +0200] "GET /assets/application-4f88552829b4c7922e8f12e604666682.css HTTP/1.1" 404 151 "http://webcache.googleusercontent.com/search?q=cache:eBr-TZks77sJ:mps.apientreprise.fr/docs+&cd=1&hl=fr&ct=clnk&gl=fr&client=firefox-a" "Mozilla/5.0 (Windows NT 6.1; WOW64; rv:33.0) Gecko/20100101 Firefox/33.0"
46.218.85.146 - - [22/Oct/2014:10:40:27 +0200] "GET /assets/application-0a99bdb83130c3989ceed2b8ef324002.js HTTP/1.1" 404 151 "http://webcache.googleusercontent.com/search?q=cache:eBr-TZks77sJ:mps.apientreprise.fr/docs+&cd=1&hl=fr&ct=clnk&gl=fr&client=firefox-a" "Mozilla/5.0 (Windows NT 6.1; WOW64; rv:33.0) Gecko/20100101 Firefox/33.0"
46.218.85.146 - - [22/Oct/2014:10:40:27 +0200] "GET /assets/marianne_small-78924cf2008df797f6858f3ec3696d9a.png HTTP/1.1" 404 151 "http://webcache.googleusercontent.com/search?q=cache:eBr-TZks77sJ:mps.apientreprise.fr/docs+&cd=1&hl=fr&ct=clnk&gl=fr&client=firefox-a" "Mozilla/5.0 (Windows NT 6.1; WOW64; rv:33.0) Gecko/20100101 Firefox/33.0"
46.218.85.146 - - [22/Oct/2014:10:40:27 +0200] "GET /assets/chartkick-fc52a333feab61a597cb517653dac2af.js HTTP/1.1" 404 151 "http://webcache.googleusercontent.com/search?q=cache:eBr-TZks77sJ:mps.apientreprise.fr/docs+&cd=1&hl=fr&ct=clnk&gl=fr&client=firefox-a" "Mozilla/5.0 (Windows NT 6.1; WOW64; rv:33.0) Gecko/20100101 Firefox/33.0"
46.218.85.146 - - [22/Oct/2014:10:40:27 +0200] "GET /assets/application-4f88552829b4c7922e8f12e604666682.css HTTP/1.1" 404 151 "http://webcache.googleusercontent.com/search?q=cache:eBr-TZks77sJ:mps.apientreprise.fr/docs+&cd=1&hl=fr&ct=clnk&gl=fr&client=firefox-a" "Mozilla/5.0 (Windows NT 6.1; WOW64; rv:33.0) Gecko/20100101 Firefox/33.0"
46.218.85.146 - - [22/Oct/2014:10:40:27 +0200] "GET /assets/application-0a99bdb83130c3989ceed2b8ef324002.js HTTP/1.1" 404 151 "http://webcache.googleusercontent.com/search?q=cache:eBr-TZks77sJ:mps.apientreprise.fr/docs+&cd=1&hl=fr&ct=clnk&gl=fr&client=firefox-a" "Mozilla/5.0 (Windows NT 6.1; WOW64; rv:33.0) Gecko/20100101 Firefox/33.0"
46.218.85.146 - - [22/Oct/2014:10:40:27 +0200] "GET /assets/marianne_small-78924cf2008df797f6858f3ec3696d9a.png HTTP/1.1" 404 151 "http://webcache.googleusercontent.com/search?q=cache:eBr-TZks77sJ:mps.apientreprise.fr/docs+&cd=1&hl=fr&ct=clnk&gl=fr&client=firefox-a" "Mozilla/5.0 (Windows NT 6.1; WOW64; rv:33.0) Gecko/20100101 Firefox/33.0"
46.218.85.146 - - [22/Oct/2014:10:40:38 +0200] "GET /places/sign_in HTTP/1.1" 404 151 "http://webcache.googleusercontent.com/search?q=cache:eBr-TZks77sJ:mps.apientreprise.fr/docs+&cd=1&hl=fr&ct=clnk&gl=fr&client=firefox-a" "Mozilla/5.0 (Windows NT 6.1; WOW64; rv:33.0) Gecko/20100101 Firefox/33.0"
78.40.124.16 - - [22/Oct/2014:10:41:18 +0200] "GET / HTTP/1.1" 200 396 "-" "Pingdom.com_bot_version_1.4_(http://www.pingdom.com/)"
84.14.203.2 - - [22/Oct/2014:10:41:57 +0200] "GET /assets/marianne_small-78924cf2008df797f6858f3ec3696d9a.png HTTP/1.1" 404 208 "http://worldwarweb.r14.railsrumble.com/game" "Mozilla/5.0 (Macintosh; Intel Mac OS X 10_10_0) AppleWebKit/537.36 (KHTML, like Gecko) Chrome/38.0.2125.104 Safari/537.36"
88.177.193.236 - - [22/Oct/2014:10:44:10 +0200] "GET /iframe/vendeur/candidatures/new?place_id=9&user_id=&appel_offre_id=AWS-MPI-251913&callback_url=https://www.marches-publics.info/mpiaws/retourMPS/4214511_f84e24a0a3d114fe-264535F7-0B14-4F0D-309E29BB584154FD/&siret=33356677600022&CFID=4214511&CFTOKEN=f84e24a0a3d114fe-264535F7-0B14-4F0D-309E29BB584154FD HTTP/1.1" 500 1792 "-" "Mozilla/5.0 (Macintosh; Intel Mac OS X 10_9_5) AppleWebKit/600.1.17 (KHTML, like Gecko) Version/7.1 Safari/537.85.10"
84.14.203.2 - - [22/Oct/2014:10:45:13 +0200] "GET /assets/marianne_small-78924cf2008df797f6858f3ec3696d9a.png HTTP/1.1" 404 208 "http://worldwarweb.r14.railsrumble.com/game" "Mozilla/5.0 (Macintosh; Intel Mac OS X 10_10_0) AppleWebKit/537.36 (KHTML, like Gecko) Chrome/38.0.2125.104 Safari/537.36"
46.218.85.146 - - [22/Oct/2014:10:46:12 +0200] "GET /stats HTTP/1.1" 404 151 "http://webcache.googleusercontent.com/search?q=cache:eBr-TZks77sJ:mps.apientreprise.fr/docs+&cd=1&hl=fr&ct=clnk&gl=fr&client=firefox-a" "Mozilla/5.0 (Windows NT 6.1; WOW64; rv:33.0) Gecko/20100101 Firefox/33.0"
46.218.85.146 - - [22/Oct/2014:10:46:37 +0200] "GET / HTTP/1.1" 200 1475 "-" "Mozilla/5.0 (compatible; MSIE 10.0; Windows NT 6.1; WOW64; Trident/6.0)"
46.218.85.146 - - [22/Oct/2014:10:46:37 +0200] "GET /assets/chartkick-7e2a56bd525d24598513aa91a3798194.js HTTP/1.1" 200 22858 "https://mps.apientreprise.fr/" "Mozilla/5.0 (compatible; MSIE 10.0; Windows NT 6.1; WOW64; Trident/6.0)"
46.218.85.146 - - [22/Oct/2014:10:46:37 +0200] "GET /assets/marianne_small-793022a34c692fa376cbb27597150abf.png HTTP/1.1" 200 13700 "https://mps.apientreprise.fr/" "Mozilla/5.0 (compatible; MSIE 10.0; Windows NT 6.1; WOW64; Trident/6.0)"
46.218.85.146 - - [22/Oct/2014:10:46:37 +0200] "GET /assets/application-57f59de0f137e90b6118ed3c77ad0565.css HTTP/1.1" 200 128474 "https://mps.apientreprise.fr/" "Mozilla/5.0 (compatible; MSIE 10.0; Windows NT 6.1; WOW64; Trident/6.0)"
46.218.85.146 - - [22/Oct/2014:10:46:37 +0200] "GET /assets/welcome/header_background-22f3636112f75e9de0898edb74f1590d.jpg HTTP/1.1" 200 298861 "https://mps.apientreprise.fr/" "Mozilla/5.0 (compatible; MSIE 10.0; Windows NT 6.1; WOW64; Trident/6.0)"
46.218.85.146 - - [22/Oct/2014:10:46:37 +0200] "GET /assets/application-1f2d113caed273b15394041f63f3492b.js HTTP/1.1" 200 471915 "https://mps.apientreprise.fr/" "Mozilla/5.0 (compatible; MSIE 10.0; Windows NT 6.1; WOW64; Trident/6.0)"
46.218.85.146 - - [22/Oct/2014:10:46:37 +0200] "GET /assets/wg_handy_icons.eot? HTTP/1.1" 404 650 "https://mps.apientreprise.fr/" "Mozilla/5.0 (compatible; MSIE 10.0; Windows NT 6.1; WOW64; Trident/6.0)"
46.218.85.146 - - [22/Oct/2014:10:46:37 +0200] "GET /favicon.ico HTTP/1.1" 200 0 "-" "Mozilla/5.0 (compatible; MSIE 10.0; Windows NT 6.1; WOW64; Trident/6.0)"
46.218.85.146 - - [22/Oct/2014:10:46:37 +0200] "GET /assets/wg_handy_icons.woff HTTP/1.1" 404 650 "https://mps.apientreprise.fr/" "Mozilla/5.0 (compatible; MSIE 10.0; Windows NT 6.1; WOW64; Trident/6.0)"
46.218.85.146 - - [22/Oct/2014:10:46:38 +0200] "GET /assets/wg_handy_icons.ttf HTTP/1.1" 404 650 "https://mps.apientreprise.fr/" "Mozilla/5.0 (compatible; MSIE 10.0; Windows NT 6.1; WOW64; Trident/6.0)"
88.177.193.236 - - [22/Oct/2014:10:46:41 +0200] "GET /iframe/vendeur/candidatures/new?place_id=9&user_id=&appel_offre_id=AWS-MPI-251913&callback_url=https://www.marches-publics.info/mpiaws/retourMPS/4214742_9880dbb74148593b-265C8421-94DC-AD3B-66475C898677013D/&siret=33356677600022&CFID=4214742&CFTOKEN=9880dbb74148593b-265C8421-94DC-AD3B-66475C898677013D HTTP/1.1" 500 1792 "https://www.marches-publics.info/mpiaws/index.cfm?fuseaction=demat.verifDepot&IDS=25&IDM=251913&chCtrlSe=C9C493A1A4DEB62134EBA07BEB2510FF&CFID=4214742&CFTOKEN=9880dbb74148593b-265C8421-94DC-AD3B-66475C898677013D" "Mozilla/5.0 (Windows NT 6.1; WOW64) AppleWebKit/537.36 (KHTML, like Gecko) Chrome/38.0.2125.104 Safari/537.36"
88.177.193.236 - - [22/Oct/2014:10:46:41 +0200] "GET /favicon.ico HTTP/1.1" 200 0 "-" "Mozilla/5.0 (Windows NT 6.1; WOW64) AppleWebKit/537.36 (KHTML, like Gecko) Chrome/38.0.2125.104 Safari/537.36"
46.218.85.146 - - [22/Oct/2014:10:47:11 +0200] "GET / HTTP/1.1" 200 1477 "-" "Mozilla/5.0 (Windows NT 6.1; WOW64; rv:33.0) Gecko/20100101 Firefox/33.0"
46.218.85.146 - - [22/Oct/2014:10:47:11 +0200] "GET /assets/chartkick-7e2a56bd525d24598513aa91a3798194.js HTTP/1.1" 200 22858 "https://mps.apientreprise.fr/" "Mozilla/5.0 (Windows NT 6.1; WOW64; rv:33.0) Gecko/20100101 Firefox/33.0"
46.218.85.146 - - [22/Oct/2014:10:47:11 +0200] "GET /assets/application-57f59de0f137e90b6118ed3c77ad0565.css HTTP/1.1" 200 128474 "https://mps.apientreprise.fr/" "Mozilla/5.0 (Windows NT 6.1; WOW64; rv:33.0) Gecko/20100101 Firefox/33.0"
46.218.85.146 - - [22/Oct/2014:10:47:11 +0200] "GET /assets/application-1f2d113caed273b15394041f63f3492b.js HTTP/1.1" 200 471915 "https://mps.apientreprise.fr/" "Mozilla/5.0 (Windows NT 6.1; WOW64; rv:33.0) Gecko/20100101 Firefox/33.0"
46.218.85.146 - - [22/Oct/2014:10:47:11 +0200] "GET /assets/marianne_small-793022a34c692fa376cbb27597150abf.png HTTP/1.1" 200 13700 "https://mps.apientreprise.fr/" "Mozilla/5.0 (Windows NT 6.1; WOW64; rv:33.0) Gecko/20100101 Firefox/33.0"
46.218.85.146 - - [22/Oct/2014:10:47:11 +0200] "GET /assets/wg_handy_icons.woff HTTP/1.1" 404 650 "https://mps.apientreprise.fr/assets/application-57f59de0f137e90b6118ed3c77ad0565.css" "Mozilla/5.0 (Windows NT 6.1; WOW64; rv:33.0) Gecko/20100101 Firefox/33.0"
46.218.85.146 - - [22/Oct/2014:10:47:11 +0200] "GET /assets/wg_handy_icons.ttf HTTP/1.1" 404 650 "https://mps.apientreprise.fr/assets/application-57f59de0f137e90b6118ed3c77ad0565.css" "Mozilla/5.0 (Windows NT 6.1; WOW64; rv:33.0) Gecko/20100101 Firefox/33.0"
46.218.85.146 - - [22/Oct/2014:10:47:11 +0200] "GET /assets/welcome/header_background-22f3636112f75e9de0898edb74f1590d.jpg HTTP/1.1" 200 298861 "https://mps.apientreprise.fr/" "Mozilla/5.0 (Windows NT 6.1; WOW64; rv:33.0) Gecko/20100101 Firefox/33.0"
46.218.85.146 - - [22/Oct/2014:10:47:11 +0200] "GET /favicon.ico HTTP/1.1" 200 0 "-" "Mozilla/5.0 (Windows NT 6.1; WOW64; rv:33.0) Gecko/20100101 Firefox/33.0"
84.14.203.2 - - [22/Oct/2014:10:48:09 +0200] "GET /assets/marianne_small-78924cf2008df797f6858f3ec3696d9a.png HTTP/1.1" 404 208 "http://worldwarweb.r14.railsrumble.com/game" "Mozilla/5.0 (Macintosh; Intel Mac OS X 10_10_0) AppleWebKit/537.36 (KHTML, like Gecko) Chrome/38.0.2125.104 Safari/537.36"
46.218.85.146 - - [22/Oct/2014:10:48:34 +0200] "GET /redirection/vendeur/candidatures/new?place_id=5&user_id=32304&siret=38085208700028&appel_offre_id=12M2512_12056_e0s_E-Bourgogne&callback_url=https%3A%2F%2Fmarches.e-bourgogne.fr%2Findex.php5%3Fpage%3Dentreprise.FormulaireReponseConsultation%26ref%3D12056%26org%3De0s%26orgAcronyme%3De0s HTTP/1.1" 404 151 "-" "Mozilla/5.0 (Windows NT 6.1; WOW64; rv:33.0) Gecko/20100101 Firefox/33.0"
46.218.85.146 - - [22/Oct/2014:10:48:38 +0200] "GET /redirection/vendeur/candidatures/new?place_id=5&user_id=&siret=&appel_offre_id=12M2512_12056_e0s_E-Bourgogne&callback_url=https%3A%2F%2Fmarches.e-bourgogne.fr%2Findex.php5%3Fpage%3Dentreprise.FormulaireReponseConsultation%26ref%3D12056%26org%3De0s%26orgAcronyme%3De0s HTTP/1.1" 404 208 "-" "Mozilla/5.0 (compatible; MSIE 10.0; Windows NT 6.1; WOW64; Trident/6.0)"
46.218.85.146 - - [22/Oct/2014:10:48:43 +0200] "GET /redirection/vendeur/candidatures/new?place_id=5&user_id=32304&siret=38085208700028&appel_offre_id=12M2512_12056_e0s_E-Bourgogne&callback_url=https%3A%2F%2Fmarches.e-bourgogne.fr%2Findex.php5%3Fpage%3Dentreprise.FormulaireReponseConsultation%26ref%3D12056%26org%3De0s%26orgAcronyme%3De0s HTTP/1.1" 200 843 "-" "Mozilla/5.0 (Windows NT 6.1; WOW64; rv:33.0) Gecko/20100101 Firefox/33.0"
46.218.85.146 - - [22/Oct/2014:10:48:51 +0200] "GET /redirection/vendeur/candidatures/new?place_id=5&user_id=&siret=&appel_offre_id=12M2512_12056_e0s_E-Bourgogne&callback_url=https%3A%2F%2Fmarches.e-bourgogne.fr%2Findex.php5%3Fpage%3Dentreprise.FormulaireReponseConsultation%26ref%3D12056%26org%3De0s%26orgAcronyme%3De0s HTTP/1.1" 200 841 "-" "Mozilla/5.0 (compatible; MSIE 10.0; Windows NT 6.1; WOW64; Trident/6.0)"
46.218.85.146 - - [22/Oct/2014:10:48:51 +0200] "GET /favicon.ico HTTP/1.1" 200 0 "-" "Mozilla/5.0 (compatible; MSIE 10.0; Windows NT 6.1; WOW64; Trident/6.0)"
46.218.85.146 - - [22/Oct/2014:10:49:03 +0200] "GET /redirection/vendeur/candidatures/new?place_id=5&user_id=&siret=&appel_offre_id=12M2512_12056_e0s_E-Bourgogne&callback_url=https%3A%2F%2Fmarches.e-bourgogne.fr%2Findex.php5%3Fpage%3Dentreprise.FormulaireReponseConsultation%26ref%3D12056%26org%3De0s%26orgAcronyme%3De0s HTTP/1.1" 404 208 "-" "Mozilla/5.0 (compatible; MSIE 10.0; Windows NT 6.1; WOW64; Trident/6.0)"
46.218.85.146 - - [22/Oct/2014:10:49:53 +0200] "GET /redirection/vendeur/candidatures/new?place_id=7&user_id=&siret=&appel_offre_id=14S0153_126059_g3h_MAXIMILIEN&callback_url=https%3A%2F%2Fmarches.maximilien.fr%2Findex.php%3Fpage%3Dentreprise.FormulaireReponseConsultation%26ref%3D126059%26org%3Dg3h%26orgAcronyme%3Dg3h HTTP/1.1" 404 151 "-" "Mozilla/5.0 (Windows NT 6.1; WOW64; rv:33.0) Gecko/20100101 Firefox/33.0"
46.218.85.146 - - [22/Oct/2014:10:49:57 +0200] "GET /redirection/vendeur/candidatures/new?place_id=5&user_id=&siret=&appel_offre_id=DEMO_MPS_21976_w0d_E-Bourgogne&callback_url=https%3A%2F%2Fmarches.e-bourgogne.fr%2Findex.php5%3Fpage%3Dentreprise.FormulaireReponseConsultation%26ref%3D21976%26org%3Dw0d%26orgAcronyme%3Dw0d HTTP/1.1" 404 208 "-" "Mozilla/5.0 (compatible; MSIE 10.0; Windows NT 6.1; WOW64; Trident/6.0)"
46.218.85.146 - - [22/Oct/2014:10:50:02 +0200] "GET /redirection/vendeur/candidatures/new?place_id=7&user_id=&siret=&appel_offre_id=14S0153_126059_g3h_MAXIMILIEN&callback_url=https%3A%2F%2Fmarches.maximilien.fr%2Findex.php%3Fpage%3Dentreprise.FormulaireReponseConsultation%26ref%3D126059%26org%3Dg3h%26orgAcronyme%3Dg3h HTTP/1.1" 302 148 "-" "Mozilla/5.0 (Windows NT 6.1; WOW64; rv:33.0) Gecko/20100101 Firefox/33.0"
46.218.85.146 - - [22/Oct/2014:10:50:02 +0200] "GET /redirection/vendeur/candidatures/3909/edit HTTP/1.1" 200 1475 "-" "Mozilla/5.0 (Windows NT 6.1; WOW64; rv:33.0) Gecko/20100101 Firefox/33.0"
46.218.85.146 - - [22/Oct/2014:10:50:50 +0200] "GET /redirection/vendeur/candidatures/new?place_id=7&user_id=&siret=&appel_offre_id=14S0153_126059_g3h_MAXIMILIEN&callback_url=https%3A%2F%2Fmarches.maximilien.fr%2Findex.php%3Fpage%3Dentreprise.FormulaireReponseConsultation%26ref%3D126059%26org%3Dg3h%26orgAcronyme%3Dg3h HTTP/1.1" 404 208 "-" "Mozilla/5.0 (compatible; MSIE 10.0; Windows NT 6.1; WOW64; Trident/6.0)"
194.250.181.209 - - [22/Oct/2014:10:51:02 +0200] "GET /places/candidatures HTTP/1.1" 404 151 "-" "Mozilla/5.0 (Windows NT 6.1; WOW64; rv:32.0) Gecko/20100101 Firefox/32.0"
194.250.181.209 - - [22/Oct/2014:10:51:02 +0200] "GET /favicon.ico HTTP/1.1" 404 151 "-" "Mozilla/5.0 (Windows NT 6.1; WOW64; rv:32.0) Gecko/20100101 Firefox/32.0"
194.250.181.209 - - [22/Oct/2014:10:51:02 +0200] "GET /favicon.ico HTTP/1.1" 404 151 "-" "Mozilla/5.0 (Windows NT 6.1; WOW64; rv:32.0) Gecko/20100101 Firefox/32.0"
46.218.85.146 - - [22/Oct/2014:10:51:02 +0200] "GET /redirection/vendeur/candidatures/new?place_id=7&user_id=&siret=&appel_offre_id=14S0153_126059_g3h_MAXIMILIEN&callback_url=https%3A%2F%2Fmarches.maximilien.fr%2Findex.php%3Fpage%3Dentreprise.FormulaireReponseConsultation%26ref%3D126059%26org%3Dg3h%26orgAcronyme%3Dg3h HTTP/1.1" 302 148 "-" "Mozilla/5.0 (compatible; MSIE 10.0; Windows NT 6.1; WOW64; Trident/6.0)"
46.218.85.146 - - [22/Oct/2014:10:51:02 +0200] "GET /redirection/vendeur/candidatures/3910/edit HTTP/1.1" 200 1471 "-" "Mozilla/5.0 (compatible; MSIE 10.0; Windows NT 6.1; WOW64; Trident/6.0)"
46.218.85.146 - - [22/Oct/2014:10:51:06 +0200] "GET /redirection/vendeur/candidatures/new?place_id=7&user_id=&siret=&appel_offre_id=14S0153_126059_g3h_MAXIMILIEN&callback_url=https%3A%2F%2Fmarches.maximilien.fr%2Findex.php%3Fpage%3Dentreprise.FormulaireReponseConsultation%26ref%3D126059%26org%3Dg3h%26orgAcronyme%3Dg3h HTTP/1.1" 404 208 "-" "Mozilla/5.0 (compatible; MSIE 10.0; Windows NT 6.1; WOW64; Trident/6.0)"
194.250.181.209 - - [22/Oct/2014:10:51:06 +0200] "GET /places/candidatures HTTP/1.1" 404 151 "-" "Mozilla/5.0 (Windows NT 6.1; WOW64; rv:32.0) Gecko/20100101 Firefox/32.0"
46.218.85.146 - - [22/Oct/2014:10:51:07 +0200] "GET /redirection/vendeur/candidatures/new?place_id=5&user_id=18957&siret=44491456800019&appel_offre_id=DEMO_MPS_21976_w0d_E-Bourgogne&callback_url=https%3A%2F%2Fmarches.e-bourgogne.fr%2Findex.php5%3Fpage%3Dentreprise.FormulaireReponseConsultation%26ref%3D21976%26org%3Dw0d%26orgAcronyme%3Dw0d HTTP/1.1" 404 208 "-" "Mozilla/5.0 (Windows NT 6.1; WOW64) AppleWebKit/537.36 (KHTML, like Gecko) Chrome/38.0.2125.104 Safari/537.36"
46.218.85.146 - - [22/Oct/2014:10:51:07 +0200] "GET /favicon.ico HTTP/1.1" 404 208 "-" "Mozilla/5.0 (Windows NT 6.1; WOW64) AppleWebKit/537.36 (KHTML, like Gecko) Chrome/38.0.2125.104 Safari/537.36"
84.14.203.2 - - [22/Oct/2014:10:51:11 +0200] "GET /assets/marianne_small-78924cf2008df797f6858f3ec3696d9a.png HTTP/1.1" 404 208 "http://worldwarweb.r14.railsrumble.com/game" "Mozilla/5.0 (Macintosh; Intel Mac OS X 10_10_0) AppleWebKit/537.36 (KHTML, like Gecko) Chrome/38.0.2125.104 Safari/537.36"
194.250.181.209 - - [22/Oct/2014:10:51:13 +0200] "GET /places HTTP/1.1" 404 151 "-" "Mozilla/5.0 (Windows NT 6.1; WOW64; rv:32.0) Gecko/20100101 Firefox/32.0"
194.250.181.209 - - [22/Oct/2014:10:51:29 +0200] "GET / HTTP/1.1" 200 396 "http://www.modernisation.gouv.fr/les-services-publics-se-simplifient-et-innovent/par-des-simplifications-pour-les-entreprises/marche-public-simplifie" "Mozilla/5.0 (Windows NT 6.1; WOW64; rv:32.0) Gecko/20100101 Firefox/32.0"
46.218.85.146 - - [22/Oct/2014:10:51:49 +0200] "POST /redirection/vendeur/candidatures/3909 HTTP/1.1" 500 1792 "https://mps.apientreprise.fr/redirection/vendeur/candidatures/3909/edit" "Mozilla/5.0 (Windows NT 6.1; WOW64; rv:33.0) Gecko/20100101 Firefox/33.0"
194.250.181.209 - - [22/Oct/2014:10:53:28 +0200] "GET /redirection/vendeur/candidatures/new?place_id=10&user_id=&siret=&appel_offre_id=14SI02_59615_b6x_MEGALIS&callback_url=https%3A%2F%2Fmarches.e-megalisbretagne.org%2Findex.php5%3Fpage%3Dentreprise.FormulaireReponseConsultation%26ref%3D59615%26org%3Db6x%26orgAcronyme%3Db6x HTTP/1.1" 404 151 "-" "Mozilla/5.0 (Windows NT 6.1; WOW64; rv:32.0) Gecko/20100101 Firefox/32.0"
84.14.203.2 - - [22/Oct/2014:10:54:03 +0200] "GET /assets/marianne_small-78924cf2008df797f6858f3ec3696d9a.png HTTP/1.1" 404 208 "http://worldwarweb.r14.railsrumble.com/game" "Mozilla/5.0 (Macintosh; Intel Mac OS X 10_10_0) AppleWebKit/537.36 (KHTML, like Gecko) Chrome/38.0.2125.104 Safari/537.36"
46.218.85.146 - - [22/Oct/2014:10:54:24 +0200] "POST /appels_offres_searches HTTP/1.1" 200 6591 "https://mps.apientreprise.fr/" "Mozilla/5.0 (Windows NT 6.1; WOW64; rv:33.0) Gecko/20100101 Firefox/33.0"
46.218.85.146 - - [22/Oct/2014:10:54:45 +0200] "GET /redirection/vendeur/candidatures/new?place_id=7&user_id=&siret=&appel_offre_id=14S0153_126059_g3h_MAXIMILIEN&callback_url=https%3A%2F%2Fmarches.maximilien.fr%2Findex.php%3Fpage%3Dentreprise.FormulaireReponseConsultation%26ref%3D126059%26org%3Dg3h%26orgAcronyme%3Dg3h HTTP/1.1" 404 151 "-" "Mozilla/5.0 (Windows NT 6.1; WOW64; rv:32.0) Gecko/20100101 Firefox/32.0"
46.218.85.146 - - [22/Oct/2014:10:54:45 +0200] "GET /favicon.ico HTTP/1.1" 404 151 "-" "Mozilla/5.0 (Windows NT 6.1; WOW64; rv:32.0) Gecko/20100101 Firefox/32.0"
46.218.85.146 - - [22/Oct/2014:10:54:45 +0200] "GET /favicon.ico HTTP/1.1" 404 151 "-" "Mozilla/5.0 (Windows NT 6.1; WOW64; rv:32.0) Gecko/20100101 Firefox/32.0"
37.162.203.155 - - [22/Oct/2014:10:55:02 +0200] "GET /iframe/vendeur/candidatures/new?place_id=9&user_id=&appel_offre_id=AWS-MPI-251903&callback_url=https://www.marches-publics.info/mpiaws/retourMPS/4211597_5a4cb344d35a3218-25554CB4-0F7B-9B6D-B88A0C50055426CF/&siret=44392887400033 HTTP/1.1" 500 1792 "-" "Mozilla/5.0 (iPhone; CPU iPhone OS 7_0_4 like Mac OS X) AppleWebKit/537.51.1 (KHTML, like Gecko) Version/7.0 Mobile/11B554a Safari/9537.53"
46.218.85.146 - - [22/Oct/2014:10:55:09 +0200] "GET /redirection/vendeur/candidatures/new?place_id=7&user_id=&siret=&appel_offre_id=14S0153_126059_g3h_MAXIMILIEN&callback_url=https%3A%2F%2Fmarches.maximilien.fr%2Findex.php%3Fpage%3Dentreprise.FormulaireReponseConsultation%26ref%3D126059%26org%3Dg3h%26orgAcronyme%3Dg3h HTTP/1.1" 404 151 "-" "Mozilla/5.0 (Windows NT 6.1; WOW64; rv:32.0) Gecko/20100101 Firefox/32.0"
217.128.173.240 - - [22/Oct/2014:10:55:13 +0200] "GET / HTTP/1.1" 404 650 "-" "Mozilla/5.0 (X11; Ubuntu; Linux x86_64; rv:31.0) Gecko/20100101 Firefox/31.0"
46.218.85.146 - - [22/Oct/2014:10:55:37 +0200] "GET /redirection/vendeur/candidatures/new?place_id=7&user_id=1&siret=44491456800019&appel_offre_id=14S0153_126059_g3h_MAXIMILIEN&callback_url=https%3A%2F%2Fmarches.maximilien.fr%2Findex.php%3Fpage%3Dentreprise.FormulaireReponseConsultation%26ref%3D126059%26org%3Dg3h%26orgAcronyme%3Dg3h HTTP/1.1" 404 151 "-" "Mozilla/5.0 (Windows NT 6.1; WOW64; rv:32.0) Gecko/20100101 Firefox/32.0"
157.55.39.54 - - [22/Oct/2014:10:56:05 +0200] "GET /robots.txt HTTP/1.1" 301 193 "-" "Mozilla/5.0 (compatible; bingbot/2.0; +http://www.bing.com/bingbot.htm)"
157.55.39.54 - - [22/Oct/2014:10:56:05 +0200] "GET /robots.txt HTTP/1.1" 200 204 "-" "Mozilla/5.0 (compatible; bingbot/2.0; +http://www.bing.com/bingbot.htm)"
86.68.62.194 - - [22/Oct/2014:10:56:20 +0200] "GET /redirection/vendeur/candidatures/new?place_id=7&user_id=&siret=&appel_offre_id=1400586_127603_t5y_MAXIMILIEN&callback_url=https%3A%2F%2Fmarches.maximilien.fr%2Findex.php%3Fpage%3Dentreprise.FormulaireReponseConsultation%26ref%3D127603%26org%3Dt5y%26orgAcronyme%3Dt5y HTTP/1.1" 404 151 "-" "Mozilla/5.0 (Windows NT 6.1; WOW64; Trident/7.0; rv:11.0) like Gecko"
86.68.62.194 - - [22/Oct/2014:10:56:21 +0200] "GET /favicon.ico HTTP/1.1" 404 151 "-" "Mozilla/5.0 (Windows NT 6.1; Win64; x64; Trident/7.0; rv:11.0) like Gecko"
46.218.85.146 - - [22/Oct/2014:10:56:26 +0200] "GET /redirection/vendeur/candidatures/new?place_id=7&user_id=1&siret=44491456800019&appel_offre_id=14S0153_126059_g3h_MAXIMILIEN&callback_url=https%3A%2F%2Fmarches.maximilien.fr%2Findex.php%3Fpage%3Dentreprise.FormulaireReponseConsultation%26ref%3D126059%26org%3Dg3h%26orgAcronyme%3Dg3h HTTP/1.1" 404 208 "-" "Mozilla/5.0 (Windows NT 6.1; WOW64) AppleWebKit/537.36 (KHTML, like Gecko) Chrome/38.0.2125.104 Safari/537.36"
46.218.85.146 - - [22/Oct/2014:10:56:26 +0200] "GET /favicon.ico HTTP/1.1" 404 208 "-" "Mozilla/5.0 (Windows NT 6.1; WOW64) AppleWebKit/537.36 (KHTML, like Gecko) Chrome/38.0.2125.104 Safari/537.36"
46.218.85.146 - - [22/Oct/2014:10:56:34 +0200] "GET /redirection/vendeur/candidatures/new?place_id=7&user_id=1&siret=44491456800019&appel_offre_id=14S0153_126059_g3h_MAXIMILIEN&callback_url=https%3A%2F%2Fmarches.maximilien.fr%2Findex.php%3Fpage%3Dentreprise.FormulaireReponseConsultation%26ref%3D126059%26org%3Dg3h%26orgAcronyme%3Dg3h HTTP/1.1" 404 208 "-" "Mozilla/5.0 (Windows NT 6.1; WOW64) AppleWebKit/537.36 (KHTML, like Gecko) Chrome/38.0.2125.104 Safari/537.36"
46.218.85.146 - - [22/Oct/2014:10:56:43 +0200] "GET /redirection/vendeur/candidatures/new?place_id=7&user_id=1&siret=44491456800019&appel_offre_id=14S0153_126059_g3h_MAXIMILIEN&callback_url=https%3A%2F%2Fmarches.maximilien.fr%2Findex.php%3Fpage%3Dentreprise.FormulaireReponseConsultation%26ref%3D126059%26org%3Dg3h%26orgAcronyme%3Dg3h HTTP/1.1" 404 208 "-" "Mozilla/5.0 (Windows NT 6.1; WOW64) AppleWebKit/537.36 (KHTML, like Gecko) Chrome/38.0.2125.104 Safari/537.36"
46.218.85.146 - - [22/Oct/2014:10:56:53 +0200] "GET / HTTP/1.1" 200 396 "-" "Mozilla/5.0 (Windows NT 6.1; WOW64) AppleWebKit/537.36 (KHTML, like Gecko) Chrome/38.0.2125.104 Safari/537.36"
84.14.203.2 - - [22/Oct/2014:10:57:05 +0200] "GET /assets/marianne_small-78924cf2008df797f6858f3ec3696d9a.png HTTP/1.1" 404 208 "http://worldwarweb.r14.railsrumble.com/game" "Mozilla/5.0 (Macintosh; Intel Mac OS X 10_10_0) AppleWebKit/537.36 (KHTML, like Gecko) Chrome/38.0.2125.104 Safari/537.36"
46.218.85.146 - - [22/Oct/2014:10:58:47 +0200] "GET / HTTP/1.1" 200 1477 "-" "Mozilla/5.0 (Windows NT 6.1; WOW64; rv:33.0) Gecko/20100101 Firefox/33.0"
46.218.85.146 - - [22/Oct/2014:10:58:47 +0200] "GET /assets/wg_handy_icons.woff HTTP/1.1" 404 650 "https://mps.apientreprise.fr/assets/application-57f59de0f137e90b6118ed3c77ad0565.css" "Mozilla/5.0 (Windows NT 6.1; WOW64; rv:33.0) Gecko/20100101 Firefox/33.0"
46.218.85.146 - - [22/Oct/2014:10:58:47 +0200] "GET /assets/wg_handy_icons.ttf HTTP/1.1" 404 650 "https://mps.apientreprise.fr/assets/application-57f59de0f137e90b6118ed3c77ad0565.css" "Mozilla/5.0 (Windows NT 6.1; WOW64; rv:33.0) Gecko/20100101 Firefox/33.0"
88.177.193.236 - - [22/Oct/2014:10:59:21 +0200] "GET /iframe/vendeur/candidatures/new?place_id=9&user_id=&appel_offre_id=AWS-MPI-251913&callback_url=https://www.marches-publics.info/mpiaws/retourMPS/4215570_2f6cbcc9d895d528-26CFD938-CCE3-35CB-2026338421F33C97/&siret=33356677600022&CFID=4215570&CFTOKEN=2f6cbcc9d895d528-26CFD938-CCE3-35CB-2026338421F33C97 HTTP/1.1" 500 1792 "https://www.marches-publics.info/mpiaws/index.cfm?fuseaction=demat.verifDepot&IDS=25&IDM=251913&chCtrlSe=C9C493A1A4DEB62134EBA07BEB2510FF&CFID=4215570&CFTOKEN=2f6cbcc9d895d528-26CFD938-CCE3-35CB-2026338421F33C97" "Mozilla/5.0 (Windows NT 6.1; WOW64) AppleWebKit/537.36 (KHTML, like Gecko) Chrome/38.0.2125.104 Safari/537.36"
88.177.193.236 - - [22/Oct/2014:10:59:21 +0200] "GET /favicon.ico HTTP/1.1" 200 0 "-" "Mozilla/5.0 (Windows NT 6.1; WOW64) AppleWebKit/537.36 (KHTML, like Gecko) Chrome/38.0.2125.104 Safari/537.36"
157.55.39.66 - - [22/Oct/2014:10:59:57 +0200] "GET /robots.txt HTTP/1.1" 301 193 "-" "Mozilla/5.0 (compatible; bingbot/2.0; +http://www.bing.com/bingbot.htm)"
157.55.39.66 - - [22/Oct/2014:10:59:58 +0200] "GET /robots.txt HTTP/1.1" 301 193 "-" "Mozilla/5.0 (compatible; bingbot/2.0; +http://www.bing.com/bingbot.htm)"
157.55.39.66 - - [22/Oct/2014:10:59:58 +0200] "GET /robots.txt HTTP/1.1" 200 204 "-" "Mozilla/5.0 (compatible; bingbot/2.0; +http://www.bing.com/bingbot.htm)"
157.55.39.66 - - [22/Oct/2014:10:59:58 +0200] "GET /robots.txt HTTP/1.1" 200 204 "-" "Mozilla/5.0 (compatible; bingbot/2.0; +http://www.bing.com/bingbot.htm)"
157.55.39.66 - - [22/Oct/2014:11:00:03 +0200] "GET / HTTP/1.1" 301 193 "-" "Mozilla/5.0 (compatible; bingbot/2.0; +http://www.bing.com/bingbot.htm)"
157.55.39.66 - - [22/Oct/2014:11:00:03 +0200] "GET / HTTP/1.1" 301 193 "-" "Mozilla/5.0 (compatible; bingbot/2.0; +http://www.bing.com/bingbot.htm)"
84.14.203.2 - - [22/Oct/2014:11:00:08 +0200] "GET /assets/marianne_small-78924cf2008df797f6858f3ec3696d9a.png HTTP/1.1" 404 208 "http://worldwarweb.r14.railsrumble.com/game" "Mozilla/5.0 (Macintosh; Intel Mac OS X 10_10_0) AppleWebKit/537.36 (KHTML, like Gecko) Chrome/38.0.2125.104 Safari/537.36"
86.68.62.194 - - [22/Oct/2014:11:00:18 +0200] "GET /redirection/vendeur/candidatures/new?place_id=7&user_id=&siret=&appel_offre_id=1400586_127603_t5y_MAXIMILIEN&callback_url=https%3A%2F%2Fmarches.maximilien.fr%2Findex.php%3Fpage%3Dentreprise.FormulaireReponseConsultation%26ref%3D127603%26org%3Dt5y%26orgAcronyme%3Dt5y HTTP/1.1" 404 151 "-" "Mozilla/5.0 (Windows NT 6.1; WOW64; Trident/7.0; rv:11.0) like Gecko"
86.68.62.194 - - [22/Oct/2014:11:00:19 +0200] "GET /favicon.ico HTTP/1.1" 404 151 "-" "Mozilla/5.0 (Windows NT 6.1; Win64; x64; Trident/7.0; rv:11.0) like Gecko"
157.55.39.66 - - [22/Oct/2014:11:00:20 +0200] "GET /robots.txt HTTP/1.1" 301 193 "-" "Mozilla/5.0 (compatible; bingbot/2.0; +http://www.bing.com/bingbot.htm)"
157.55.39.66 - - [22/Oct/2014:11:00:21 +0200] "GET /robots.txt HTTP/1.1" 404 177 "-" "Mozilla/5.0 (compatible; bingbot/2.0; +http://www.bing.com/bingbot.htm)"
157.55.39.66 - - [22/Oct/2014:11:00:26 +0200] "GET / HTTP/1.1" 301 193 "-" "Mozilla/5.0 (compatible; bingbot/2.0; +http://www.bing.com/bingbot.htm)"
157.55.39.253 - - [22/Oct/2014:11:00:56 +0200] "GET / HTTP/1.1" 200 396 "-" "Mozilla/5.0 (compatible; bingbot/2.0; +http://www.bing.com/bingbot.htm)"
84.14.203.2 - - [22/Oct/2014:11:03:06 +0200] "GET /assets/marianne_small-78924cf2008df797f6858f3ec3696d9a.png HTTP/1.1" 404 208 "http://worldwarweb.r14.railsrumble.com/game" "Mozilla/5.0 (Macintosh; Intel Mac OS X 10_10_0) AppleWebKit/537.36 (KHTML, like Gecko) Chrome/38.0.2125.104 Safari/537.36"
46.218.85.146 - - [22/Oct/2014:11:05:16 +0200] "POST /redirection/vendeur/candidatures/3909 HTTP/1.1" 500 1792 "https://mps.apientreprise.fr/redirection/vendeur/candidatures/3909/edit" "Mozilla/5.0 (Windows NT 6.1; WOW64; rv:33.0) Gecko/20100101 Firefox/33.0"
84.14.203.2 - - [22/Oct/2014:11:06:06 +0200] "GET /assets/marianne_small-78924cf2008df797f6858f3ec3696d9a.png HTTP/1.1" 404 208 "http://worldwarweb.r14.railsrumble.com/game" "Mozilla/5.0 (Macintosh; Intel Mac OS X 10_10_0) AppleWebKit/537.36 (KHTML, like Gecko) Chrome/38.0.2125.104 Safari/537.36"
80.70.42.196 - - [22/Oct/2014:11:07:02 +0200] "GET / HTTP/1.1" 301 193 "-" "Mozilla/5.0 (Windows NT 6.1; WOW64; rv:24.0) Gecko/20100101 Firefox/24.0"
80.70.42.196 - - [22/Oct/2014:11:07:16 +0200] "GET / HTTP/1.1" 301 193 "-" "Mozilla/5.0 (Windows NT 6.1; WOW64; Trident/7.0; rv:11.0) like Gecko"
46.218.85.146 - - [22/Oct/2014:11:08:33 +0200] "GET /redirection/vendeur/candidatures/new?place_id=5&user_id=32304&siret=38085208700028&appel_offre_id=urba201454_24960_f8y_E-Bourgogne&callback_url=https%3A%2F%2Fmarches.e-bourgogne.fr%2Findex.php5%3Fpage%3Dentreprise.FormulaireReponseConsultation%26ref%3D24960%26org%3Df8y%26orgAcronyme%3Df8y HTTP/1.1" 404 151 "-" "Mozilla/5.0 (Windows NT 6.1; WOW64; rv:33.0) Gecko/20100101 Firefox/33.0"
46.218.85.146 - - [22/Oct/2014:11:08:44 +0200] "GET /redirection/vendeur/candidatures/new?place_id=5&user_id=32304&siret=38085208700028&appel_offre_id=urba201454_24960_f8y_E-Bourgogne&callback_url=https%3A%2F%2Fmarches.e-bourgogne.fr%2Findex.php5%3Fpage%3Dentreprise.FormulaireReponseConsultation%26ref%3D24960%26org%3Df8y%26orgAcronyme%3Df8y HTTP/1.1" 500 1792 "-" "Mozilla/5.0 (Windows NT 6.1; WOW64; rv:33.0) Gecko/20100101 Firefox/33.0"
109.7.102.98 - - [22/Oct/2014:11:09:04 +0200] "GET /redirection/vendeur/candidatures/new?place_id=5&user_id=&siret=&appel_offre_id=DEMO_MPS_21976_w0d_E-Bourgogne&callback_url=https%3A%2F%2Fmarches.e-bourgogne.fr%2Findex.php5%3Fpage%3Dentreprise.FormulaireReponseConsultation%26ref%3D21976%26org%3Dw0d%26orgAcronyme%3Dw0d HTTP/1.1" 404 151 "-" "Mozilla/5.0 (Windows NT 5.1; rv:14.0) Gecko/20100101 Firefox/14.0.1"
84.14.203.2 - - [22/Oct/2014:11:09:07 +0200] "GET /assets/marianne_small-78924cf2008df797f6858f3ec3696d9a.png HTTP/1.1" 404 208 "http://worldwarweb.r14.railsrumble.com/game" "Mozilla/5.0 (Macintosh; Intel Mac OS X 10_10_0) AppleWebKit/537.36 (KHTML, like Gecko) Chrome/38.0.2125.104 Safari/537.36"
46.218.85.146 - - [22/Oct/2014:11:09:33 +0200] "GET /redirection/vendeur/candidatures/new?place_id=7&user_id=&siret=&appel_offre_id=14S0153_126059_g3h_MAXIMILIEN&callback_url=https%3A%2F%2Fmarches.maximilien.fr%2Findex.php%3Fpage%3Dentreprise.FormulaireReponseConsultation%26ref%3D126059%26org%3Dg3h%26orgAcronyme%3Dg3h HTTP/1.1" 404 151 "-" "Mozilla/5.0 (Windows NT 6.1; WOW64; rv:33.0) Gecko/20100101 Firefox/33.0"
46.218.85.146 - - [22/Oct/2014:11:09:42 +0200] "GET /redirection/vendeur/candidatures/new?place_id=7&user_id=&siret=&appel_offre_id=14S0153_126059_g3h_MAXIMILIEN&callback_url=https%3A%2F%2Fmarches.maximilien.fr%2Findex.php%3Fpage%3Dentreprise.FormulaireReponseConsultation%26ref%3D126059%26org%3Dg3h%26orgAcronyme%3Dg3h HTTP/1.1" 302 148 "-" "Mozilla/5.0 (Windows NT 6.1; WOW64; rv:33.0) Gecko/20100101 Firefox/33.0"
46.218.85.146 - - [22/Oct/2014:11:09:42 +0200] "GET /redirection/vendeur/candidatures/3914/edit HTTP/1.1" 200 1475 "-" "Mozilla/5.0 (Windows NT 6.1; WOW64; rv:33.0) Gecko/20100101 Firefox/33.0"
204.13.200.8 - - [22/Oct/2014:11:09:51 +0200] "GET / HTTP/1.1" 301 193 "-" "Mozilla/5.0 (compatible; MSIE 8.0; Windows NT 6.1; Trident/4.0; .NET CLR 2.0.50727; .NET CLR 3.5.30729; .NET CLR 3.0.30729; .NET CLR 1.0.3705; .NET CLR 1.1.4322)"
54.196.58.242 - - [22/Oct/2014:11:09:52 +0200] "GET / HTTP/1.1" 301 193 "-" "Mozilla/4.0 (compatible; MSIE 8.0; Windows NT 5.1; Trident/4.0)"
54.196.58.242 - - [22/Oct/2014:11:09:52 +0200] "GET / HTTP/1.1" 200 1479 "-" "Mozilla/4.0 (compatible; MSIE 8.0; Windows NT 5.1; Trident/4.0)"
46.218.85.146 - - [22/Oct/2014:11:09:52 +0200] "POST /redirection/vendeur/candidatures/3914 HTTP/1.1" 500 1792 "https://mps.apientreprise.fr/redirection/vendeur/candidatures/3914/edit" "Mozilla/5.0 (Windows NT 6.1; WOW64; rv:33.0) Gecko/20100101 Firefox/33.0"
54.196.58.242 - - [22/Oct/2014:11:09:52 +0200] "GET /jsapi HTTP/1.1" 404 650 "-" "Mozilla/4.0 (compatible; MSIE 8.0; Windows NT 5.1; Trident/4.0)"
204.13.200.8 - - [22/Oct/2014:11:09:52 +0200] "GET / HTTP/1.1" 200 3335 "-" "Mozilla/5.0 (compatible; MSIE 8.0; Windows NT 6.1; Trident/4.0; .NET CLR 2.0.50727; .NET CLR 3.5.30729; .NET CLR 3.0.30729; .NET CLR 1.0.3705; .NET CLR 1.1.4322)"
54.196.58.242 - - [22/Oct/2014:11:09:53 +0200] "GET /assets/chartkick-7e2a56bd525d24598513aa91a3798194.js HTTP/1.1" 200 22858 "-" "Mozilla/4.0 (compatible; MSIE 8.0; Windows NT 5.1; Trident/4.0)"
54.196.58.242 - - [22/Oct/2014:11:09:53 +0200] "GET /assets/application-1f2d113caed273b15394041f63f3492b.js HTTP/1.1" 200 471915 "-" "Mozilla/4.0 (compatible; MSIE 8.0; Windows NT 5.1; Trident/4.0)"
204.13.200.8 - - [22/Oct/2014:11:09:54 +0200] "GET /assets/chartkick-7e2a56bd525d24598513aa91a3798194.js HTTP/1.1" 200 22858 "https://www.apientreprise.fr/" "Mozilla/5.0 (compatible; MSIE 8.0; Windows NT 6.1; Trident/4.0; .NET CLR 2.0.50727; .NET CLR 3.5.30729; .NET CLR 3.0.30729; .NET CLR 1.0.3705; .NET CLR 1.1.4322)"
204.13.200.8 - - [22/Oct/2014:11:09:55 +0200] "GET /assets/application-57f59de0f137e90b6118ed3c77ad0565.css HTTP/1.1" 200 128474 "https://www.apientreprise.fr/" "Mozilla/5.0 (compatible; MSIE 8.0; Windows NT 6.1; Trident/4.0; .NET CLR 2.0.50727; .NET CLR 3.5.30729; .NET CLR 3.0.30729; .NET CLR 1.0.3705; .NET CLR 1.1.4322)"
204.13.200.8 - - [22/Oct/2014:11:09:56 +0200] "GET /assets/application-1f2d113caed273b15394041f63f3492b.js HTTP/1.1" 200 471915 "https://www.apientreprise.fr/" "Mozilla/5.0 (compatible; MSIE 8.0; Windows NT 6.1; Trident/4.0; .NET CLR 2.0.50727; .NET CLR 3.5.30729; .NET CLR 3.0.30729; .NET CLR 1.0.3705; .NET CLR 1.1.4322)"
5.104.224.246 - - [22/Oct/2014:11:10:01 +0200] "GET / HTTP/1.1" 301 193 "http://www.apientreprise.fr/" "Mozilla/4.0 (compatible; MSIE 7.0; Windows NT 5.1; .NET CLR 2.0.50727)"
46.218.85.146 - - [22/Oct/2014:11:10:16 +0200] "GET /redirection/vendeur/candidatures/new?place_id=10&user_id=&siret=&appel_offre_id=14SI02_59615_b6x_MEGALIS&callback_url=https%3A%2F%2Fmarches.e-megalisbretagne.org%2Findex.php5%3Fpage%3Dentreprise.FormulaireReponseConsultation%26ref%3D59615%26org%3Db6x%26orgAcronyme%3Db6x HTTP/1.1" 404 151 "-" "Mozilla/5.0 (Windows NT 6.1; WOW64; rv:33.0) Gecko/20100101 Firefox/33.0"
46.218.85.146 - - [22/Oct/2014:11:10:23 +0200] "GET /redirection/vendeur/candidatures/new?place_id=10&user_id=&siret=&appel_offre_id=14SI02_59615_b6x_MEGALIS&callback_url=https%3A%2F%2Fmarches.e-megalisbretagne.org%2Findex.php5%3Fpage%3Dentreprise.FormulaireReponseConsultation%26ref%3D59615%26org%3Db6x%26orgAcronyme%3Db6x HTTP/1.1" 302 148 "-" "Mozilla/5.0 (Windows NT 6.1; WOW64; rv:33.0) Gecko/20100101 Firefox/33.0"
46.218.85.146 - - [22/Oct/2014:11:10:23 +0200] "GET /redirection/vendeur/candidatures/3915/edit HTTP/1.1" 200 1532 "-" "Mozilla/5.0 (Windows NT 6.1; WOW64; rv:33.0) Gecko/20100101 Firefox/33.0"
46.218.85.146 - - [22/Oct/2014:11:10:26 +0200] "POST /redirection/vendeur/candidatures/3915 HTTP/1.1" 500 1792 "https://mps.apientreprise.fr/redirection/vendeur/candidatures/3915/edit" "Mozilla/5.0 (Windows NT 6.1; WOW64; rv:33.0) Gecko/20100101 Firefox/33.0"
84.14.203.2 - - [22/Oct/2014:11:12:08 +0200] "GET /assets/marianne_small-78924cf2008df797f6858f3ec3696d9a.png HTTP/1.1" 404 208 "http://worldwarweb.r14.railsrumble.com/game" "Mozilla/5.0 (Macintosh; Intel Mac OS X 10_10_0) AppleWebKit/537.36 (KHTML, like Gecko) Chrome/38.0.2125.104 Safari/537.36"
160.92.7.69 - - [22/Oct/2014:11:12:26 +0200] "GET /redirection/vendeur/candidatures/new?place_id=5&user_id=32304&siret=38085208700028&appel_offre_id=urba201454_24960_f8y_E-Bourgogne&callback_url=https%3A%2F%2Fmarches.e-bourgogne.fr%2Findex.php5%3Fpage%3Dentreprise.FormulaireReponseConsultation%26ref%3D24960%26org%3Df8y%26orgAcronyme%3Df8y HTTP/1.1" 500 1792 "-" "Mozilla/5.0 (Windows NT 6.1; WOW64; rv:32.0) Gecko/20100101 Firefox/32.0"
160.92.7.69 - - [22/Oct/2014:11:12:26 +0200] "GET /favicon.ico HTTP/1.1" 200 0 "-" "Mozilla/5.0 (Windows NT 6.1; WOW64; rv:32.0) Gecko/20100101 Firefox/32.0"
160.92.7.69 - - [22/Oct/2014:11:12:57 +0200] "GET /redirection/vendeur/candidatures/3909 HTTP/1.1" 404 650 "-" "Mozilla/5.0 (Windows NT 6.1; WOW64; rv:32.0) Gecko/20100101 Firefox/32.0"
88.177.193.236 - - [22/Oct/2014:11:14:01 +0200] "GET /iframe/vendeur/candidatures/new?place_id=9&user_id=&appel_offre_id=AWS-MPI-251913&callback_url=https://www.marches-publics.info/mpiaws/retourMPS/4216713_aebecc569244bb24-27562880-CEAB-303D-4C3FAA9B1C9DB594/&siret=33356677600022&CFID=4216713&CFTOKEN=aebecc569244bb24-27562880-CEAB-303D-4C3FAA9B1C9DB594 HTTP/1.1" 500 1792 "https://www.marches-publics.info/mpiaws/index.cfm?fuseaction=demat.verifDepot&IDS=25&IDM=251913&chCtrlSe=C9C493A1A4DEB62134EBA07BEB2510FF&CFID=4216713&CFTOKEN=aebecc569244bb24-27562880-CEAB-303D-4C3FAA9B1C9DB594" "Mozilla/5.0 (Windows NT 6.1; WOW64) AppleWebKit/537.36 (KHTML, like Gecko) Chrome/38.0.2125.104 Safari/537.36"
88.177.193.236 - - [22/Oct/2014:11:14:01 +0200] "GET /favicon.ico HTTP/1.1" 200 0 "-" "Mozilla/5.0 (Windows NT 6.1; WOW64) AppleWebKit/537.36 (KHTML, like Gecko) Chrome/38.0.2125.104 Safari/537.36"
160.92.7.69 - - [22/Oct/2014:11:14:01 +0200] "GET / HTTP/1.1" 200 1478 "-" "Mozilla/5.0 (Windows NT 6.1; WOW64; rv:32.0) Gecko/20100101 Firefox/32.0"
160.92.7.69 - - [22/Oct/2014:11:14:02 +0200] "GET /assets/chartkick-7e2a56bd525d24598513aa91a3798194.js HTTP/1.1" 200 22858 "https://mps.apientreprise.fr/" "Mozilla/5.0 (Windows NT 6.1; WOW64; rv:32.0) Gecko/20100101 Firefox/32.0"
160.92.7.69 - - [22/Oct/2014:11:14:02 +0200] "GET /assets/application-57f59de0f137e90b6118ed3c77ad0565.css HTTP/1.1" 200 128474 "https://mps.apientreprise.fr/" "Mozilla/5.0 (Windows NT 6.1; WOW64; rv:32.0) Gecko/20100101 Firefox/32.0"
160.92.7.69 - - [22/Oct/2014:11:14:02 +0200] "GET /assets/application-1f2d113caed273b15394041f63f3492b.js HTTP/1.1" 200 471915 "https://mps.apientreprise.fr/" "Mozilla/5.0 (Windows NT 6.1; WOW64; rv:32.0) Gecko/20100101 Firefox/32.0"
160.92.7.69 - - [22/Oct/2014:11:14:02 +0200] "GET /assets/marianne_small-793022a34c692fa376cbb27597150abf.png HTTP/1.1" 200 13700 "https://mps.apientreprise.fr/" "Mozilla/5.0 (Windows NT 6.1; WOW64; rv:32.0) Gecko/20100101 Firefox/32.0"
160.92.7.69 - - [22/Oct/2014:11:14:02 +0200] "GET /assets/welcome/header_background-22f3636112f75e9de0898edb74f1590d.jpg HTTP/1.1" 200 298861 "https://mps.apientreprise.fr/" "Mozilla/5.0 (Windows NT 6.1; WOW64; rv:32.0) Gecko/20100101 Firefox/32.0"
160.92.7.69 - - [22/Oct/2014:11:14:02 +0200] "GET /assets/wg_handy_icons.woff HTTP/1.1" 404 650 "https://mps.apientreprise.fr/assets/application-57f59de0f137e90b6118ed3c77ad0565.css" "Mozilla/5.0 (Windows NT 6.1; WOW64; rv:32.0) Gecko/20100101 Firefox/32.0"
160.92.7.69 - - [22/Oct/2014:11:14:03 +0200] "GET /assets/wg_handy_icons.ttf HTTP/1.1" 404 650 "https://mps.apientreprise.fr/assets/application-57f59de0f137e90b6118ed3c77ad0565.css" "Mozilla/5.0 (Windows NT 6.1; WOW64; rv:32.0) Gecko/20100101 Firefox/32.0"
84.14.203.2 - - [22/Oct/2014:11:15:17 +0200] "GET /assets/marianne_small-78924cf2008df797f6858f3ec3696d9a.png HTTP/1.1" 404 208 "http://worldwarweb.r14.railsrumble.com/game" "Mozilla/5.0 (Macintosh; Intel Mac OS X 10_10_0) AppleWebKit/537.36 (KHTML, like Gecko) Chrome/38.0.2125.104 Safari/537.36"
46.218.85.146 - - [22/Oct/2014:11:17:14 +0200] "GET / HTTP/1.1" 200 1481 "-" "Mozilla/5.0 (Windows NT 6.1; WOW64) AppleWebKit/537.36 (KHTML, like Gecko) Chrome/38.0.2125.104 Safari/537.36"
46.218.85.146 - - [22/Oct/2014:11:17:15 +0200] "GET /assets/chartkick-7e2a56bd525d24598513aa91a3798194.js HTTP/1.1" 200 22858 "https://mps.apientreprise.fr/" "Mozilla/5.0 (Windows NT 6.1; WOW64) AppleWebKit/537.36 (KHTML, like Gecko) Chrome/38.0.2125.104 Safari/537.36"
46.218.85.146 - - [22/Oct/2014:11:17:15 +0200] "GET /assets/marianne_small-793022a34c692fa376cbb27597150abf.png HTTP/1.1" 200 13700 "https://mps.apientreprise.fr/" "Mozilla/5.0 (Windows NT 6.1; WOW64) AppleWebKit/537.36 (KHTML, like Gecko) Chrome/38.0.2125.104 Safari/537.36"
46.218.85.146 - - [22/Oct/2014:11:17:15 +0200] "GET /assets/application-57f59de0f137e90b6118ed3c77ad0565.css HTTP/1.1" 200 128474 "https://mps.apientreprise.fr/" "Mozilla/5.0 (Windows NT 6.1; WOW64) AppleWebKit/537.36 (KHTML, like Gecko) Chrome/38.0.2125.104 Safari/537.36"
46.218.85.146 - - [22/Oct/2014:11:17:15 +0200] "GET /assets/application-1f2d113caed273b15394041f63f3492b.js HTTP/1.1" 200 471915 "https://mps.apientreprise.fr/" "Mozilla/5.0 (Windows NT 6.1; WOW64) AppleWebKit/537.36 (KHTML, like Gecko) Chrome/38.0.2125.104 Safari/537.36"
46.218.85.146 - - [22/Oct/2014:11:17:15 +0200] "GET /assets/welcome/header_background-22f3636112f75e9de0898edb74f1590d.jpg HTTP/1.1" 200 298861 "https://mps.apientreprise.fr/" "Mozilla/5.0 (Windows NT 6.1; WOW64) AppleWebKit/537.36 (KHTML, like Gecko) Chrome/38.0.2125.104 Safari/537.36"
46.218.85.146 - - [22/Oct/2014:11:17:15 +0200] "GET /assets/wg_handy_icons.woff HTTP/1.1" 404 650 "https://mps.apientreprise.fr/assets/application-57f59de0f137e90b6118ed3c77ad0565.css" "Mozilla/5.0 (Windows NT 6.1; WOW64) AppleWebKit/537.36 (KHTML, like Gecko) Chrome/38.0.2125.104 Safari/537.36"
46.218.85.146 - - [22/Oct/2014:11:17:16 +0200] "GET /assets/wg_handy_icons.ttf HTTP/1.1" 404 650 "https://mps.apientreprise.fr/assets/application-57f59de0f137e90b6118ed3c77ad0565.css" "Mozilla/5.0 (Windows NT 6.1; WOW64) AppleWebKit/537.36 (KHTML, like Gecko) Chrome/38.0.2125.104 Safari/537.36"
46.218.85.146 - - [22/Oct/2014:11:17:16 +0200] "GET /favicon.ico HTTP/1.1" 200 0 "-" "Mozilla/5.0 (Windows NT 6.1; WOW64) AppleWebKit/537.36 (KHTML, like Gecko) Chrome/38.0.2125.104 Safari/537.36"
46.218.85.146 - - [22/Oct/2014:11:17:26 +0200] "GET /favicon.ico HTTP/1.1" 200 0 "-" "Mozilla/5.0 (Windows NT 6.1; WOW64) AppleWebKit/537.36 (KHTML, like Gecko) Chrome/38.0.2125.104 Safari/537.36"
46.218.85.146 - - [22/Oct/2014:11:17:26 +0200] "GET /appels_offres_searches?appel_offre_search%5Bq%5D= HTTP/1.1" 200 6594 "https://mps.apientreprise.fr/appels_offres_searches?appel_offre_search%5Bq%5D=" "Mozilla/5.0 (Windows NT 6.1; WOW64) AppleWebKit/537.36 (KHTML, like Gecko) Chrome/38.0.2125.104 Safari/537.36"
46.218.85.146 - - [22/Oct/2014:11:17:43 +0200] "GET /favicon.ico HTTP/1.1" 200 0 "-" "Mozilla/5.0 (Windows NT 6.1; WOW64) AppleWebKit/537.36 (KHTML, like Gecko) Chrome/38.0.2125.104 Safari/537.36"
46.218.85.146 - - [22/Oct/2014:11:17:57 +0200] "POST /appels_offres_searches HTTP/1.1" 200 6594 "https://mps.apientreprise.fr/" "Mozilla/5.0 (Windows NT 6.1; WOW64) AppleWebKit/537.36 (KHTML, like Gecko) Chrome/38.0.2125.104 Safari/537.36"
46.218.85.146 - - [22/Oct/2014:11:17:57 +0200] "GET /favicon.ico HTTP/1.1" 200 0 "-" "Mozilla/5.0 (Windows NT 6.1; WOW64) AppleWebKit/537.36 (KHTML, like Gecko) Chrome/38.0.2125.104 Safari/537.36"
80.70.42.196 - - [22/Oct/2014:11:18:12 +0200] "GET / HTTP/1.1" 200 612 "-" "Mozilla/5.0 (Windows NT 6.1; WOW64; rv:24.0) Gecko/20100101 Firefox/24.0"
