80.14.122.107 - - [22/Oct/2014:10:12:27 +0200] "GET /assets/wg_handy_icons.woff HTTP/1.1" 404 650 "https://mps.apientreprise.fr/assets/application-57f59de0f137e90b6118ed3c77ad0565.css" "Mozilla/5.0 (Windows NT 6.1; WOW64) AppleWebKit/537.36 (KHTML, like Gecko) Chrome/37.0.2062.124 Safari/537.36"
80.14.122.107 - - [22/Oct/2014:10:12:27 +0200] "GET /assets/wg_handy_icons.ttf HTTP/1.1" 404 650 "https://mps.apientreprise.fr/assets/application-57f59de0f137e90b6118ed3c77ad0565.css" "Mozilla/5.0 (Windows NT 6.1; WOW64) AppleWebKit/537.36 (KHTML, like Gecko) Chrome/37.0.2062.124 Safari/537.36"
80.14.122.107 - - [22/Oct/2014:10:12:27 +0200] "GET /favicon.ico HTTP/1.1" 200 0 "-" "Mozilla/5.0 (Windows NT 6.1; WOW64) AppleWebKit/537.36 (KHTML, like Gecko) Chrome/37.0.2062.124 Safari/537.36"
109.7.69.186 - - [22/Oct/2014:10:13:53 +0200] "GET / HTTP/1.1" 200 612 "-" "Mozilla/5.0 (Windows NT 6.1; WOW64) AppleWebKit/537.36 (KHTML, like Gecko) Chrome/38.0.2125.104 Safari/537.36"
109.7.69.186 - - [22/Oct/2014:10:13:53 +0200] "GET /favicon.ico HTTP/1.1" 404 579 "-" "Mozilla/5.0 (Windows NT 6.1; WOW64) AppleWebKit/537.36 (KHTML, like Gecko) Chrome/38.0.2125.104 Safari/537.36"
109.7.102.98 - - [22/Oct/2014:10:14:15 +0200] "GET /redirection/vendeur/candidatures/new?place_id=5&user_id=&siret=&appel_offre_id=DEMO_MPS_21976_w0d_E-Bourgogne&callback_url=https%3A%2F%2Fmarches.e-bourgogne.fr%2Findex.php5%3Fpage%3Dentreprise.FormulaireReponseConsultation%26ref%3D21976%26org%3Dw0d%26orgAcronyme%3Dw0d HTTP/1.1" 404 151 "-" "Mozilla/5.0 (Windows NT 5.1; rv:14.0) Gecko/20100101 Firefox/14.0.1"
109.7.102.98 - - [22/Oct/2014:10:14:15 +0200] "GET /favicon.ico HTTP/1.1" 404 151 "-" "Mozilla/5.0 (Windows NT 5.1; rv:14.0) Gecko/20100101 Firefox/14.0.1"
109.7.102.98 - - [22/Oct/2014:10:14:15 +0200] "GET /favicon.ico HTTP/1.1" 404 151 "-" "Mozilla/5.0 (Windows NT 5.1; rv:14.0) Gecko/20100101 Firefox/14.0.1"
84.14.203.2 - - [22/Oct/2014:10:14:18 +0200] "GET /assets/marianne_small-78924cf2008df797f6858f3ec3696d9a.png HTTP/1.1" 404 208 "http://worldwarweb.r14.railsrumble.com/game" "Mozilla/5.0 (Macintosh; Intel Mac OS X 10_10_0) AppleWebKit/537.36 (KHTML, like Gecko) Chrome/38.0.2125.104 Safari/537.36"
109.7.102.98 - - [22/Oct/2014:10:14:35 +0200] "GET /redirection/vendeur/candidatures/new?place_id=5&user_id=&siret=&appel_offre_id=DEMO_MPS_21976_w0d_E-Bourgogne&callback_url=https%3A%2F%2Fmarches.e-bourgogne.fr%2Findex.php5%3Fpage%3Dentreprise.FormulaireReponseConsultation%26ref%3D21976%26org%3Dw0d%26orgAcronyme%3Dw0d HTTP/1.1" 404 151 "-" "Mozilla/5.0 (Windows NT 5.1; rv:14.0) Gecko/20100101 Firefox/14.0.1"
109.7.69.186 - - [22/Oct/2014:10:14:35 +0200] "GET /favicon.ico HTTP/1.1" 404 579 "-" "Mozilla/5.0 (Windows NT 6.1; WOW64) AppleWebKit/537.36 (KHTML, like Gecko) Chrome/38.0.2125.104 Safari/537.36"
109.7.102.98 - - [22/Oct/2014:10:14:43 +0200] "GET /redirection/vendeur/candidatures/new?place_id=5&user_id=&siret=&appel_offre_id=DEMO_MPS_21976_w0d_E-Bourgogne&callback_url=https%3A%2F%2Fmarches.e-bourgogne.fr%2Findex.php5%3Fpage%3Dentreprise.FormulaireReponseConsultation%26ref%3D21976%26org%3Dw0d%26orgAcronyme%3Dw0d HTTP/1.1" 404 151 "-" "Mozilla/5.0 (Windows NT 5.1; rv:14.0) Gecko/20100101 Firefox/14.0.1"
109.7.102.98 - - [22/Oct/2014:10:15:28 +0200] "GET /redirection/vendeur/candidatures/new?place_id=5&user_id=&siret=&appel_offre_id=DEMO_MPS_21976_w0d_E-Bourgogne&callback_url=https%3A%2F%2Fmarches.e-bourgogne.fr%2Findex.php5%3Fpage%3Dentreprise.FormulaireReponseConsultation%26ref%3D21976%26org%3Dw0d%26orgAcronyme%3Dw0d HTTP/1.1" 404 151 "-" "Mozilla/5.0 (Windows NT 5.1; rv:14.0) Gecko/20100101 Firefox/14.0.1"
212.234.218.52 - - [22/Oct/2014:10:16:26 +0200] "GET /redirection/acheteur/appels_offres/CSL_2014_cC5VM8KgDz?place_id=4 HTTP/1.1" 302 153 "https://marches.boamp.fr/sdm/ach/pli/routeurCandiOffre.do?selectedMenu=a-pli&selectSubMenu=retraitPli&PCSLID=CSL_2014_cC5VM8KgDz&cycNum=0" "Mozilla/5.0 (Windows NT 6.1; rv:32.0) Gecko/20100101 Firefox/32.0"
212.234.218.52 - - [22/Oct/2014:10:16:26 +0200] "GET /redirection/acheteur/signin/CSL_2014_cC5VM8KgDz HTTP/1.1" 200 1422 "https://marches.boamp.fr/sdm/ach/pli/routeurCandiOffre.do?selectedMenu=a-pli&selectSubMenu=retraitPli&PCSLID=CSL_2014_cC5VM8KgDz&cycNum=0" "Mozilla/5.0 (Windows NT 6.1; rv:32.0) Gecko/20100101 Firefox/32.0"
212.234.218.52 - - [22/Oct/2014:10:16:27 +0200] "GET /assets/chartkick-7e2a56bd525d24598513aa91a3798194.js HTTP/1.1" 200 22858 "https://mps.apientreprise.fr/redirection/acheteur/signin/CSL_2014_cC5VM8KgDz" "Mozilla/5.0 (Windows NT 6.1; rv:32.0) Gecko/20100101 Firefox/32.0"
212.234.218.52 - - [22/Oct/2014:10:16:27 +0200] "GET /assets/application-57f59de0f137e90b6118ed3c77ad0565.css HTTP/1.1" 200 128474 "https://mps.apientreprise.fr/redirection/acheteur/signin/CSL_2014_cC5VM8KgDz" "Mozilla/5.0 (Windows NT 6.1; rv:32.0) Gecko/20100101 Firefox/32.0"
212.234.218.52 - - [22/Oct/2014:10:16:27 +0200] "GET /assets/application-1f2d113caed273b15394041f63f3492b.js HTTP/1.1" 200 471915 "https://mps.apientreprise.fr/redirection/acheteur/signin/CSL_2014_cC5VM8KgDz" "Mozilla/5.0 (Windows NT 6.1; rv:32.0) Gecko/20100101 Firefox/32.0"
212.234.218.52 - - [22/Oct/2014:10:16:28 +0200] "GET /assets/marianne_small-793022a34c692fa376cbb27597150abf.png HTTP/1.1" 200 13700 "https://mps.apientreprise.fr/redirection/acheteur/signin/CSL_2014_cC5VM8KgDz" "Mozilla/5.0 (Windows NT 6.1; rv:32.0) Gecko/20100101 Firefox/32.0"
212.234.218.52 - - [22/Oct/2014:10:16:28 +0200] "GET /favicon.ico HTTP/1.1" 200 0 "-" "Mozilla/5.0 (Windows NT 6.1; rv:32.0) Gecko/20100101 Firefox/32.0"
212.234.218.52 - - [22/Oct/2014:10:16:30 +0200] "POST /redirection/acheteur/signin/CSL_2014_cC5VM8KgDz HTTP/1.1" 302 171 "https://mps.apientreprise.fr/redirection/acheteur/signin/CSL_2014_cC5VM8KgDz" "Mozilla/5.0 (Windows NT 6.1; rv:32.0) Gecko/20100101 Firefox/32.0"
212.234.218.52 - - [22/Oct/2014:10:16:30 +0200] "GET /redirection/acheteur/appels_offres/CSL_2014_cC5VM8KgDz?place_id=4 HTTP/1.1" 200 1778 "https://mps.apientreprise.fr/redirection/acheteur/signin/CSL_2014_cC5VM8KgDz" "Mozilla/5.0 (Windows NT 6.1; rv:32.0) Gecko/20100101 Firefox/32.0"
109.7.102.98 - - [22/Oct/2014:10:16:33 +0200] "GET /redirection/vendeur/candidatures/new?place_id=5&user_id=&siret=&appel_offre_id=DEMO_MPS_21976_w0d_E-Bourgogne&callback_url=https%3A%2F%2Fmarches.e-bourgogne.fr%2Findex.php5%3Fpage%3Dentreprise.FormulaireReponseConsultation%26ref%3D21976%26org%3Dw0d%26orgAcronyme%3Dw0d HTTP/1.1" 404 151 "-" "Mozilla/5.0 (Windows NT 5.1; rv:14.0) Gecko/20100101 Firefox/14.0.1"
212.234.218.52 - - [22/Oct/2014:10:16:40 +0200] "GET /redirection/acheteur/appels_offres/CSL_2014_cC5VM8KgDz/candidatures/48183689800017 HTTP/1.1" 200 2374 "https://mps.apientreprise.fr/redirection/acheteur/appels_offres/CSL_2014_cC5VM8KgDz/candidatures/48183689800017" "Mozilla/5.0 (Windows NT 6.1; rv:32.0) Gecko/20100101 Firefox/32.0"
212.234.218.52 - - [22/Oct/2014:10:16:40 +0200] "GET /assets/star.png HTTP/1.1" 404 650 "https://mps.apientreprise.fr/assets/application-57f59de0f137e90b6118ed3c77ad0565.css" "Mozilla/5.0 (Windows NT 6.1; rv:32.0) Gecko/20100101 Firefox/32.0"
212.234.218.52 - - [22/Oct/2014:10:16:40 +0200] "GET /assets/ok.png HTTP/1.1" 404 650 "https://mps.apientreprise.fr/assets/application-57f59de0f137e90b6118ed3c77ad0565.css" "Mozilla/5.0 (Windows NT 6.1; rv:32.0) Gecko/20100101 Firefox/32.0"
212.234.218.52 - - [22/Oct/2014:10:16:40 +0200] "GET /assets/ko.png HTTP/1.1" 404 650 "https://mps.apientreprise.fr/assets/application-57f59de0f137e90b6118ed3c77ad0565.css" "Mozilla/5.0 (Windows NT 6.1; rv:32.0) Gecko/20100101 Firefox/32.0"
109.7.102.98 - - [22/Oct/2014:10:17:15 +0200] "GET /redirection/vendeur/candidatures/new?place_id=5&user_id=&siret=&appel_offre_id=DEMO_MPS_21976_w0d_E-Bourgogne&callback_url=https%3A%2F%2Fmarches.e-bourgogne.fr%2Findex.php5%3Fpage%3Dentreprise.FormulaireReponseConsultation%26ref%3D21976%26org%3Dw0d%26orgAcronyme%3Dw0d HTTP/1.1" 404 151 "-" "Mozilla/5.0 (Windows NT 5.1; rv:14.0) Gecko/20100101 Firefox/14.0.1"
84.14.203.2 - - [22/Oct/2014:10:17:18 +0200] "GET /assets/marianne_small-78924cf2008df797f6858f3ec3696d9a.png HTTP/1.1" 404 208 "http://worldwarweb.r14.railsrumble.com/game" "Mozilla/5.0 (Macintosh; Intel Mac OS X 10_10_0) AppleWebKit/537.36 (KHTML, like Gecko) Chrome/38.0.2125.104 Safari/537.36"
46.218.59.235 - - [22/Oct/2014:10:17:29 +0200] "GET / HTTP/1.1" 200 396 "-" "Mozilla/5.0 (Macintosh; Intel Mac OS X 10_10_0) AppleWebKit/537.36 (KHTML, like Gecko) Chrome/38.0.2125.104 Safari/537.36"
46.218.59.235 - - [22/Oct/2014:10:17:29 +0200] "GET /favicon.ico HTTP/1.1" 404 208 "-" "Mozilla/5.0 (Macintosh; Intel Mac OS X 10_10_0) AppleWebKit/537.36 (KHTML, like Gecko) Chrome/38.0.2125.104 Safari/537.36"
46.218.59.235 - - [22/Oct/2014:10:17:43 +0200] "GET / HTTP/1.1" 200 396 "-" "Mozilla/5.0 (X11; Linux x86_64) AppleWebKit/537.36 (KHTML, like Gecko) Chrome/36.0.1985.143 Safari/537.36"
46.218.59.235 - - [22/Oct/2014:10:17:43 +0200] "GET /favicon.ico HTTP/1.1" 404 208 "-" "Mozilla/5.0 (X11; Linux x86_64) AppleWebKit/537.36 (KHTML, like Gecko) Chrome/36.0.1985.143 Safari/537.36"
46.218.59.235 - - [22/Oct/2014:10:17:50 +0200] "GET / HTTP/1.1" 301 193 "-" "Mozilla/5.0 (Macintosh; Intel Mac OS X 10_10_0) AppleWebKit/537.36 (KHTML, like Gecko) Chrome/38.0.2125.104 Safari/537.36"
46.218.59.235 - - [22/Oct/2014:10:17:50 +0200] "GET / HTTP/1.1" 304 0 "-" "Mozilla/5.0 (X11; Linux x86_64) AppleWebKit/537.36 (KHTML, like Gecko) Chrome/36.0.1985.143 Safari/537.36"
46.218.59.235 - - [22/Oct/2014:10:17:50 +0200] "GET / HTTP/1.1" 200 1278 "-" "Mozilla/5.0 (Macintosh; Intel Mac OS X 10_10_0) AppleWebKit/537.36 (KHTML, like Gecko) Chrome/38.0.2125.104 Safari/537.36"
46.218.59.235 - - [22/Oct/2014:10:17:50 +0200] "GET /assets/chartkick.js HTTP/1.1" 200 22858 "https://aps.apientreprise.fr/" "Mozilla/5.0 (Macintosh; Intel Mac OS X 10_10_0) AppleWebKit/537.36 (KHTML, like Gecko) Chrome/38.0.2125.104 Safari/537.36"
46.218.59.235 - - [22/Oct/2014:10:17:50 +0200] "GET /assets/marianne_small.png HTTP/1.1" 200 13700 "https://aps.apientreprise.fr/" "Mozilla/5.0 (Macintosh; Intel Mac OS X 10_10_0) AppleWebKit/537.36 (KHTML, like Gecko) Chrome/38.0.2125.104 Safari/537.36"
46.218.59.235 - - [22/Oct/2014:10:17:51 +0200] "GET /assets/application.css HTTP/1.1" 200 127897 "https://aps.apientreprise.fr/" "Mozilla/5.0 (Macintosh; Intel Mac OS X 10_10_0) AppleWebKit/537.36 (KHTML, like Gecko) Chrome/38.0.2125.104 Safari/537.36"
46.218.59.235 - - [22/Oct/2014:10:17:52 +0200] "GET /assets/application.js HTTP/1.1" 200 472146 "https://aps.apientreprise.fr/" "Mozilla/5.0 (Macintosh; Intel Mac OS X 10_10_0) AppleWebKit/537.36 (KHTML, like Gecko) Chrome/38.0.2125.104 Safari/537.36"
46.218.59.235 - - [22/Oct/2014:10:17:52 +0200] "GET /assets/wg_handy_icons.woff HTTP/1.1" 200 56488 "https://aps.apientreprise.fr/assets/application.css" "Mozilla/5.0 (Macintosh; Intel Mac OS X 10_10_0) AppleWebKit/537.36 (KHTML, like Gecko) Chrome/38.0.2125.104 Safari/537.36"
46.218.59.235 - - [22/Oct/2014:10:17:52 +0200] "GET /assets/welcome/header_background.jpg HTTP/1.1" 200 147195 "https://aps.apientreprise.fr/assets/application.css" "Mozilla/5.0 (Macintosh; Intel Mac OS X 10_10_0) AppleWebKit/537.36 (KHTML, like Gecko) Chrome/38.0.2125.104 Safari/537.36"
46.218.59.235 - - [22/Oct/2014:10:17:53 +0200] "GET /favicon.ico HTTP/1.1" 200 0 "-" "Mozilla/5.0 (Macintosh; Intel Mac OS X 10_10_0) AppleWebKit/537.36 (KHTML, like Gecko) Chrome/38.0.2125.104 Safari/537.36"
80.14.122.107 - - [22/Oct/2014:10:18:01 +0200] "GET /iframe/vendeur/candidatures/new?place_id=9&user_id=&appel_offre_id=AWS-MPI-251903&callback_url=https://www.marches-publics.info/mpiaws/retourMPS/4211597_5a4cb344d35a3218-25554CB4-0F7B-9B6D-B88A0C50055426CF/&siret=44392887400033&CFID=4211597&CFTOKEN=5a4cb344d35a3218-25554CB4-0F7B-9B6D-B88A0C50055426CF HTTP/1.1" 500 1792 "https://www.marches-publics.info/mpiaws/index.cfm?fuseaction=demat.verifDepot&IDS=25&IDM=251903&chCtrlSe=F8FB25C5C6EA5E43210738BB6FF910CD&CFID=4211597&CFTOKEN=5a4cb344d35a3218-25554CB4-0F7B-9B6D-B88A0C50055426CF" "Mozilla/5.0 (Windows NT 6.1; WOW64; rv:33.0) Gecko/20100101 Firefox/33.0"
80.14.122.107 - - [22/Oct/2014:10:18:01 +0200] "GET /favicon.ico HTTP/1.1" 200 0 "-" "Mozilla/5.0 (Windows NT 6.1; WOW64; rv:33.0) Gecko/20100101 Firefox/33.0"
80.14.122.107 - - [22/Oct/2014:10:18:01 +0200] "GET /favicon.ico HTTP/1.1" 200 0 "-" "Mozilla/5.0 (Windows NT 6.1; WOW64; rv:33.0) Gecko/20100101 Firefox/33.0"
80.14.122.107 - - [22/Oct/2014:10:18:01 +0200] "GET /favicon.ico HTTP/1.1" 200 0 "-" "Mozilla/5.0 (Windows NT 6.1; WOW64; rv:33.0) Gecko/20100101 Firefox/33.0"
46.218.59.235 - - [22/Oct/2014:10:18:04 +0200] "GET / HTTP/1.1" 301 193 "-" "Mozilla/5.0 (X11; Linux x86_64) AppleWebKit/537.36 (KHTML, like Gecko) Chrome/36.0.1985.143 Safari/537.36"
46.218.59.235 - - [22/Oct/2014:10:18:05 +0200] "GET / HTTP/1.1" 200 1281 "-" "Mozilla/5.0 (X11; Linux x86_64) AppleWebKit/537.36 (KHTML, like Gecko) Chrome/36.0.1985.143 Safari/537.36"
46.218.59.235 - - [22/Oct/2014:10:18:05 +0200] "GET /assets/chartkick.js HTTP/1.1" 200 22858 "https://aps.apientreprise.fr/" "Mozilla/5.0 (X11; Linux x86_64) AppleWebKit/537.36 (KHTML, like Gecko) Chrome/36.0.1985.143 Safari/537.36"
46.218.59.235 - - [22/Oct/2014:10:18:05 +0200] "GET /assets/marianne_small.png HTTP/1.1" 200 13700 "https://aps.apientreprise.fr/" "Mozilla/5.0 (X11; Linux x86_64) AppleWebKit/537.36 (KHTML, like Gecko) Chrome/36.0.1985.143 Safari/537.36"
46.218.59.235 - - [22/Oct/2014:10:18:05 +0200] "GET /assets/application.css HTTP/1.1" 200 127897 "https://aps.apientreprise.fr/" "Mozilla/5.0 (X11; Linux x86_64) AppleWebKit/537.36 (KHTML, like Gecko) Chrome/36.0.1985.143 Safari/537.36"
46.218.59.235 - - [22/Oct/2014:10:18:06 +0200] "GET /assets/application.js HTTP/1.1" 200 472146 "https://aps.apientreprise.fr/" "Mozilla/5.0 (X11; Linux x86_64) AppleWebKit/537.36 (KHTML, like Gecko) Chrome/36.0.1985.143 Safari/537.36"
46.218.59.235 - - [22/Oct/2014:10:18:07 +0200] "GET /assets/welcome/header_background.jpg HTTP/1.1" 200 147195 "https://aps.apientreprise.fr/" "Mozilla/5.0 (X11; Linux x86_64) AppleWebKit/537.36 (KHTML, like Gecko) Chrome/36.0.1985.143 Safari/537.36"
46.218.59.235 - - [22/Oct/2014:10:18:08 +0200] "GET /assets/wg_handy_icons.svg HTTP/1.1" 200 182152 "https://aps.apientreprise.fr/" "Mozilla/5.0 (X11; Linux x86_64) AppleWebKit/537.36 (KHTML, like Gecko) Chrome/36.0.1985.143 Safari/537.36"
46.218.59.235 - - [22/Oct/2014:10:18:08 +0200] "GET /assets/wg_handy_icons.woff HTTP/1.1" 200 56488 "https://aps.apientreprise.fr/" "Mozilla/5.0 (X11; Linux x86_64) AppleWebKit/537.36 (KHTML, like Gecko) Chrome/36.0.1985.143 Safari/537.36"
46.218.59.235 - - [22/Oct/2014:10:18:08 +0200] "GET /favicon.ico HTTP/1.1" 200 0 "-" "Mozilla/5.0 (X11; Linux x86_64) AppleWebKit/537.36 (KHTML, like Gecko) Chrome/36.0.1985.143 Safari/537.36"
46.218.59.235 - - [22/Oct/2014:10:18:11 +0200] "GET /aides_searches?aide_search%5Bq%5D= HTTP/1.1" 302 106 "https://aps.apientreprise.fr/aides_searches?aide_search%5Bq%5D=" "Mozilla/5.0 (Macintosh; Intel Mac OS X 10_10_0) AppleWebKit/537.36 (KHTML, like Gecko) Chrome/38.0.2125.104 Safari/537.36"
46.218.59.235 - - [22/Oct/2014:10:18:11 +0200] "GET / HTTP/1.1" 200 1327 "https://aps.apientreprise.fr/aides_searches?aide_search%5Bq%5D=" "Mozilla/5.0 (Macintosh; Intel Mac OS X 10_10_0) AppleWebKit/537.36 (KHTML, like Gecko) Chrome/38.0.2125.104 Safari/537.36"
46.218.59.235 - - [22/Oct/2014:10:18:15 +0200] "GET / HTTP/1.1" 200 1281 "-" "Mozilla/5.0 (X11; Linux x86_64) AppleWebKit/537.36 (KHTML, like Gecko) Chrome/36.0.1985.143 Safari/537.36"
46.218.59.235 - - [22/Oct/2014:10:18:15 +0200] "GET /assets/chartkick.js HTTP/1.1" 304 0 "https://aps.apientreprise.fr/" "Mozilla/5.0 (X11; Linux x86_64) AppleWebKit/537.36 (KHTML, like Gecko) Chrome/36.0.1985.143 Safari/537.36"
46.218.59.235 - - [22/Oct/2014:10:18:15 +0200] "GET /assets/application.css HTTP/1.1" 304 0 "https://aps.apientreprise.fr/" "Mozilla/5.0 (X11; Linux x86_64) AppleWebKit/537.36 (KHTML, like Gecko) Chrome/36.0.1985.143 Safari/537.36"
46.218.59.235 - - [22/Oct/2014:10:18:15 +0200] "GET /assets/application.js HTTP/1.1" 304 0 "https://aps.apientreprise.fr/" "Mozilla/5.0 (X11; Linux x86_64) AppleWebKit/537.36 (KHTML, like Gecko) Chrome/36.0.1985.143 Safari/537.36"
46.218.59.235 - - [22/Oct/2014:10:18:15 +0200] "GET /assets/marianne_small.png HTTP/1.1" 304 0 "https://aps.apientreprise.fr/" "Mozilla/5.0 (X11; Linux x86_64) AppleWebKit/537.36 (KHTML, like Gecko) Chrome/36.0.1985.143 Safari/537.36"
109.7.102.98 - - [22/Oct/2014:10:18:15 +0200] "GET /redirection/vendeur/candidatures/new?place_id=5&user_id=&siret=&appel_offre_id=DEMO_MPS_21976_w0d_E-Bourgogne&callback_url=https%3A%2F%2Fmarches.e-bourgogne.fr%2Findex.php5%3Fpage%3Dentreprise.FormulaireReponseConsultation%26ref%3D21976%26org%3Dw0d%26orgAcronyme%3Dw0d HTTP/1.1" 404 151 "-" "Mozilla/5.0 (Windows NT 5.1; rv:14.0) Gecko/20100101 Firefox/14.0.1"
46.218.59.235 - - [22/Oct/2014:10:18:15 +0200] "GET / HTTP/1.1" 200 1281 "-" "Mozilla/5.0 (X11; Linux x86_64) AppleWebKit/537.36 (KHTML, like Gecko) Chrome/36.0.1985.143 Safari/537.36"
46.218.59.235 - - [22/Oct/2014:10:18:15 +0200] "GET /assets/chartkick.js HTTP/1.1" 304 0 "https://aps.apientreprise.fr/" "Mozilla/5.0 (X11; Linux x86_64) AppleWebKit/537.36 (KHTML, like Gecko) Chrome/36.0.1985.143 Safari/537.36"
46.218.59.235 - - [22/Oct/2014:10:18:15 +0200] "GET /assets/application.css HTTP/1.1" 304 0 "https://aps.apientreprise.fr/" "Mozilla/5.0 (X11; Linux x86_64) AppleWebKit/537.36 (KHTML, like Gecko) Chrome/36.0.1985.143 Safari/537.36"
46.218.59.235 - - [22/Oct/2014:10:18:15 +0200] "GET /assets/application.js HTTP/1.1" 304 0 "https://aps.apientreprise.fr/" "Mozilla/5.0 (X11; Linux x86_64) AppleWebKit/537.36 (KHTML, like Gecko) Chrome/36.0.1985.143 Safari/537.36"
46.218.59.235 - - [22/Oct/2014:10:18:15 +0200] "GET /assets/marianne_small.png HTTP/1.1" 304 0 "https://aps.apientreprise.fr/" "Mozilla/5.0 (X11; Linux x86_64) AppleWebKit/537.36 (KHTML, like Gecko) Chrome/36.0.1985.143 Safari/537.36"
46.218.59.235 - - [22/Oct/2014:10:18:16 +0200] "GET /assets/application.js HTTP/1.1" 304 0 "https://aps.apientreprise.fr/" "Mozilla/5.0 (X11; Linux x86_64) AppleWebKit/537.36 (KHTML, like Gecko) Chrome/36.0.1985.143 Safari/537.36"
46.218.59.235 - - [22/Oct/2014:10:18:19 +0200] "GET / HTTP/1.1" 200 1281 "-" "Mozilla/5.0 (X11; Linux x86_64) AppleWebKit/537.36 (KHTML, like Gecko) Chrome/36.0.1985.143 Safari/537.36"
46.218.59.235 - - [22/Oct/2014:10:18:19 +0200] "GET /assets/chartkick.js HTTP/1.1" 304 0 "https://aps.apientreprise.fr/" "Mozilla/5.0 (X11; Linux x86_64) AppleWebKit/537.36 (KHTML, like Gecko) Chrome/36.0.1985.143 Safari/537.36"
46.218.59.235 - - [22/Oct/2014:10:18:19 +0200] "GET /assets/application.css HTTP/1.1" 304 0 "https://aps.apientreprise.fr/" "Mozilla/5.0 (X11; Linux x86_64) AppleWebKit/537.36 (KHTML, like Gecko) Chrome/36.0.1985.143 Safari/537.36"
46.218.59.235 - - [22/Oct/2014:10:18:19 +0200] "GET /assets/marianne_small.png HTTP/1.1" 304 0 "https://aps.apientreprise.fr/" "Mozilla/5.0 (X11; Linux x86_64) AppleWebKit/537.36 (KHTML, like Gecko) Chrome/36.0.1985.143 Safari/537.36"
46.218.59.235 - - [22/Oct/2014:10:18:19 +0200] "GET /assets/application.js HTTP/1.1" 304 0 "https://aps.apientreprise.fr/" "Mozilla/5.0 (X11; Linux x86_64) AppleWebKit/537.36 (KHTML, like Gecko) Chrome/36.0.1985.143 Safari/537.36"
46.218.59.235 - - [22/Oct/2014:10:18:22 +0200] "GET / HTTP/1.1" 200 1281 "-" "Mozilla/5.0 (X11; Linux x86_64) AppleWebKit/537.36 (KHTML, like Gecko) Chrome/36.0.1985.143 Safari/537.36"
46.218.59.235 - - [22/Oct/2014:10:18:22 +0200] "GET /assets/chartkick.js HTTP/1.1" 304 0 "https://aps.apientreprise.fr/" "Mozilla/5.0 (X11; Linux x86_64) AppleWebKit/537.36 (KHTML, like Gecko) Chrome/36.0.1985.143 Safari/537.36"
46.218.59.235 - - [22/Oct/2014:10:18:22 +0200] "GET /assets/application.css HTTP/1.1" 304 0 "https://aps.apientreprise.fr/" "Mozilla/5.0 (X11; Linux x86_64) AppleWebKit/537.36 (KHTML, like Gecko) Chrome/36.0.1985.143 Safari/537.36"
46.218.59.235 - - [22/Oct/2014:10:18:22 +0200] "GET /assets/application.js HTTP/1.1" 304 0 "https://aps.apientreprise.fr/" "Mozilla/5.0 (X11; Linux x86_64) AppleWebKit/537.36 (KHTML, like Gecko) Chrome/36.0.1985.143 Safari/537.36"
46.218.59.235 - - [22/Oct/2014:10:18:22 +0200] "GET /assets/marianne_small.png HTTP/1.1" 304 0 "https://aps.apientreprise.fr/" "Mozilla/5.0 (X11; Linux x86_64) AppleWebKit/537.36 (KHTML, like Gecko) Chrome/36.0.1985.143 Safari/537.36"
46.218.59.235 - - [22/Oct/2014:10:18:24 +0200] "GET / HTTP/1.1" 200 1281 "-" "Mozilla/5.0 (X11; Linux x86_64) AppleWebKit/537.36 (KHTML, like Gecko) Chrome/36.0.1985.143 Safari/537.36"
46.218.59.235 - - [22/Oct/2014:10:18:24 +0200] "GET /assets/chartkick.js HTTP/1.1" 304 0 "https://aps.apientreprise.fr/" "Mozilla/5.0 (X11; Linux x86_64) AppleWebKit/537.36 (KHTML, like Gecko) Chrome/36.0.1985.143 Safari/537.36"
46.218.59.235 - - [22/Oct/2014:10:18:24 +0200] "GET /assets/application.css HTTP/1.1" 304 0 "https://aps.apientreprise.fr/" "Mozilla/5.0 (X11; Linux x86_64) AppleWebKit/537.36 (KHTML, like Gecko) Chrome/36.0.1985.143 Safari/537.36"
46.218.59.235 - - [22/Oct/2014:10:18:24 +0200] "GET /assets/application.js HTTP/1.1" 304 0 "https://aps.apientreprise.fr/" "Mozilla/5.0 (X11; Linux x86_64) AppleWebKit/537.36 (KHTML, like Gecko) Chrome/36.0.1985.143 Safari/537.36"
46.218.59.235 - - [22/Oct/2014:10:18:24 +0200] "GET /assets/marianne_small.png HTTP/1.1" 304 0 "https://aps.apientreprise.fr/" "Mozilla/5.0 (X11; Linux x86_64) AppleWebKit/537.36 (KHTML, like Gecko) Chrome/36.0.1985.143 Safari/537.36"
46.218.59.235 - - [22/Oct/2014:10:18:24 +0200] "GET /assets/application.js HTTP/1.1" 304 0 "https://aps.apientreprise.fr/" "Mozilla/5.0 (X11; Linux x86_64) AppleWebKit/537.36 (KHTML, like Gecko) Chrome/36.0.1985.143 Safari/537.36"
46.218.59.235 - - [22/Oct/2014:10:18:24 +0200] "GET / HTTP/1.1" 200 1281 "-" "Mozilla/5.0 (X11; Linux x86_64) AppleWebKit/537.36 (KHTML, like Gecko) Chrome/36.0.1985.143 Safari/537.36"
46.218.59.235 - - [22/Oct/2014:10:18:24 +0200] "GET /assets/chartkick.js HTTP/1.1" 304 0 "https://aps.apientreprise.fr/" "Mozilla/5.0 (X11; Linux x86_64) AppleWebKit/537.36 (KHTML, like Gecko) Chrome/36.0.1985.143 Safari/537.36"
46.218.59.235 - - [22/Oct/2014:10:18:24 +0200] "GET /assets/application.css HTTP/1.1" 304 0 "https://aps.apientreprise.fr/" "Mozilla/5.0 (X11; Linux x86_64) AppleWebKit/537.36 (KHTML, like Gecko) Chrome/36.0.1985.143 Safari/537.36"
46.218.59.235 - - [22/Oct/2014:10:18:24 +0200] "GET /assets/application.js HTTP/1.1" 304 0 "https://aps.apientreprise.fr/" "Mozilla/5.0 (X11; Linux x86_64) AppleWebKit/537.36 (KHTML, like Gecko) Chrome/36.0.1985.143 Safari/537.36"
46.218.59.235 - - [22/Oct/2014:10:18:24 +0200] "GET /assets/marianne_small.png HTTP/1.1" 304 0 "https://aps.apientreprise.fr/" "Mozilla/5.0 (X11; Linux x86_64) AppleWebKit/537.36 (KHTML, like Gecko) Chrome/36.0.1985.143 Safari/537.36"
46.218.59.235 - - [22/Oct/2014:10:18:25 +0200] "GET /assets/application.js HTTP/1.1" 304 0 "https://aps.apientreprise.fr/" "Mozilla/5.0 (X11; Linux x86_64) AppleWebKit/537.36 (KHTML, like Gecko) Chrome/36.0.1985.143 Safari/537.36"
46.218.59.235 - - [22/Oct/2014:10:18:25 +0200] "GET / HTTP/1.1" 200 1476 "-" "Mozilla/5.0 (Macintosh; Intel Mac OS X 10_10_0) AppleWebKit/537.36 (KHTML, like Gecko) Chrome/38.0.2125.104 Safari/537.36"
46.218.59.235 - - [22/Oct/2014:10:18:25 +0200] "GET /assets/chartkick-7e2a56bd525d24598513aa91a3798194.js HTTP/1.1" 200 22858 "https://mps.apientreprise.fr/" "Mozilla/5.0 (Macintosh; Intel Mac OS X 10_10_0) AppleWebKit/537.36 (KHTML, like Gecko) Chrome/38.0.2125.104 Safari/537.36"
46.218.59.235 - - [22/Oct/2014:10:18:25 +0200] "GET /assets/marianne_small-793022a34c692fa376cbb27597150abf.png HTTP/1.1" 200 13700 "https://mps.apientreprise.fr/" "Mozilla/5.0 (Macintosh; Intel Mac OS X 10_10_0) AppleWebKit/537.36 (KHTML, like Gecko) Chrome/38.0.2125.104 Safari/537.36"
46.218.59.235 - - [22/Oct/2014:10:18:25 +0200] "GET /assets/application-57f59de0f137e90b6118ed3c77ad0565.css HTTP/1.1" 200 128474 "https://mps.apientreprise.fr/" "Mozilla/5.0 (Macintosh; Intel Mac OS X 10_10_0) AppleWebKit/537.36 (KHTML, like Gecko) Chrome/38.0.2125.104 Safari/537.36"
46.218.59.235 - - [22/Oct/2014:10:18:27 +0200] "GET /assets/welcome/header_background-22f3636112f75e9de0898edb74f1590d.jpg HTTP/1.1" 200 298861 "https://mps.apientreprise.fr/" "Mozilla/5.0 (Macintosh; Intel Mac OS X 10_10_0) AppleWebKit/537.36 (KHTML, like Gecko) Chrome/38.0.2125.104 Safari/537.36"
46.218.59.235 - - [22/Oct/2014:10:18:27 +0200] "GET /assets/application-1f2d113caed273b15394041f63f3492b.js HTTP/1.1" 200 471915 "https://mps.apientreprise.fr/" "Mozilla/5.0 (Macintosh; Intel Mac OS X 10_10_0) AppleWebKit/537.36 (KHTML, like Gecko) Chrome/38.0.2125.104 Safari/537.36"
46.218.59.235 - - [22/Oct/2014:10:18:28 +0200] "GET /assets/wg_handy_icons.woff HTTP/1.1" 404 650 "https://mps.apientreprise.fr/assets/application-57f59de0f137e90b6118ed3c77ad0565.css" "Mozilla/5.0 (Macintosh; Intel Mac OS X 10_10_0) AppleWebKit/537.36 (KHTML, like Gecko) Chrome/38.0.2125.104 Safari/537.36"
46.218.59.235 - - [22/Oct/2014:10:18:28 +0200] "GET /assets/wg_handy_icons.ttf HTTP/1.1" 404 650 "https://mps.apientreprise.fr/assets/application-57f59de0f137e90b6118ed3c77ad0565.css" "Mozilla/5.0 (Macintosh; Intel Mac OS X 10_10_0) AppleWebKit/537.36 (KHTML, like Gecko) Chrome/38.0.2125.104 Safari/537.36"
46.218.59.235 - - [22/Oct/2014:10:18:28 +0200] "GET /favicon.ico HTTP/1.1" 200 0 "-" "Mozilla/5.0 (Macintosh; Intel Mac OS X 10_10_0) AppleWebKit/537.36 (KHTML, like Gecko) Chrome/38.0.2125.104 Safari/537.36"
46.218.59.235 - - [22/Oct/2014:10:18:30 +0200] "GET /aides_searches?aide_search%5Bq%5D= HTTP/1.1" 302 106 "https://aps.apientreprise.fr/aides_searches?aide_search%5Bq%5D=" "Mozilla/5.0 (X11; Linux x86_64) AppleWebKit/537.36 (KHTML, like Gecko) Chrome/36.0.1985.143 Safari/537.36"
46.218.59.235 - - [22/Oct/2014:10:18:30 +0200] "GET / HTTP/1.1" 200 1328 "https://aps.apientreprise.fr/aides_searches?aide_search%5Bq%5D=" "Mozilla/5.0 (X11; Linux x86_64) AppleWebKit/537.36 (KHTML, like Gecko) Chrome/36.0.1985.143 Safari/537.36"
46.218.59.235 - - [22/Oct/2014:10:18:33 +0200] "POST /aides_searches HTTP/1.1" 302 106 "https://aps.apientreprise.fr/" "Mozilla/5.0 (X11; Linux x86_64) AppleWebKit/537.36 (KHTML, like Gecko) Chrome/36.0.1985.143 Safari/537.36"
46.218.59.235 - - [22/Oct/2014:10:18:33 +0200] "GET / HTTP/1.1" 200 1328 "https://aps.apientreprise.fr/" "Mozilla/5.0 (X11; Linux x86_64) AppleWebKit/537.36 (KHTML, like Gecko) Chrome/36.0.1985.143 Safari/537.36"
46.218.59.235 - - [22/Oct/2014:10:18:33 +0200] "GET /assets/application.css HTTP/1.1" 304 0 "https://aps.apientreprise.fr/" "Mozilla/5.0 (X11; Linux x86_64) AppleWebKit/537.36 (KHTML, like Gecko) Chrome/36.0.1985.143 Safari/537.36"
46.218.59.235 - - [22/Oct/2014:10:18:33 +0200] "GET /assets/chartkick.js HTTP/1.1" 304 0 "https://aps.apientreprise.fr/" "Mozilla/5.0 (X11; Linux x86_64) AppleWebKit/537.36 (KHTML, like Gecko) Chrome/36.0.1985.143 Safari/537.36"
46.218.59.235 - - [22/Oct/2014:10:18:33 +0200] "GET /assets/application.js HTTP/1.1" 304 0 "https://aps.apientreprise.fr/" "Mozilla/5.0 (X11; Linux x86_64) AppleWebKit/537.36 (KHTML, like Gecko) Chrome/36.0.1985.143 Safari/537.36"
46.218.59.235 - - [22/Oct/2014:10:18:33 +0200] "GET /assets/marianne_small.png HTTP/1.1" 304 0 "https://aps.apientreprise.fr/" "Mozilla/5.0 (X11; Linux x86_64) AppleWebKit/537.36 (KHTML, like Gecko) Chrome/36.0.1985.143 Safari/537.36"
46.218.59.235 - - [22/Oct/2014:10:18:42 +0200] "GET / HTTP/1.1" 301 193 "-" "Mozilla/5.0 (Macintosh; Intel Mac OS X 10_10_0) AppleWebKit/537.36 (KHTML, like Gecko) Chrome/38.0.2125.104 Safari/537.36"
46.218.59.235 - - [22/Oct/2014:10:18:42 +0200] "GET / HTTP/1.1" 200 1278 "-" "Mozilla/5.0 (Macintosh; Intel Mac OS X 10_10_0) AppleWebKit/537.36 (KHTML, like Gecko) Chrome/38.0.2125.104 Safari/537.36"
46.218.59.235 - - [22/Oct/2014:10:18:42 +0200] "GET /assets/chartkick.js HTTP/1.1" 304 0 "https://aps.apientreprise.fr/" "Mozilla/5.0 (Macintosh; Intel Mac OS X 10_10_0) AppleWebKit/537.36 (KHTML, like Gecko) Chrome/38.0.2125.104 Safari/537.36"
46.218.59.235 - - [22/Oct/2014:10:18:42 +0200] "GET /assets/application.css HTTP/1.1" 304 0 "https://aps.apientreprise.fr/" "Mozilla/5.0 (Macintosh; Intel Mac OS X 10_10_0) AppleWebKit/537.36 (KHTML, like Gecko) Chrome/38.0.2125.104 Safari/537.36"
46.218.59.235 - - [22/Oct/2014:10:18:42 +0200] "GET /assets/application.js HTTP/1.1" 304 0 "https://aps.apientreprise.fr/" "Mozilla/5.0 (Macintosh; Intel Mac OS X 10_10_0) AppleWebKit/537.36 (KHTML, like Gecko) Chrome/38.0.2125.104 Safari/537.36"
46.218.59.235 - - [22/Oct/2014:10:18:42 +0200] "GET /assets/marianne_small.png HTTP/1.1" 304 0 "https://aps.apientreprise.fr/" "Mozilla/5.0 (Macintosh; Intel Mac OS X 10_10_0) AppleWebKit/537.36 (KHTML, like Gecko) Chrome/38.0.2125.104 Safari/537.36"
46.218.59.235 - - [22/Oct/2014:10:18:42 +0200] "GET /assets/welcome/header_background.jpg HTTP/1.1" 304 0 "https://aps.apientreprise.fr/assets/application.css" "Mozilla/5.0 (Macintosh; Intel Mac OS X 10_10_0) AppleWebKit/537.36 (KHTML, like Gecko) Chrome/38.0.2125.104 Safari/537.36"
46.218.59.235 - - [22/Oct/2014:10:18:42 +0200] "GET /assets/wg_handy_icons.woff HTTP/1.1" 304 0 "https://aps.apientreprise.fr/assets/application.css" "Mozilla/5.0 (Macintosh; Intel Mac OS X 10_10_0) AppleWebKit/537.36 (KHTML, like Gecko) Chrome/38.0.2125.104 Safari/537.36"
46.218.59.235 - - [22/Oct/2014:10:18:51 +0200] "GET / HTTP/1.1" 200 1477 "-" "Mozilla/5.0 (X11; Linux x86_64) AppleWebKit/537.36 (KHTML, like Gecko) Chrome/36.0.1985.143 Safari/537.36"
46.218.59.235 - - [22/Oct/2014:10:18:51 +0200] "GET /assets/chartkick-7e2a56bd525d24598513aa91a3798194.js HTTP/1.1" 200 22858 "https://mps.apientreprise.fr/" "Mozilla/5.0 (X11; Linux x86_64) AppleWebKit/537.36 (KHTML, like Gecko) Chrome/36.0.1985.143 Safari/537.36"
46.218.59.235 - - [22/Oct/2014:10:18:51 +0200] "GET /assets/marianne_small-793022a34c692fa376cbb27597150abf.png HTTP/1.1" 200 13700 "https://mps.apientreprise.fr/" "Mozilla/5.0 (X11; Linux x86_64) AppleWebKit/537.36 (KHTML, like Gecko) Chrome/36.0.1985.143 Safari/537.36"
46.218.59.235 - - [22/Oct/2014:10:18:52 +0200] "GET /assets/application-57f59de0f137e90b6118ed3c77ad0565.css HTTP/1.1" 200 128474 "https://mps.apientreprise.fr/" "Mozilla/5.0 (X11; Linux x86_64) AppleWebKit/537.36 (KHTML, like Gecko) Chrome/36.0.1985.143 Safari/537.36"
46.218.59.235 - - [22/Oct/2014:10:18:53 +0200] "GET /assets/welcome/header_background-22f3636112f75e9de0898edb74f1590d.jpg HTTP/1.1" 200 298861 "https://mps.apientreprise.fr/" "Mozilla/5.0 (X11; Linux x86_64) AppleWebKit/537.36 (KHTML, like Gecko) Chrome/36.0.1985.143 Safari/537.36"
46.218.59.235 - - [22/Oct/2014:10:18:53 +0200] "GET /assets/application-1f2d113caed273b15394041f63f3492b.js HTTP/1.1" 200 471915 "https://mps.apientreprise.fr/" "Mozilla/5.0 (X11; Linux x86_64) AppleWebKit/537.36 (KHTML, like Gecko) Chrome/36.0.1985.143 Safari/537.36"
46.218.59.235 - - [22/Oct/2014:10:18:54 +0200] "GET /assets/wg_handy_icons.svg HTTP/1.1" 404 650 "https://mps.apientreprise.fr/" "Mozilla/5.0 (X11; Linux x86_64) AppleWebKit/537.36 (KHTML, like Gecko) Chrome/36.0.1985.143 Safari/537.36"
46.218.59.235 - - [22/Oct/2014:10:18:54 +0200] "GET /assets/wg_handy_icons.woff HTTP/1.1" 404 650 "https://mps.apientreprise.fr/" "Mozilla/5.0 (X11; Linux x86_64) AppleWebKit/537.36 (KHTML, like Gecko) Chrome/36.0.1985.143 Safari/537.36"
46.218.59.235 - - [22/Oct/2014:10:18:54 +0200] "GET /assets/wg_handy_icons.ttf HTTP/1.1" 404 650 "https://mps.apientreprise.fr/" "Mozilla/5.0 (X11; Linux x86_64) AppleWebKit/537.36 (KHTML, like Gecko) Chrome/36.0.1985.143 Safari/537.36"
46.218.59.235 - - [22/Oct/2014:10:18:54 +0200] "GET /favicon.ico HTTP/1.1" 200 0 "-" "Mozilla/5.0 (X11; Linux x86_64) AppleWebKit/537.36 (KHTML, like Gecko) Chrome/36.0.1985.143 Safari/537.36"
80.14.122.107 - - [22/Oct/2014:10:19:07 +0200] "GET /iframe/vendeur/candidatures/new?place_id=9&user_id=&appel_offre_id=AWS-MPI-251903&callback_url=https://www.marches-publics.info/mpiaws/retourMPS/4211597_5a4cb344d35a3218-25554CB4-0F7B-9B6D-B88A0C50055426CF/&siret=44392887400033 HTTP/1.1" 500 1792 "-" "Mozilla/5.0 (Windows NT 6.1; WOW64; rv:33.0) Gecko/20100101 Firefox/33.0"
46.218.59.235 - - [22/Oct/2014:10:19:09 +0200] "GET / HTTP/1.1" 200 1476 "-" "Mozilla/5.0 (Macintosh; Intel Mac OS X 10_10_0) AppleWebKit/537.36 (KHTML, like Gecko) Chrome/38.0.2125.104 Safari/537.36"
46.218.59.235 - - [22/Oct/2014:10:19:09 +0200] "GET /assets/chartkick-7e2a56bd525d24598513aa91a3798194.js HTTP/1.1" 304 0 "https://mps.apientreprise.fr/" "Mozilla/5.0 (Macintosh; Intel Mac OS X 10_10_0) AppleWebKit/537.36 (KHTML, like Gecko) Chrome/38.0.2125.104 Safari/537.36"
46.218.59.235 - - [22/Oct/2014:10:19:09 +0200] "GET /assets/application-57f59de0f137e90b6118ed3c77ad0565.css HTTP/1.1" 304 0 "https://mps.apientreprise.fr/" "Mozilla/5.0 (Macintosh; Intel Mac OS X 10_10_0) AppleWebKit/537.36 (KHTML, like Gecko) Chrome/38.0.2125.104 Safari/537.36"
46.218.59.235 - - [22/Oct/2014:10:19:09 +0200] "GET /assets/application-1f2d113caed273b15394041f63f3492b.js HTTP/1.1" 304 0 "https://mps.apientreprise.fr/" "Mozilla/5.0 (Macintosh; Intel Mac OS X 10_10_0) AppleWebKit/537.36 (KHTML, like Gecko) Chrome/38.0.2125.104 Safari/537.36"
46.218.59.235 - - [22/Oct/2014:10:19:09 +0200] "GET /assets/marianne_small-793022a34c692fa376cbb27597150abf.png HTTP/1.1" 304 0 "https://mps.apientreprise.fr/" "Mozilla/5.0 (Macintosh; Intel Mac OS X 10_10_0) AppleWebKit/537.36 (KHTML, like Gecko) Chrome/38.0.2125.104 Safari/537.36"
46.218.59.235 - - [22/Oct/2014:10:19:09 +0200] "GET /assets/welcome/header_background-22f3636112f75e9de0898edb74f1590d.jpg HTTP/1.1" 304 0 "https://mps.apientreprise.fr/" "Mozilla/5.0 (Macintosh; Intel Mac OS X 10_10_0) AppleWebKit/537.36 (KHTML, like Gecko) Chrome/38.0.2125.104 Safari/537.36"
46.218.59.235 - - [22/Oct/2014:10:19:09 +0200] "GET /favicon.ico HTTP/1.1" 200 0 "-" "Mozilla/5.0 (Macintosh; Intel Mac OS X 10_10_0) AppleWebKit/537.36 (KHTML, like Gecko) Chrome/38.0.2125.104 Safari/537.36"
46.218.59.235 - - [22/Oct/2014:10:19:11 +0200] "GET / HTTP/1.1" 200 1476 "-" "Mozilla/5.0 (Macintosh; Intel Mac OS X 10_10_0) AppleWebKit/537.36 (KHTML, like Gecko) Chrome/38.0.2125.104 Safari/537.36"
46.218.59.235 - - [22/Oct/2014:10:19:11 +0200] "GET /assets/chartkick-7e2a56bd525d24598513aa91a3798194.js HTTP/1.1" 304 0 "https://mps.apientreprise.fr/" "Mozilla/5.0 (Macintosh; Intel Mac OS X 10_10_0) AppleWebKit/537.36 (KHTML, like Gecko) Chrome/38.0.2125.104 Safari/537.36"
46.218.59.235 - - [22/Oct/2014:10:19:11 +0200] "GET /assets/application-57f59de0f137e90b6118ed3c77ad0565.css HTTP/1.1" 304 0 "https://mps.apientreprise.fr/" "Mozilla/5.0 (Macintosh; Intel Mac OS X 10_10_0) AppleWebKit/537.36 (KHTML, like Gecko) Chrome/38.0.2125.104 Safari/537.36"
46.218.59.235 - - [22/Oct/2014:10:19:11 +0200] "GET /assets/application-1f2d113caed273b15394041f63f3492b.js HTTP/1.1" 304 0 "https://mps.apientreprise.fr/" "Mozilla/5.0 (Macintosh; Intel Mac OS X 10_10_0) AppleWebKit/537.36 (KHTML, like Gecko) Chrome/38.0.2125.104 Safari/537.36"
46.218.59.235 - - [22/Oct/2014:10:19:11 +0200] "GET /assets/marianne_small-793022a34c692fa376cbb27597150abf.png HTTP/1.1" 304 0 "https://mps.apientreprise.fr/" "Mozilla/5.0 (Macintosh; Intel Mac OS X 10_10_0) AppleWebKit/537.36 (KHTML, like Gecko) Chrome/38.0.2125.104 Safari/537.36"
46.218.59.235 - - [22/Oct/2014:10:19:11 +0200] "GET /assets/welcome/header_background-22f3636112f75e9de0898edb74f1590d.jpg HTTP/1.1" 304 0 "https://mps.apientreprise.fr/" "Mozilla/5.0 (Macintosh; Intel Mac OS X 10_10_0) AppleWebKit/537.36 (KHTML, like Gecko) Chrome/38.0.2125.104 Safari/537.36"
46.218.59.235 - - [22/Oct/2014:10:19:11 +0200] "GET /favicon.ico HTTP/1.1" 200 0 "-" "Mozilla/5.0 (Macintosh; Intel Mac OS X 10_10_0) AppleWebKit/537.36 (KHTML, like Gecko) Chrome/38.0.2125.104 Safari/537.36"
46.218.59.235 - - [22/Oct/2014:10:19:16 +0200] "GET /favicon.ico HTTP/1.1" 200 0 "-" "Mozilla/5.0 (Macintosh; Intel Mac OS X 10_10_0) AppleWebKit/537.36 (KHTML, like Gecko) Chrome/38.0.2125.104 Safari/537.36"
46.218.59.235 - - [22/Oct/2014:10:19:16 +0200] "GET /appels_offres_searches?appel_offre_search%5Bq%5D= HTTP/1.1" 200 6591 "https://mps.apientreprise.fr/appels_offres_searches?appel_offre_search%5Bq%5D=" "Mozilla/5.0 (Macintosh; Intel Mac OS X 10_10_0) AppleWebKit/537.36 (KHTML, like Gecko) Chrome/38.0.2125.104 Safari/537.36"
46.218.59.235 - - [22/Oct/2014:10:19:20 +0200] "GET /favicon.ico HTTP/1.1" 200 0 "-" "Mozilla/5.0 (Macintosh; Intel Mac OS X 10_10_0) AppleWebKit/537.36 (KHTML, like Gecko) Chrome/38.0.2125.104 Safari/537.36"
46.218.59.235 - - [22/Oct/2014:10:19:49 +0200] "GET /assets/application.css HTTP/1.1" 304 0 "https://aps.apientreprise.fr/" "Mozilla/5.0 (Macintosh; Intel Mac OS X 10_10_0) AppleWebKit/537.36 (KHTML, like Gecko) Chrome/38.0.2125.104 Safari/537.36"
80.14.122.107 - - [22/Oct/2014:10:19:53 +0200] "GET /iframe/vendeur/candidatures/new?place_id=9&user_id=&appel_offre_id=AWS-MPI-252573&callback_url=https://www.marches-publics.info/mpiaws/retourMPS/4211597_5a4cb344d35a3218-25554CB4-0F7B-9B6D-B88A0C50055426CF/&siret=44392887400033&CFID=4211597&CFTOKEN=5a4cb344d35a3218-25554CB4-0F7B-9B6D-B88A0C50055426CF HTTP/1.1" 500 1792 "https://www.marches-publics.info/mpiaws/index.cfm?fuseaction=demat.verifDepot&IDS=25&IDM=252573&chCtrlSe=FD1FFF1B9B2C740B60E343896A228CE3&CFID=4211597&CFTOKEN=5a4cb344d35a3218-25554CB4-0F7B-9B6D-B88A0C50055426CF" "Mozilla/5.0 (Windows NT 6.1; WOW64; rv:33.0) Gecko/20100101 Firefox/33.0"
80.14.122.107 - - [22/Oct/2014:10:20:08 +0200] "GET /iframe/vendeur/candidatures/new?place_id=9&user_id=&appel_offre_id=AWS-MPI-251913&callback_url=https://www.marches-publics.info/mpiaws/retourMPS/4211597_5a4cb344d35a3218-25554CB4-0F7B-9B6D-B88A0C50055426CF/&siret=44392887400033&CFID=4211597&CFTOKEN=5a4cb344d35a3218-25554CB4-0F7B-9B6D-B88A0C50055426CF HTTP/1.1" 500 1792 "https://www.marches-publics.info/mpiaws/index.cfm?fuseaction=demat.verifDepot&IDS=25&IDM=251913&chCtrlSe=0FD4A4D9BD177B69141FB06DD3C592E0&CFID=4211597&CFTOKEN=5a4cb344d35a3218-25554CB4-0F7B-9B6D-B88A0C50055426CF" "Mozilla/5.0 (Windows NT 6.1; WOW64; rv:33.0) Gecko/20100101 Firefox/33.0"
84.14.203.2 - - [22/Oct/2014:10:20:23 +0200] "GET /assets/marianne_small-78924cf2008df797f6858f3ec3696d9a.png HTTP/1.1" 404 208 "http://worldwarweb.r14.railsrumble.com/game" "Mozilla/5.0 (Macintosh; Intel Mac OS X 10_10_0) AppleWebKit/537.36 (KHTML, like Gecko) Chrome/38.0.2125.104 Safari/537.36"
80.14.122.107 - - [22/Oct/2014:10:20:44 +0200] "GET /iframe/vendeur/candidatures/new?place_id=9&user_id=&appel_offre_id=AWS-MPI-251903&callback_url=https://www.marches-publics.info/mpiaws/retourMPS/4211597_5a4cb344d35a3218-25554CB4-0F7B-9B6D-B88A0C50055426CF/&siret=44392887400033&CFID=4211597&CFTOKEN=5a4cb344d35a3218-25554CB4-0F7B-9B6D-B88A0C50055426CF HTTP/1.1" 500 1792 "https://www.marches-publics.info/mpiaws/index.cfm?fuseaction=demat.verifDepot&IDS=25&IDM=251903&chCtrlSe=F8FB25C5C6EA5E43210738BB6FF910CD&CFID=4211597&CFTOKEN=5a4cb344d35a3218-25554CB4-0F7B-9B6D-B88A0C50055426CF" "Mozilla/5.0 (Windows NT 6.1; WOW64; rv:33.0) Gecko/20100101 Firefox/33.0"
80.14.122.107 - - [22/Oct/2014:10:20:47 +0200] "GET /iframe/vendeur/candidatures/new?place_id=9&user_id=&appel_offre_id=AWS-MPI-251903&callback_url=https://www.marches-publics.info/mpiaws/retourMPS/4211597_5a4cb344d35a3218-25554CB4-0F7B-9B6D-B88A0C50055426CF/&siret=44392887400033&CFID=4211597&CFTOKEN=5a4cb344d35a3218-25554CB4-0F7B-9B6D-B88A0C50055426CF HTTP/1.1" 404 151 "-" "Mozilla/5.0 (Windows NT 6.1; WOW64; rv:33.0) Gecko/20100101 Firefox/33.0"
80.14.122.107 - - [22/Oct/2014:10:20:47 +0200] "GET /favicon.ico HTTP/1.1" 404 151 "-" "Mozilla/5.0 (Windows NT 6.1; WOW64; rv:33.0) Gecko/20100101 Firefox/33.0"
80.14.122.107 - - [22/Oct/2014:10:20:47 +0200] "GET /favicon.ico HTTP/1.1" 404 151 "-" "Mozilla/5.0 (Windows NT 6.1; WOW64; rv:33.0) Gecko/20100101 Firefox/33.0"
80.14.122.107 - - [22/Oct/2014:10:20:47 +0200] "GET /favicon.ico HTTP/1.1" 404 151 "-" "Mozilla/5.0 (Windows NT 6.1; WOW64; rv:33.0) Gecko/20100101 Firefox/33.0"
84.14.203.2 - - [22/Oct/2014:10:23:18 +0200] "GET /assets/marianne_small-78924cf2008df797f6858f3ec3696d9a.png HTTP/1.1" 404 208 "http://worldwarweb.r14.railsrumble.com/game" "Mozilla/5.0 (Macintosh; Intel Mac OS X 10_10_0) AppleWebKit/537.36 (KHTML, like Gecko) Chrome/38.0.2125.104 Safari/537.36"
109.7.102.98 - - [22/Oct/2014:10:23:34 +0200] "GET /redirection/vendeur/candidatures/new?place_id=5&user_id=&siret=&appel_offre_id=DEMO_MPS_21976_w0d_E-Bourgogne&callback_url=https%3A%2F%2Fmarches.e-bourgogne.fr%2Findex.php5%3Fpage%3Dentreprise.FormulaireReponseConsultation%26ref%3D21976%26org%3Dw0d%26orgAcronyme%3Dw0d HTTP/1.1" 404 151 "-" "Mozilla/5.0 (Windows NT 5.1; rv:14.0) Gecko/20100101 Firefox/14.0.1"
46.218.59.235 - - [22/Oct/2014:10:23:36 +0200] "GET / HTTP/1.1" 301 193 "-" "Mozilla/5.0 (X11; Linux x86_64) AppleWebKit/537.36 (KHTML, like Gecko) Chrome/36.0.1985.143 Safari/537.36"
46.218.59.235 - - [22/Oct/2014:10:23:36 +0200] "GET / HTTP/1.1" 200 1281 "-" "Mozilla/5.0 (X11; Linux x86_64) AppleWebKit/537.36 (KHTML, like Gecko) Chrome/36.0.1985.143 Safari/537.36"
46.218.59.235 - - [22/Oct/2014:10:23:36 +0200] "GET /assets/chartkick.js HTTP/1.1" 304 0 "https://aps.apientreprise.fr/" "Mozilla/5.0 (X11; Linux x86_64) AppleWebKit/537.36 (KHTML, like Gecko) Chrome/36.0.1985.143 Safari/537.36"
46.218.59.235 - - [22/Oct/2014:10:23:36 +0200] "GET /assets/application.css HTTP/1.1" 304 0 "https://aps.apientreprise.fr/" "Mozilla/5.0 (X11; Linux x86_64) AppleWebKit/537.36 (KHTML, like Gecko) Chrome/36.0.1985.143 Safari/537.36"
46.218.59.235 - - [22/Oct/2014:10:23:36 +0200] "GET /assets/application.js HTTP/1.1" 304 0 "https://aps.apientreprise.fr/" "Mozilla/5.0 (X11; Linux x86_64) AppleWebKit/537.36 (KHTML, like Gecko) Chrome/36.0.1985.143 Safari/537.36"
46.218.59.235 - - [22/Oct/2014:10:23:36 +0200] "GET /assets/marianne_small.png HTTP/1.1" 304 0 "https://aps.apientreprise.fr/" "Mozilla/5.0 (X11; Linux x86_64) AppleWebKit/537.36 (KHTML, like Gecko) Chrome/36.0.1985.143 Safari/537.36"
46.218.59.235 - - [22/Oct/2014:10:23:36 +0200] "GET /assets/welcome/header_background.jpg HTTP/1.1" 304 0 "https://aps.apientreprise.fr/" "Mozilla/5.0 (X11; Linux x86_64) AppleWebKit/537.36 (KHTML, like Gecko) Chrome/36.0.1985.143 Safari/537.36"
46.218.59.235 - - [22/Oct/2014:10:23:36 +0200] "GET /assets/wg_handy_icons.svg HTTP/1.1" 304 0 "https://aps.apientreprise.fr/" "Mozilla/5.0 (X11; Linux x86_64) AppleWebKit/537.36 (KHTML, like Gecko) Chrome/36.0.1985.143 Safari/537.36"
46.218.59.235 - - [22/Oct/2014:10:23:36 +0200] "GET /assets/wg_handy_icons.woff HTTP/1.1" 304 0 "https://aps.apientreprise.fr/" "Mozilla/5.0 (X11; Linux x86_64) AppleWebKit/537.36 (KHTML, like Gecko) Chrome/36.0.1985.143 Safari/537.36"
109.7.102.98 - - [22/Oct/2014:10:25:16 +0200] "GET /redirection/vendeur/candidatures/new?place_id=5&user_id=&siret=&appel_offre_id=DEMO_MPS_21976_w0d_E-Bourgogne&callback_url=https%3A%2F%2Fmarches.e-bourgogne.fr%2Findex.php5%3Fpage%3Dentreprise.FormulaireReponseConsultation%26ref%3D21976%26org%3Dw0d%26orgAcronyme%3Dw0d HTTP/1.1" 404 151 "-" "Mozilla/5.0 (Windows NT 5.1; rv:14.0) Gecko/20100101 Firefox/14.0.1"
212.234.218.50 - - [22/Oct/2014:10:25:21 +0200] "GET /favicon.ico HTTP/1.1" 404 208 "-" "Mozilla/5.0 (compatible; MSIE 9.0; Windows NT 6.1; Trident/5.0)"
212.234.218.50 - - [22/Oct/2014:10:25:49 +0200] "GET /favicon.ico HTTP/1.1" 404 208 "-" "Mozilla/5.0 (compatible; MSIE 9.0; Windows NT 6.1; Trident/5.0)"
84.14.203.2 - - [22/Oct/2014:10:26:25 +0200] "GET /assets/marianne_small-78924cf2008df797f6858f3ec3696d9a.png HTTP/1.1" 404 208 "http://worldwarweb.r14.railsrumble.com/game" "Mozilla/5.0 (Macintosh; Intel Mac OS X 10_10_0) AppleWebKit/537.36 (KHTML, like Gecko) Chrome/38.0.2125.104 Safari/537.36"
81.252.22.129 - - [22/Oct/2014:10:26:39 +0200] "GET /redirection/acheteur/candidatures/3161.pdf?place_id=8&pin=1546 HTTP/1.1" 302 159 "-" "Mozilla/4.0 (compatible; MSIE 8.0; Windows NT 5.1; Trident/4.0; .NET CLR 2.0.50727; .NET4.0C; .NET4.0E; .NET CLR 3.0.4506.2152; .NET CLR 3.5.30729; .NET CLR 1.1.4322)"
81.252.22.129 - - [22/Oct/2014:10:26:39 +0200] "GET /redirection/acheteur/signin/Poitiers_86_20140926W2_01 HTTP/1.1" 200 1456 "-" "Mozilla/4.0 (compatible; MSIE 8.0; Windows NT 5.1; Trident/4.0; .NET CLR 2.0.50727; .NET4.0C; .NET4.0E; .NET CLR 3.0.4506.2152; .NET CLR 3.5.30729; .NET CLR 1.1.4322)"
81.252.22.129 - - [22/Oct/2014:10:26:39 +0200] "GET /assets/chartkick-7e2a56bd525d24598513aa91a3798194.js HTTP/1.1" 200 22858 "https://mps.apientreprise.fr/redirection/acheteur/signin/Poitiers_86_20140926W2_01" "Mozilla/4.0 (compatible; MSIE 8.0; Windows NT 5.1; Trident/4.0; .NET CLR 2.0.50727; .NET4.0C; .NET4.0E; .NET CLR 3.0.4506.2152; .NET CLR 3.5.30729; .NET CLR 1.1.4322)"
81.252.22.129 - - [22/Oct/2014:10:26:39 +0200] "GET /assets/application-57f59de0f137e90b6118ed3c77ad0565.css HTTP/1.1" 200 128474 "https://mps.apientreprise.fr/redirection/acheteur/signin/Poitiers_86_20140926W2_01" "Mozilla/4.0 (compatible; MSIE 8.0; Windows NT 5.1; Trident/4.0; .NET CLR 2.0.50727; .NET4.0C; .NET4.0E; .NET CLR 3.0.4506.2152; .NET CLR 3.5.30729; .NET CLR 1.1.4322)"
81.252.22.129 - - [22/Oct/2014:10:26:39 +0200] "GET /assets/wg_handy_icons.eot? HTTP/1.1" 404 650 "https://mps.apientreprise.fr/redirection/acheteur/signin/Poitiers_86_20140926W2_01" "Mozilla/4.0 (compatible; MSIE 8.0; Windows NT 5.1; Trident/4.0; .NET CLR 2.0.50727; .NET4.0C; .NET4.0E; .NET CLR 3.0.4506.2152; .NET CLR 3.5.30729; .NET CLR 1.1.4322)"
81.252.22.129 - - [22/Oct/2014:10:26:39 +0200] "GET /assets/application-1f2d113caed273b15394041f63f3492b.js HTTP/1.1" 200 471915 "https://mps.apientreprise.fr/redirection/acheteur/signin/Poitiers_86_20140926W2_01" "Mozilla/4.0 (compatible; MSIE 8.0; Windows NT 5.1; Trident/4.0; .NET CLR 2.0.50727; .NET4.0C; .NET4.0E; .NET CLR 3.0.4506.2152; .NET CLR 3.5.30729; .NET CLR 1.1.4322)"
81.252.22.129 - - [22/Oct/2014:10:26:39 +0200] "GET /assets/marianne_small-793022a34c692fa376cbb27597150abf.png HTTP/1.1" 200 13700 "https://mps.apientreprise.fr/redirection/acheteur/signin/Poitiers_86_20140926W2_01" "Mozilla/4.0 (compatible; MSIE 8.0; Windows NT 5.1; Trident/4.0; .NET CLR 2.0.50727; .NET4.0C; .NET4.0E; .NET CLR 3.0.4506.2152; .NET CLR 3.5.30729; .NET CLR 1.1.4322)"
81.252.22.129 - - [22/Oct/2014:10:26:39 +0200] "GET /favicon.ico HTTP/1.1" 200 0 "-" "Mozilla/4.0 (compatible; MSIE 8.0; Windows NT 5.1; Trident/4.0; .NET CLR 2.0.50727; .NET4.0C; .NET4.0E; .NET CLR 3.0.4506.2152; .NET CLR 3.5.30729; .NET CLR 1.1.4322)"
109.7.102.98 - - [22/Oct/2014:10:27:16 +0200] "GET /redirection/vendeur/candidatures/new?place_id=5&user_id=26358&siret=&appel_offre_id=DEMO_MPS_21976_w0d_E-Bourgogne&callback_url=https%3A%2F%2Fmarches.e-bourgogne.fr%2Findex.php5%3Fpage%3Dentreprise.FormulaireReponseConsultation%26ref%3D21976%26org%3Dw0d%26orgAcronyme%3Dw0d HTTP/1.1" 404 151 "-" "Mozilla/5.0 (Windows NT 5.1; rv:14.0) Gecko/20100101 Firefox/14.0.1"
109.7.102.98 - - [22/Oct/2014:10:28:04 +0200] "GET /redirection/vendeur/candidatures/new?place_id=5&user_id=26358&siret=&appel_offre_id=DEMO_MPS_21976_w0d_E-Bourgogne&callback_url=https%3A%2F%2Fmarches.e-bourgogne.fr%2Findex.php5%3Fpage%3Dentreprise.FormulaireReponseConsultation%26ref%3D21976%26org%3Dw0d%26orgAcronyme%3Dw0d HTTP/1.1" 404 151 "-" "Mozilla/5.0 (Windows NT 5.1; rv:14.0) Gecko/20100101 Firefox/14.0.1"
145.242.20.230 - - [22/Oct/2014:10:28:52 +0200] "GET / HTTP/1.1" 200 396 "-" "Mozilla/4.0 (compatible; MSIE 8.0; Windows NT 6.1; Trident/4.0; SLCC2; .NET CLR 2.0.50727; .NET CLR 3.5.30729; .NET CLR 3.0.30729; .NET4.0C)"
145.242.20.230 - - [22/Oct/2014:10:28:52 +0200] "GET /favicon.ico HTTP/1.1" 404 208 "-" "Mozilla/4.0 (compatible; MSIE 8.0; Windows NT 6.1; Trident/4.0; SLCC2; .NET CLR 2.0.50727; .NET CLR 3.5.30729; .NET CLR 3.0.30729; .NET4.0C)"
109.7.102.98 - - [22/Oct/2014:10:29:09 +0200] "GET /redirection/vendeur/candidatures/new?place_id=5&user_id=&siret=&appel_offre_id=DEMO_MPS_21976_w0d_E-Bourgogne&callback_url=https%3A%2F%2Fmarches.e-bourgogne.fr%2Findex.php5%3Fpage%3Dentreprise.FormulaireReponseConsultation%26ref%3D21976%26org%3Dw0d%26orgAcronyme%3Dw0d HTTP/1.1" 404 151 "-" "Mozilla/5.0 (Windows NT 5.1; rv:14.0) Gecko/20100101 Firefox/14.0.1"
84.14.203.2 - - [22/Oct/2014:10:29:35 +0200] "GET /assets/marianne_small-78924cf2008df797f6858f3ec3696d9a.png HTTP/1.1" 404 208 "http://worldwarweb.r14.railsrumble.com/game" "Mozilla/5.0 (Macintosh; Intel Mac OS X 10_10_0) AppleWebKit/537.36 (KHTML, like Gecko) Chrome/38.0.2125.104 Safari/537.36"
46.218.85.146 - - [22/Oct/2014:10:30:11 +0200] "GET /redirection/vendeur/candidatures/new?place_id=5&user_id=&siret=&appel_offre_id=DEMO_MPS_21976_w0d_E-Bourgogne&callback_url=https%3A%2F%2Fmarches.e-bourgogne.fr%2Findex.php5%3Fpage%3Dentreprise.FormulaireReponseConsultation%26ref%3D21976%26org%3Dw0d%26orgAcronyme%3Dw0d HTTP/1.1" 404 208 "-" "Mozilla/5.0 (Windows NT 6.1; WOW64) AppleWebKit/537.36 (KHTML, like Gecko) Chrome/38.0.2125.104 Safari/537.36"
46.218.85.146 - - [22/Oct/2014:10:30:11 +0200] "GET /favicon.ico HTTP/1.1" 404 208 "-" "Mozilla/5.0 (Windows NT 6.1; WOW64) AppleWebKit/537.36 (KHTML, like Gecko) Chrome/38.0.2125.104 Safari/537.36"
46.218.85.146 - - [22/Oct/2014:10:32:04 +0200] "GET /redirection/vendeur/candidatures/new?place_id=5&user_id=18957&siret=44491456800019&appel_offre_id=DEMO_MPS_21976_w0d_E-Bourgogne&callback_url=https%3A%2F%2Fmarches.e-bourgogne.fr%2Findex.php5%3Fpage%3Dentreprise.FormulaireReponseConsultation%26ref%3D21976%26org%3Dw0d%26orgAcronyme%3Dw0d HTTP/1.1" 404 208 "-" "Mozilla/5.0 (Windows NT 6.1; WOW64) AppleWebKit/537.36 (KHTML, like Gecko) Chrome/38.0.2125.104 Safari/537.36"
