80.13.34.196 - - [22/Oct/2014:09:24:15 +0200] "GET /redirection/vendeur/candidatures/new?place_id=8&siret=&user_id=&appel_offre_id=Poitiers_86_20141006W2_01&callback_url=https%3A%2F%2Fwww.marches-securises.fr%2Fentreprise%2F%3Fmodule%3Dreponse%7Cdepot%26cle_dce%3D1412605567cws91u24m9zk HTTP/1.1" 302 148 "https://www.marches-securises.fr/entreprise/?module=reponse|depot&cle_dce=1412605567cws91u24m9zk" "Mozilla/5.0 (Windows NT 6.1) AppleWebKit/537.36 (KHTML, like Gecko) Chrome/38.0.2125.104 Safari/537.36"
80.13.34.196 - - [22/Oct/2014:09:24:15 +0200] "GET /redirection/vendeur/candidatures/3887/edit HTTP/1.1" 200 1652 "https://www.marches-securises.fr/entreprise/?module=reponse|depot&cle_dce=1412605567cws91u24m9zk" "Mozilla/5.0 (Windows NT 6.1) AppleWebKit/537.36 (KHTML, like Gecko) Chrome/38.0.2125.104 Safari/537.36"
80.13.34.196 - - [22/Oct/2014:09:24:16 +0200] "GET /assets/chartkick-7e2a56bd525d24598513aa91a3798194.js HTTP/1.1" 200 22858 "https://mps.apientreprise.fr/redirection/vendeur/candidatures/3887/edit" "Mozilla/5.0 (Windows NT 6.1) AppleWebKit/537.36 (KHTML, like Gecko) Chrome/38.0.2125.104 Safari/537.36"
80.13.34.196 - - [22/Oct/2014:09:24:16 +0200] "GET /assets/marianne_small-793022a34c692fa376cbb27597150abf.png HTTP/1.1" 200 13700 "https://mps.apientreprise.fr/redirection/vendeur/candidatures/3887/edit" "Mozilla/5.0 (Windows NT 6.1) AppleWebKit/537.36 (KHTML, like Gecko) Chrome/38.0.2125.104 Safari/537.36"
80.13.34.196 - - [22/Oct/2014:09:24:16 +0200] "GET /assets/application-57f59de0f137e90b6118ed3c77ad0565.css HTTP/1.1" 200 128474 "https://mps.apientreprise.fr/redirection/vendeur/candidatures/3887/edit" "Mozilla/5.0 (Windows NT 6.1) AppleWebKit/537.36 (KHTML, like Gecko) Chrome/38.0.2125.104 Safari/537.36"
80.13.34.196 - - [22/Oct/2014:09:24:19 +0200] "GET /assets/application-1f2d113caed273b15394041f63f3492b.js HTTP/1.1" 200 471915 "https://mps.apientreprise.fr/redirection/vendeur/candidatures/3887/edit" "Mozilla/5.0 (Windows NT 6.1) AppleWebKit/537.36 (KHTML, like Gecko) Chrome/38.0.2125.104 Safari/537.36"
80.13.34.196 - - [22/Oct/2014:09:24:19 +0200] "GET /favicon.ico HTTP/1.1" 200 0 "-" "Mozilla/5.0 (Windows NT 6.1) AppleWebKit/537.36 (KHTML, like Gecko) Chrome/38.0.2125.104 Safari/537.36"
80.15.81.147 - - [22/Oct/2014:09:24:21 +0200] "GET /iframe/vendeur/candidatures/new?place_id=8&siret=76569062102035&user_id=&appel_offre_id=Poitiers_86_20141006W2_01&callback_url=https%3A%2F%2Fwww.marches-securises.fr%2Fentreprise%2F%3Fmodule%3Dreponse%7Cdepot_redirect%26cle_dce%3D1412605567cws91u24m9zk HTTP/1.1" 200 405 "https://www.marches-securises.fr/entreprise/?module=reponse|depot&cle_dce=1412605567cws91u24m9zk" "Mozilla/5.0 (Windows NT 6.1; rv:31.0) Gecko/20100101 Firefox/31.0"
80.13.34.196 - - [22/Oct/2014:09:24:26 +0200] "GET /iframe/vendeur/candidatures/new?place_id=8&siret=&user_id=&appel_offre_id=Poitiers_86_20141006W2_01&callback_url=https%3A%2F%2Fwww.marches-securises.fr%2Fentreprise%2F%3Fmodule%3Dreponse%7Cdepot_redirect%26cle_dce%3D1412605567cws91u24m9zk HTTP/1.1" 302 143 "https://www.marches-securises.fr/entreprise/?module=reponse|depot&cle_dce=1412605567cws91u24m9zk" "Mozilla/5.0 (Windows NT 6.1) AppleWebKit/537.36 (KHTML, like Gecko) Chrome/38.0.2125.104 Safari/537.36"
80.13.34.196 - - [22/Oct/2014:09:24:26 +0200] "GET /iframe/vendeur/candidatures/3889/edit HTTP/1.1" 200 1218 "https://www.marches-securises.fr/entreprise/?module=reponse|depot&cle_dce=1412605567cws91u24m9zk" "Mozilla/5.0 (Windows NT 6.1) AppleWebKit/537.36 (KHTML, like Gecko) Chrome/38.0.2125.104 Safari/537.36"
84.14.203.2 - - [22/Oct/2014:09:26:08 +0200] "GET /assets/marianne_small-78924cf2008df797f6858f3ec3696d9a.png HTTP/1.1" 404 208 "http://worldwarweb.r14.railsrumble.com/game" "Mozilla/5.0 (Macintosh; Intel Mac OS X 10_10_0) AppleWebKit/537.36 (KHTML, like Gecko) Chrome/38.0.2125.104 Safari/537.36"
84.14.203.2 - - [22/Oct/2014:09:29:07 +0200] "GET /assets/marianne_small-78924cf2008df797f6858f3ec3696d9a.png HTTP/1.1" 404 208 "http://worldwarweb.r14.railsrumble.com/game" "Mozilla/5.0 (Macintosh; Intel Mac OS X 10_10_0) AppleWebKit/537.36 (KHTML, like Gecko) Chrome/38.0.2125.104 Safari/537.36"
84.14.203.2 - - [22/Oct/2014:09:32:08 +0200] "GET /assets/marianne_small-78924cf2008df797f6858f3ec3696d9a.png HTTP/1.1" 404 208 "http://worldwarweb.r14.railsrumble.com/game" "Mozilla/5.0 (Macintosh; Intel Mac OS X 10_10_0) AppleWebKit/537.36 (KHTML, like Gecko) Chrome/38.0.2125.104 Safari/537.36"
84.14.203.2 - - [22/Oct/2014:09:35:10 +0200] "GET /assets/marianne_small-78924cf2008df797f6858f3ec3696d9a.png HTTP/1.1" 404 208 "http://worldwarweb.r14.railsrumble.com/game" "Mozilla/5.0 (Macintosh; Intel Mac OS X 10_10_0) AppleWebKit/537.36 (KHTML, like Gecko) Chrome/38.0.2125.104 Safari/537.36"
84.14.203.2 - - [22/Oct/2014:09:38:08 +0200] "GET /assets/marianne_small-78924cf2008df797f6858f3ec3696d9a.png HTTP/1.1" 404 208 "http://worldwarweb.r14.railsrumble.com/game" "Mozilla/5.0 (Macintosh; Intel Mac OS X 10_10_0) AppleWebKit/537.36 (KHTML, like Gecko) Chrome/38.0.2125.104 Safari/537.36"
84.14.203.2 - - [22/Oct/2014:09:41:09 +0200] "GET /assets/marianne_small-78924cf2008df797f6858f3ec3696d9a.png HTTP/1.1" 404 208 "http://worldwarweb.r14.railsrumble.com/game" "Mozilla/5.0 (Macintosh; Intel Mac OS X 10_10_0) AppleWebKit/537.36 (KHTML, like Gecko) Chrome/38.0.2125.104 Safari/537.36"
76.72.172.208 - - [22/Oct/2014:09:41:17 +0200] "GET / HTTP/1.1" 200 396 "-" "Pingdom.com_bot_version_1.4_(http://www.pingdom.com/)"
84.14.203.2 - - [22/Oct/2014:09:44:12 +0200] "GET /assets/marianne_small-78924cf2008df797f6858f3ec3696d9a.png HTTP/1.1" 404 208 "http://worldwarweb.r14.railsrumble.com/game" "Mozilla/5.0 (Macintosh; Intel Mac OS X 10_10_0) AppleWebKit/537.36 (KHTML, like Gecko) Chrome/38.0.2125.104 Safari/537.36"
91.236.161.2 - - [22/Oct/2014:09:45:31 +0200] "GET / HTTP/1.0" 200 612 "-" "Mozilla/5.0 (compatible; MSIE 10.0; Windows NT 6.1; WOW64; Trident/6.0)"
91.236.161.2 - - [22/Oct/2014:09:45:31 +0200] "GET /favicon.ico HTTP/1.0" 404 579 "-" "Mozilla/5.0 (compatible; MSIE 10.0; Windows NT 6.1; WOW64; Trident/6.0)"
91.236.161.2 - - [22/Oct/2014:09:45:52 +0200] "GET /favicon.ico HTTP/1.0" 404 579 "-" "Mozilla/5.0 (compatible; MSIE 10.0; Windows NT 6.1; WOW64; Trident/6.0)"
84.14.203.2 - - [22/Oct/2014:09:47:13 +0200] "GET /assets/marianne_small-78924cf2008df797f6858f3ec3696d9a.png HTTP/1.1" 404 208 "http://worldwarweb.r14.railsrumble.com/game" "Mozilla/5.0 (Macintosh; Intel Mac OS X 10_10_0) AppleWebKit/537.36 (KHTML, like Gecko) Chrome/38.0.2125.104 Safari/537.36"
195.101.137.127 - - [22/Oct/2014:09:49:50 +0200] "GET / HTTP/1.1" 200 612 "-" "Mozilla/5.0 (Windows NT 6.1; WOW64; rv:24.0) Gecko/20100101 Firefox/24.0"
195.101.137.127 - - [22/Oct/2014:09:49:50 +0200] "GET /favicon.ico HTTP/1.1" 404 177 "-" "Mozilla/5.0 (Windows NT 6.1; WOW64; rv:24.0) Gecko/20100101 Firefox/24.0"
91.103.237.197 - - [22/Oct/2014:09:50:02 +0200] "GET /docs HTTP/1.1" 404 579 "http://www.google.fr/url?sa=t&rct=j&q=&esrc=s&frm=1&source=web&cd=1&ved=0CCEQFjAA&url=http%3A%2F%2Fmps.apientreprise.fr%2Fdocs&ei=pmFHVMq0CpDXasykgdAP&usg=AFQjCNEHmsAWQCkLsc-lemO3hnqHxiHvtw&bvm=bv.77880786,d.d2s" "Mozilla/5.0 (compatible; MSIE 9.0; Windows NT 6.1; WOW64; Trident/5.0)"
91.103.237.197 - - [22/Oct/2014:09:50:08 +0200] "GET / HTTP/1.1" 301 193 "http://www.google.fr/url?sa=t&rct=j&q=&esrc=s&frm=1&source=web&cd=2&ved=0CCYQFjAB&url=http%3A%2F%2Fmps-dev.apientreprise.fr%2F&ei=pmFHVMq0CpDXasykgdAP&usg=AFQjCNHY__niDmv9rVRKhkZpU0FwO_tY1g" "Mozilla/5.0 (compatible; MSIE 9.0; Windows NT 6.1; WOW64; Trident/5.0)"
91.103.237.197 - - [22/Oct/2014:09:50:10 +0200] "GET / HTTP/1.1" 200 1478 "http://www.google.fr/url?sa=t&rct=j&q=&esrc=s&frm=1&source=web&cd=2&ved=0CCYQFjAB&url=http%3A%2F%2Fmps-dev.apientreprise.fr%2F&ei=pmFHVMq0CpDXasykgdAP&usg=AFQjCNHY__niDmv9rVRKhkZpU0FwO_tY1g" "Mozilla/5.0 (compatible; MSIE 9.0; Windows NT 6.1; WOW64; Trident/5.0)"
91.103.237.197 - - [22/Oct/2014:09:50:10 +0200] "GET /assets/marianne_small-057d409b6c26727386074b37c2b3e4d5.png HTTP/1.1" 200 13700 "https://mps-dev.apientreprise.fr/" "Mozilla/5.0 (compatible; MSIE 9.0; Windows NT 6.1; WOW64; Trident/5.0)"
91.103.237.197 - - [22/Oct/2014:09:50:10 +0200] "GET /assets/chartkick-951b9a454abdbfd520ce56aa3c8c91f6.js HTTP/1.1" 200 22858 "https://mps-dev.apientreprise.fr/" "Mozilla/5.0 (compatible; MSIE 9.0; Windows NT 6.1; WOW64; Trident/5.0)"
91.103.237.197 - - [22/Oct/2014:09:50:10 +0200] "GET /assets/application-1b1beff9f265645671f4fb6456058394.css HTTP/1.1" 200 128474 "https://mps-dev.apientreprise.fr/" "Mozilla/5.0 (compatible; MSIE 9.0; Windows NT 6.1; WOW64; Trident/5.0)"
91.103.237.197 - - [22/Oct/2014:09:50:11 +0200] "GET /assets/welcome/header_background-d92638dde7a56755c09759f848042509.jpg HTTP/1.1" 200 298861 "https://mps-dev.apientreprise.fr/" "Mozilla/5.0 (compatible; MSIE 9.0; Windows NT 6.1; WOW64; Trident/5.0)"
91.103.237.197 - - [22/Oct/2014:09:50:12 +0200] "GET /assets/application-2f2e8af111ff00e9f8b71a2eb95e7059.js HTTP/1.1" 200 471915 "https://mps-dev.apientreprise.fr/" "Mozilla/5.0 (compatible; MSIE 9.0; Windows NT 6.1; WOW64; Trident/5.0)"
91.103.237.197 - - [22/Oct/2014:09:50:12 +0200] "GET /assets/wg_handy_icons.eot? HTTP/1.1" 404 650 "https://mps-dev.apientreprise.fr/" "Mozilla/5.0 (compatible; MSIE 9.0; Windows NT 6.1; WOW64; Trident/5.0)"
91.103.237.197 - - [22/Oct/2014:09:50:12 +0200] "GET /assets/wg_handy_icons.woff HTTP/1.1" 404 650 "https://mps-dev.apientreprise.fr/" "Mozilla/5.0 (compatible; MSIE 9.0; Windows NT 6.1; WOW64; Trident/5.0)"
91.103.237.197 - - [22/Oct/2014:09:50:12 +0200] "GET /assets/wg_handy_icons.ttf HTTP/1.1" 404 650 "https://mps-dev.apientreprise.fr/" "Mozilla/5.0 (compatible; MSIE 9.0; Windows NT 6.1; WOW64; Trident/5.0)"
91.103.237.197 - - [22/Oct/2014:09:50:13 +0200] "GET /favicon.ico HTTP/1.1" 200 0 "-" "Mozilla/5.0 (compatible; MSIE 9.0; Windows NT 6.1; WOW64; Trident/5.0)"
84.14.203.2 - - [22/Oct/2014:09:50:15 +0200] "GET /assets/marianne_small-78924cf2008df797f6858f3ec3696d9a.png HTTP/1.1" 404 208 "http://worldwarweb.r14.railsrumble.com/game" "Mozilla/5.0 (Macintosh; Intel Mac OS X 10_10_0) AppleWebKit/537.36 (KHTML, like Gecko) Chrome/38.0.2125.104 Safari/537.36"
91.103.237.197 - - [22/Oct/2014:09:50:50 +0200] "GET /redirection/vendeur/candidatures/3434/edit HTTP/1.1" 404 579 "http://www.google.fr/url?sa=t&rct=j&q=&esrc=s&frm=1&source=web&cd=6&ved=0CDwQFjAF&url=http%3A%2F%2Fmps.apientreprise.fr%2Fredirection%2Fvendeur%2Fcandidatures%2F3434%2Fedit&ei=pmFHVMq0CpDXasykgdAP&usg=AFQjCNH4KXuQzTcwArN3tSs8Yc-8t8JOGw" "Mozilla/5.0 (compatible; MSIE 9.0; Windows NT 6.1; WOW64; Trident/5.0)"
91.103.237.197 - - [22/Oct/2014:09:51:03 +0200] "GET /cgu_mps.pdf HTTP/1.1" 404 579 "http://www.google.fr/url?sa=t&rct=j&q=&esrc=s&frm=1&source=web&cd=7&ved=0CEEQFjAG&url=http%3A%2F%2Fmps.apientreprise.fr%2Fcgu_mps.pdf&ei=pmFHVMq0CpDXasykgdAP&usg=AFQjCNGFRwTrCtgKVdSN2CP8uy5lTwly0g" "Mozilla/5.0 (compatible; MSIE 9.0; Windows NT 6.1; WOW64; Trident/5.0)"
91.103.237.197 - - [22/Oct/2014:09:51:10 +0200] "GET /stats HTTP/1.1" 404 579 "http://www.google.fr/url?sa=t&rct=j&q=&esrc=s&frm=1&source=web&cd=8&ved=0CEYQFjAH&url=http%3A%2F%2Fmps.apientreprise.fr%2Fstats&ei=pmFHVMq0CpDXasykgdAP&usg=AFQjCNF-XABqqFX9bCyGAcLI7b2uZDhWrg" "Mozilla/5.0 (compatible; MSIE 9.0; Windows NT 6.1; WOW64; Trident/5.0)"
150.70.97.126 - - [22/Oct/2014:09:51:14 +0200] "GET /docs HTTP/1.1" 404 579 "-" "Mozilla/4.0 (compatible; MSIE 8.0; Windows NT 5.1; Trident/4.0)"
150.70.97.114 - - [22/Oct/2014:09:51:16 +0200] "GET /redirection/vendeur/candidatures/3434/edit HTTP/1.1" 404 579 "-" "Mozilla/4.0 (compatible; MSIE 8.0; Windows NT 5.1; Trident/4.0)"
91.103.237.197 - - [22/Oct/2014:09:51:18 +0200] "GET /stats HTTP/1.1" 301 193 "http://www.google.fr/url?sa=t&rct=j&q=&esrc=s&frm=1&source=web&cd=9&ved=0CEsQFjAI&url=http%3A%2F%2Fmps-dev.apientreprise.fr%2Fstats&ei=pmFHVMq0CpDXasykgdAP&usg=AFQjCNHiiXZaHvxCbK2zDnCF4jQIvFt2ug" "Mozilla/5.0 (compatible; MSIE 9.0; Windows NT 6.1; WOW64; Trident/5.0)"
91.103.237.197 - - [22/Oct/2014:09:51:18 +0200] "GET /stats HTTP/1.1" 200 1539 "http://www.google.fr/url?sa=t&rct=j&q=&esrc=s&frm=1&source=web&cd=9&ved=0CEsQFjAI&url=http%3A%2F%2Fmps-dev.apientreprise.fr%2Fstats&ei=pmFHVMq0CpDXasykgdAP&usg=AFQjCNHiiXZaHvxCbK2zDnCF4jQIvFt2ug" "Mozilla/5.0 (compatible; MSIE 9.0; Windows NT 6.1; WOW64; Trident/5.0)"
91.103.237.197 - - [22/Oct/2014:09:51:18 +0200] "GET /favicon.ico HTTP/1.1" 200 0 "-" "Mozilla/5.0 (compatible; MSIE 9.0; Windows NT 6.1; WOW64; Trident/5.0)"
150.70.173.51 - - [22/Oct/2014:09:52:10 +0200] "GET /cgu_mps.pdf HTTP/1.1" 404 579 "-" "Mozilla/4.0 (compatible; MSIE 8.0; Windows NT 5.1; Trident/4.0)"
150.70.173.54 - - [22/Oct/2014:09:52:12 +0200] "GET /stats HTTP/1.1" 404 579 "-" "Mozilla/4.0 (compatible; MSIE 8.0; Windows NT 5.1; Trident/4.0)"
150.70.97.97 - - [22/Oct/2014:09:52:20 +0200] "GET / HTTP/1.1" 301 193 "-" "Mozilla/4.0 (compatible; MSIE 8.0; Windows NT 5.1; Trident/4.0)"
91.103.237.197 - - [22/Oct/2014:09:52:47 +0200] "GET / HTTP/1.1" 301 193 "-" "Mozilla/5.0 (compatible; MSIE 9.0; Windows NT 6.1; WOW64; Trident/5.0)"
91.103.237.197 - - [22/Oct/2014:09:52:47 +0200] "GET / HTTP/1.1" 200 1476 "-" "Mozilla/5.0 (compatible; MSIE 9.0; Windows NT 6.1; WOW64; Trident/5.0)"
91.103.237.197 - - [22/Oct/2014:09:52:47 +0200] "GET /assets/chartkick-7e2a56bd525d24598513aa91a3798194.js HTTP/1.1" 200 16120 "https://www.apientreprise.fr/" "Mozilla/5.0 (compatible; MSIE 9.0; Windows NT 6.1; WOW64; Trident/5.0)"
91.103.237.197 - - [22/Oct/2014:09:52:47 +0200] "GET /assets/marianne_small-793022a34c692fa376cbb27597150abf.png HTTP/1.1" 200 13700 "https://www.apientreprise.fr/" "Mozilla/5.0 (compatible; MSIE 9.0; Windows NT 6.1; WOW64; Trident/5.0)"
91.103.237.197 - - [22/Oct/2014:09:52:47 +0200] "GET /assets/chartkick-7e2a56bd525d24598513aa91a3798194.js HTTP/1.1" 200 22858 "https://www.apientreprise.fr/" "Mozilla/5.0 (compatible; MSIE 9.0; Windows NT 6.1; WOW64; Trident/5.0)"
91.103.237.197 - - [22/Oct/2014:09:52:48 +0200] "GET /assets/application-57f59de0f137e90b6118ed3c77ad0565.css HTTP/1.1" 200 128474 "https://www.apientreprise.fr/" "Mozilla/5.0 (compatible; MSIE 9.0; Windows NT 6.1; WOW64; Trident/5.0)"
91.103.237.197 - - [22/Oct/2014:09:52:49 +0200] "GET /assets/welcome/header_background-22f3636112f75e9de0898edb74f1590d.jpg HTTP/1.1" 200 298861 "https://www.apientreprise.fr/" "Mozilla/5.0 (compatible; MSIE 9.0; Windows NT 6.1; WOW64; Trident/5.0)"
91.103.237.197 - - [22/Oct/2014:09:52:49 +0200] "GET /assets/application-1f2d113caed273b15394041f63f3492b.js HTTP/1.1" 200 471915 "https://www.apientreprise.fr/" "Mozilla/5.0 (compatible; MSIE 9.0; Windows NT 6.1; WOW64; Trident/5.0)"
91.103.237.197 - - [22/Oct/2014:09:52:50 +0200] "GET /assets/wg_handy_icons.eot? HTTP/1.1" 404 650 "https://www.apientreprise.fr/" "Mozilla/5.0 (compatible; MSIE 9.0; Windows NT 6.1; WOW64; Trident/5.0)"
91.103.237.197 - - [22/Oct/2014:09:52:50 +0200] "GET /assets/wg_handy_icons.woff HTTP/1.1" 404 650 "https://www.apientreprise.fr/" "Mozilla/5.0 (compatible; MSIE 9.0; Windows NT 6.1; WOW64; Trident/5.0)"
91.103.237.197 - - [22/Oct/2014:09:52:50 +0200] "GET /assets/wg_handy_icons.ttf HTTP/1.1" 404 650 "https://www.apientreprise.fr/" "Mozilla/5.0 (compatible; MSIE 9.0; Windows NT 6.1; WOW64; Trident/5.0)"
91.103.237.197 - - [22/Oct/2014:09:52:50 +0200] "GET /favicon.ico HTTP/1.1" 200 0 "-" "Mozilla/5.0 (compatible; MSIE 9.0; Windows NT 6.1; WOW64; Trident/5.0)"
212.234.218.194 - - [22/Oct/2014:09:53:00 +0200] "GET / HTTP/1.1" 200 396 "-" "Mozilla/5.0 (Windows NT 6.1; WOW64; rv:24.0) Gecko/20100101 Firefox/24.0"
212.234.218.194 - - [22/Oct/2014:09:53:00 +0200] "GET /favicon.ico HTTP/1.1" 404 151 "-" "Mozilla/5.0 (Windows NT 6.1; WOW64; rv:24.0) Gecko/20100101 Firefox/24.0"
91.103.237.197 - - [22/Oct/2014:09:53:00 +0200] "GET /appels_offres_searches?appel_offre_search%5Bq%5D= HTTP/1.1" 200 6591 "https://www.apientreprise.fr/" "Mozilla/5.0 (compatible; MSIE 9.0; Windows NT 6.1; WOW64; Trident/5.0)"
91.103.237.197 - - [22/Oct/2014:09:53:01 +0200] "GET /favicon.ico HTTP/1.1" 200 0 "-" "Mozilla/5.0 (compatible; MSIE 9.0; Windows NT 6.1; WOW64; Trident/5.0)"
84.14.203.2 - - [22/Oct/2014:09:53:13 +0200] "GET /assets/marianne_small-78924cf2008df797f6858f3ec3696d9a.png HTTP/1.1" 404 208 "http://worldwarweb.r14.railsrumble.com/game" "Mozilla/5.0 (Macintosh; Intel Mac OS X 10_10_0) AppleWebKit/537.36 (KHTML, like Gecko) Chrome/38.0.2125.104 Safari/537.36"
212.234.218.52 - - [22/Oct/2014:09:54:08 +0200] "GET / HTTP/1.1" 200 396 "-" "Mozilla/5.0 (Windows NT 6.1; rv:17.0) Gecko/20100101 Firefox/17.0"
212.234.218.52 - - [22/Oct/2014:09:54:08 +0200] "GET /favicon.ico HTTP/1.1" 404 151 "-" "Mozilla/5.0 (Windows NT 6.1; rv:17.0) Gecko/20100101 Firefox/17.0"
150.70.173.41 - - [22/Oct/2014:09:54:32 +0200] "GET / HTTP/1.1" 301 193 "-" "Mozilla/4.0 (compatible; MSIE 8.0; Windows NT 5.1; Trident/4.0)"
90.20.201.105 - - [22/Oct/2014:09:55:42 +0200] "GET / HTTP/1.1" 200 396 "-" "Mozilla/5.0 (compatible; MSIE 10.0; Windows NT 6.2; WOW64; Trident/6.0; ASU2JS)"
90.20.201.105 - - [22/Oct/2014:09:55:44 +0200] "GET /favicon.ico HTTP/1.1" 404 208 "-" "Mozilla/5.0 (compatible; MSIE 10.0; Windows NT 6.2; Win64; x64; Trident/6.0; ASU2JS)"
90.20.201.105 - - [22/Oct/2014:09:56:02 +0200] "GET /favicon.ico HTTP/1.1" 404 208 "-" "Mozilla/5.0 (compatible; MSIE 10.0; Windows NT 6.2; Win64; x64; Trident/6.0; ASU2JS)"
84.14.203.2 - - [22/Oct/2014:09:56:15 +0200] "GET /assets/marianne_small-78924cf2008df797f6858f3ec3696d9a.png HTTP/1.1" 404 208 "http://worldwarweb.r14.railsrumble.com/game" "Mozilla/5.0 (Macintosh; Intel Mac OS X 10_10_0) AppleWebKit/537.36 (KHTML, like Gecko) Chrome/38.0.2125.104 Safari/537.36"
82.103.125.1 - - [22/Oct/2014:09:58:08 +0200] "GET /redirection/vendeur/candidatures/new?place_id=9&appel_offre_id=CSL_2014_dhfnjCPm4t&user_id=mtest&callback_url=https%3A%2F%2Fdila.qual.apc.internal%3A443%2Fsdm%2Fent%2Fpli%2FmpsBack.do%3FPCSLID%3DCSL_2014_dhfnjCPm4t%26cycNum%3D0%26pliId%3D23706746 HTTP/1.1" 200 845 "https://dila.qual.apc.internal/sdm/ent/dce/sauvegarderRepondreContactEnt.do?PCSLID=CSL_2014_dhfnjCPm4t&cycNum=0&depotLot=ok" "Mozilla/5.0 (Windows NT 6.1; WOW64; rv:33.0) Gecko/20100101 Firefox/33.0"
82.103.125.1 - - [22/Oct/2014:09:58:08 +0200] "GET /assets/chartkick-951b9a454abdbfd520ce56aa3c8c91f6.js HTTP/1.1" 200 22858 "https://mps-dev.apientreprise.fr/redirection/vendeur/candidatures/new?place_id=9&appel_offre_id=CSL_2014_dhfnjCPm4t&user_id=mtest&callback_url=https%3A%2F%2Fdila.qual.apc.internal%3A443%2Fsdm%2Fent%2Fpli%2FmpsBack.do%3FPCSLID%3DCSL_2014_dhfnjCPm4t%26cycNum%3D0%26pliId%3D23706746" "Mozilla/5.0 (Windows NT 6.1; WOW64; rv:33.0) Gecko/20100101 Firefox/33.0"
82.103.125.1 - - [22/Oct/2014:09:58:08 +0200] "GET /assets/application-1b1beff9f265645671f4fb6456058394.css HTTP/1.1" 200 128474 "https://mps-dev.apientreprise.fr/redirection/vendeur/candidatures/new?place_id=9&appel_offre_id=CSL_2014_dhfnjCPm4t&user_id=mtest&callback_url=https%3A%2F%2Fdila.qual.apc.internal%3A443%2Fsdm%2Fent%2Fpli%2FmpsBack.do%3FPCSLID%3DCSL_2014_dhfnjCPm4t%26cycNum%3D0%26pliId%3D23706746" "Mozilla/5.0 (Windows NT 6.1; WOW64; rv:33.0) Gecko/20100101 Firefox/33.0"
82.103.125.1 - - [22/Oct/2014:09:58:09 +0200] "GET /assets/application-2f2e8af111ff00e9f8b71a2eb95e7059.js HTTP/1.1" 200 471915 "https://mps-dev.apientreprise.fr/redirection/vendeur/candidatures/new?place_id=9&appel_offre_id=CSL_2014_dhfnjCPm4t&user_id=mtest&callback_url=https%3A%2F%2Fdila.qual.apc.internal%3A443%2Fsdm%2Fent%2Fpli%2FmpsBack.do%3FPCSLID%3DCSL_2014_dhfnjCPm4t%26cycNum%3D0%26pliId%3D23706746" "Mozilla/5.0 (Windows NT 6.1; WOW64; rv:33.0) Gecko/20100101 Firefox/33.0"
82.103.125.1 - - [22/Oct/2014:09:58:09 +0200] "GET /assets/marianne_small-057d409b6c26727386074b37c2b3e4d5.png HTTP/1.1" 200 13700 "https://mps-dev.apientreprise.fr/redirection/vendeur/candidatures/new?place_id=9&appel_offre_id=CSL_2014_dhfnjCPm4t&user_id=mtest&callback_url=https%3A%2F%2Fdila.qual.apc.internal%3A443%2Fsdm%2Fent%2Fpli%2FmpsBack.do%3FPCSLID%3DCSL_2014_dhfnjCPm4t%26cycNum%3D0%26pliId%3D23706746" "Mozilla/5.0 (Windows NT 6.1; WOW64; rv:33.0) Gecko/20100101 Firefox/33.0"
82.103.125.1 - - [22/Oct/2014:09:58:09 +0200] "GET /favicon.ico HTTP/1.1" 200 0 "-" "Mozilla/5.0 (Windows NT 6.1; WOW64; rv:33.0) Gecko/20100101 Firefox/33.0"
84.14.203.2 - - [22/Oct/2014:09:59:16 +0200] "GET /assets/marianne_small-78924cf2008df797f6858f3ec3696d9a.png HTTP/1.1" 404 208 "http://worldwarweb.r14.railsrumble.com/game" "Mozilla/5.0 (Macintosh; Intel Mac OS X 10_10_0) AppleWebKit/537.36 (KHTML, like Gecko) Chrome/38.0.2125.104 Safari/537.36"
37.162.203.155 - - [22/Oct/2014:10:00:38 +0200] "GET / HTTP/1.1" 200 396 "-" "Mozilla/5.0 (iPhone; CPU iPhone OS 7_0_4 like Mac OS X) AppleWebKit/537.51.1 (KHTML, like Gecko) Version/7.0 Mobile/11B554a Safari/9537.53"
90.20.201.105 - - [22/Oct/2014:10:01:16 +0200] "GET /stats HTTP/1.1" 404 208 "http://www.google.fr/url?sa=t&rct=j&q=&esrc=s&frm=1&source=web&cd=2&ved=0CCgQFjAB&url=http%3A%2F%2Fmps.apientreprise.fr%2Fstats&ei=OGRHVLXYH8TKPePbgMAC&usg=AFQjCNF-XABqqFX9bCyGAcLI7b2uZDhWrg" "Mozilla/5.0 (compatible; MSIE 10.0; Windows NT 6.2; WOW64; Trident/6.0; ASU2JS)"
37.162.203.155 - - [22/Oct/2014:10:01:50 +0200] "GET / HTTP/1.1" 301 193 "-" "Mozilla/5.0 (iPhone; CPU iPhone OS 7_0_4 like Mac OS X) AppleWebKit/537.51.1 (KHTML, like Gecko) Version/7.0 Mobile/11B554a Safari/9537.53"
37.162.203.155 - - [22/Oct/2014:10:01:52 +0200] "GET / HTTP/1.1" 200 1477 "-" "Mozilla/5.0 (iPhone; CPU iPhone OS 7_0_4 like Mac OS X) AppleWebKit/537.51.1 (KHTML, like Gecko) Version/7.0 Mobile/11B554a Safari/9537.53"
37.162.203.155 - - [22/Oct/2014:10:01:52 +0200] "GET /assets/chartkick-951b9a454abdbfd520ce56aa3c8c91f6.js HTTP/1.1" 200 22858 "https://mps-dev.apientreprise.fr/" "Mozilla/5.0 (iPhone; CPU iPhone OS 7_0_4 like Mac OS X) AppleWebKit/537.51.1 (KHTML, like Gecko) Version/7.0 Mobile/11B554a Safari/9537.53"
37.162.203.155 - - [22/Oct/2014:10:01:53 +0200] "GET /assets/application-1b1beff9f265645671f4fb6456058394.css HTTP/1.1" 200 128474 "https://mps-dev.apientreprise.fr/" "Mozilla/5.0 (iPhone; CPU iPhone OS 7_0_4 like Mac OS X) AppleWebKit/537.51.1 (KHTML, like Gecko) Version/7.0 Mobile/11B554a Safari/9537.53"
37.162.203.155 - - [22/Oct/2014:10:01:54 +0200] "GET /assets/application-2f2e8af111ff00e9f8b71a2eb95e7059.js HTTP/1.1" 200 471915 "https://mps-dev.apientreprise.fr/" "Mozilla/5.0 (iPhone; CPU iPhone OS 7_0_4 like Mac OS X) AppleWebKit/537.51.1 (KHTML, like Gecko) Version/7.0 Mobile/11B554a Safari/9537.53"
37.162.203.155 - - [22/Oct/2014:10:01:55 +0200] "GET /assets/marianne_small-057d409b6c26727386074b37c2b3e4d5.png HTTP/1.1" 200 13700 "https://mps-dev.apientreprise.fr/" "Mozilla/5.0 (iPhone; CPU iPhone OS 7_0_4 like Mac OS X) AppleWebKit/537.51.1 (KHTML, like Gecko) Version/7.0 Mobile/11B554a Safari/9537.53"
37.162.203.155 - - [22/Oct/2014:10:01:56 +0200] "GET /assets/wg_handy_icons.svg HTTP/1.1" 404 650 "https://mps-dev.apientreprise.fr/" "Mozilla/5.0 (iPhone; CPU iPhone OS 7_0_4 like Mac OS X) AppleWebKit/537.51.1 (KHTML, like Gecko) Version/7.0 Mobile/11B554a Safari/9537.53"
37.162.203.155 - - [22/Oct/2014:10:01:56 +0200] "GET /assets/wg_handy_icons.woff HTTP/1.1" 404 650 "https://mps-dev.apientreprise.fr/" "Mozilla/5.0 (iPhone; CPU iPhone OS 7_0_4 like Mac OS X) AppleWebKit/537.51.1 (KHTML, like Gecko) Version/7.0 Mobile/11B554a Safari/9537.53"
37.162.203.155 - - [22/Oct/2014:10:01:56 +0200] "GET /assets/welcome/header_background-d92638dde7a56755c09759f848042509.jpg HTTP/1.1" 200 298861 "https://mps-dev.apientreprise.fr/" "Mozilla/5.0 (iPhone; CPU iPhone OS 7_0_4 like Mac OS X) AppleWebKit/537.51.1 (KHTML, like Gecko) Version/7.0 Mobile/11B554a Safari/9537.53"
37.162.203.155 - - [22/Oct/2014:10:01:56 +0200] "GET /assets/wg_handy_icons.ttf HTTP/1.1" 404 650 "https://mps-dev.apientreprise.fr/" "Mozilla/5.0 (iPhone; CPU iPhone OS 7_0_4 like Mac OS X) AppleWebKit/537.51.1 (KHTML, like Gecko) Version/7.0 Mobile/11B554a Safari/9537.53"
84.14.203.2 - - [22/Oct/2014:10:02:16 +0200] "GET /assets/marianne_small-78924cf2008df797f6858f3ec3696d9a.png HTTP/1.1" 404 208 "http://worldwarweb.r14.railsrumble.com/game" "Mozilla/5.0 (Macintosh; Intel Mac OS X 10_10_0) AppleWebKit/537.36 (KHTML, like Gecko) Chrome/38.0.2125.104 Safari/537.36"
37.162.203.155 - - [22/Oct/2014:10:02:27 +0200] "GET / HTTP/1.1" 200 1481 "-" "Mozilla/5.0 (iPhone; CPU iPhone OS 7_0_4 like Mac OS X) AppleWebKit/537.51.1 (KHTML, like Gecko) Version/7.0 Mobile/11B554a Safari/9537.53"
37.162.203.155 - - [22/Oct/2014:10:02:27 +0200] "GET /assets/chartkick-7e2a56bd525d24598513aa91a3798194.js HTTP/1.1" 200 22858 "https://mps.apientreprise.fr/" "Mozilla/5.0 (iPhone; CPU iPhone OS 7_0_4 like Mac OS X) AppleWebKit/537.51.1 (KHTML, like Gecko) Version/7.0 Mobile/11B554a Safari/9537.53"
37.162.203.155 - - [22/Oct/2014:10:02:28 +0200] "GET /assets/application-57f59de0f137e90b6118ed3c77ad0565.css HTTP/1.1" 200 128474 "https://mps.apientreprise.fr/" "Mozilla/5.0 (iPhone; CPU iPhone OS 7_0_4 like Mac OS X) AppleWebKit/537.51.1 (KHTML, like Gecko) Version/7.0 Mobile/11B554a Safari/9537.53"
37.162.203.155 - - [22/Oct/2014:10:02:28 +0200] "GET /assets/application-1f2d113caed273b15394041f63f3492b.js HTTP/1.1" 200 471915 "https://mps.apientreprise.fr/" "Mozilla/5.0 (iPhone; CPU iPhone OS 7_0_4 like Mac OS X) AppleWebKit/537.51.1 (KHTML, like Gecko) Version/7.0 Mobile/11B554a Safari/9537.53"
37.162.203.155 - - [22/Oct/2014:10:02:29 +0200] "GET /assets/marianne_small-793022a34c692fa376cbb27597150abf.png HTTP/1.1" 200 13700 "https://mps.apientreprise.fr/" "Mozilla/5.0 (iPhone; CPU iPhone OS 7_0_4 like Mac OS X) AppleWebKit/537.51.1 (KHTML, like Gecko) Version/7.0 Mobile/11B554a Safari/9537.53"
37.162.203.155 - - [22/Oct/2014:10:02:30 +0200] "GET /assets/wg_handy_icons.svg HTTP/1.1" 404 650 "https://mps.apientreprise.fr/" "Mozilla/5.0 (iPhone; CPU iPhone OS 7_0_4 like Mac OS X) AppleWebKit/537.51.1 (KHTML, like Gecko) Version/7.0 Mobile/11B554a Safari/9537.53"
37.162.203.155 - - [22/Oct/2014:10:02:30 +0200] "GET /assets/wg_handy_icons.woff HTTP/1.1" 404 650 "https://mps.apientreprise.fr/" "Mozilla/5.0 (iPhone; CPU iPhone OS 7_0_4 like Mac OS X) AppleWebKit/537.51.1 (KHTML, like Gecko) Version/7.0 Mobile/11B554a Safari/9537.53"
37.162.203.155 - - [22/Oct/2014:10:02:30 +0200] "GET /assets/welcome/header_background-22f3636112f75e9de0898edb74f1590d.jpg HTTP/1.1" 200 298861 "https://mps.apientreprise.fr/" "Mozilla/5.0 (iPhone; CPU iPhone OS 7_0_4 like Mac OS X) AppleWebKit/537.51.1 (KHTML, like Gecko) Version/7.0 Mobile/11B554a Safari/9537.53"
37.162.203.155 - - [22/Oct/2014:10:02:30 +0200] "GET /assets/wg_handy_icons.ttf HTTP/1.1" 404 650 "https://mps.apientreprise.fr/" "Mozilla/5.0 (iPhone; CPU iPhone OS 7_0_4 like Mac OS X) AppleWebKit/537.51.1 (KHTML, like Gecko) Version/7.0 Mobile/11B554a Safari/9537.53"
150.70.173.39 - - [22/Oct/2014:10:02:51 +0200] "GET / HTTP/1.1" 301 193 "-" "Mozilla/4.0 (compatible; MSIE 8.0; Windows NT 5.1; Trident/4.0)"
84.14.203.2 - - [22/Oct/2014:10:05:15 +0200] "GET /assets/marianne_small-78924cf2008df797f6858f3ec3696d9a.png HTTP/1.1" 404 208 "http://worldwarweb.r14.railsrumble.com/game" "Mozilla/5.0 (Macintosh; Intel Mac OS X 10_10_0) AppleWebKit/537.36 (KHTML, like Gecko) Chrome/38.0.2125.104 Safari/537.36"
80.14.122.107 - - [22/Oct/2014:10:05:23 +0200] "GET / HTTP/1.1" 200 1478 "-" "Mozilla/5.0 (Windows NT 6.1; WOW64; rv:33.0) Gecko/20100101 Firefox/33.0"
80.14.122.107 - - [22/Oct/2014:10:05:24 +0200] "GET /assets/chartkick-7e2a56bd525d24598513aa91a3798194.js HTTP/1.1" 200 22858 "https://mps.apientreprise.fr/" "Mozilla/5.0 (Windows NT 6.1; WOW64; rv:33.0) Gecko/20100101 Firefox/33.0"
80.14.122.107 - - [22/Oct/2014:10:05:24 +0200] "GET /assets/application-1f2d113caed273b15394041f63f3492b.js HTTP/1.1" 200 471915 "https://mps.apientreprise.fr/" "Mozilla/5.0 (Windows NT 6.1; WOW64; rv:33.0) Gecko/20100101 Firefox/33.0"
80.14.122.107 - - [22/Oct/2014:10:05:25 +0200] "GET /assets/application-57f59de0f137e90b6118ed3c77ad0565.css HTTP/1.1" 200 128474 "https://mps.apientreprise.fr/" "Mozilla/5.0 (Windows NT 6.1; WOW64; rv:33.0) Gecko/20100101 Firefox/33.0"
80.14.122.107 - - [22/Oct/2014:10:05:25 +0200] "GET /assets/marianne_small-793022a34c692fa376cbb27597150abf.png HTTP/1.1" 200 13700 "https://mps.apientreprise.fr/" "Mozilla/5.0 (Windows NT 6.1; WOW64; rv:33.0) Gecko/20100101 Firefox/33.0"
80.14.122.107 - - [22/Oct/2014:10:05:25 +0200] "GET /assets/wg_handy_icons.woff HTTP/1.1" 404 650 "https://mps.apientreprise.fr/assets/application-57f59de0f137e90b6118ed3c77ad0565.css" "Mozilla/5.0 (Windows NT 6.1; WOW64; rv:33.0) Gecko/20100101 Firefox/33.0"
80.14.122.107 - - [22/Oct/2014:10:05:25 +0200] "GET /assets/wg_handy_icons.ttf HTTP/1.1" 404 650 "https://mps.apientreprise.fr/assets/application-57f59de0f137e90b6118ed3c77ad0565.css" "Mozilla/5.0 (Windows NT 6.1; WOW64; rv:33.0) Gecko/20100101 Firefox/33.0"
80.14.122.107 - - [22/Oct/2014:10:05:25 +0200] "GET /assets/welcome/header_background-22f3636112f75e9de0898edb74f1590d.jpg HTTP/1.1" 200 298861 "https://mps.apientreprise.fr/" "Mozilla/5.0 (Windows NT 6.1; WOW64; rv:33.0) Gecko/20100101 Firefox/33.0"
80.14.122.107 - - [22/Oct/2014:10:05:26 +0200] "GET /favicon.ico HTTP/1.1" 200 0 "-" "Mozilla/5.0 (Windows NT 6.1; WOW64; rv:33.0) Gecko/20100101 Firefox/33.0"
80.14.122.107 - - [22/Oct/2014:10:05:26 +0200] "GET /favicon.ico HTTP/1.1" 200 0 "-" "Mozilla/5.0 (Windows NT 6.1; WOW64; rv:33.0) Gecko/20100101 Firefox/33.0"
80.14.122.107 - - [22/Oct/2014:10:05:26 +0200] "GET /favicon.ico HTTP/1.1" 200 0 "-" "Mozilla/5.0 (Windows NT 6.1; WOW64; rv:33.0) Gecko/20100101 Firefox/33.0"
80.14.122.107 - - [22/Oct/2014:10:05:32 +0200] "GET /assets/marianne_small-793022a34c692fa376cbb27597150abf.png HTTP/1.1" 200 13700 "-" "Mozilla/5.0 (Windows NT 6.1; WOW64; rv:33.0) Gecko/20100101 Firefox/33.0"
194.51.110.118 - - [22/Oct/2014:10:06:06 +0200] "GET /iframe/vendeur/candidatures/new?place_id=9&user_id=&appel_offre_id=AWS-MPI-251903&callback_url=https://www.marches-publics.info/avis/retourMPS/4209524_fd2a2265895e352d-24DFD578-B8A0-A6E0-A30221C038576F59/&siret=38923203400030&CFID=4209524&CFTOKEN=fd2a2265895e352d-24DFD578-B8A0-A6E0-A30221C038576F59 HTTP/1.1" 500 1792 "https://www.marches-publics.info/avis/index.cfm?fuseaction=demat.verifDepot&IDS=25&IDM=251903&chCtrlSe=51EDF321E66084F4235CE50ED74AA3EC&CFID=4209524&CFTOKEN=fd2a2265895e352d-24DFD578-B8A0-A6E0-A30221C038576F59" "Mozilla/5.0 (Windows NT 6.1; WOW64; rv:32.0) Gecko/20100101 Firefox/32.0"
194.51.110.118 - - [22/Oct/2014:10:06:06 +0200] "GET /favicon.ico HTTP/1.1" 200 0 "-" "Mozilla/5.0 (Windows NT 6.1; WOW64; rv:32.0) Gecko/20100101 Firefox/32.0"
80.14.122.107 - - [22/Oct/2014:10:07:02 +0200] "GET / HTTP/1.1" 200 1476 "-" "Mozilla/5.0 (Windows NT 6.1; WOW64) AppleWebKit/537.36 (KHTML, like Gecko) Chrome/38.0.2125.104 Safari/537.36"
80.14.122.107 - - [22/Oct/2014:10:07:03 +0200] "GET /assets/chartkick-7e2a56bd525d24598513aa91a3798194.js HTTP/1.1" 200 22858 "https://mps.apientreprise.fr/" "Mozilla/5.0 (Windows NT 6.1; WOW64) AppleWebKit/537.36 (KHTML, like Gecko) Chrome/38.0.2125.104 Safari/537.36"
80.14.122.107 - - [22/Oct/2014:10:07:03 +0200] "GET /assets/marianne_small-793022a34c692fa376cbb27597150abf.png HTTP/1.1" 200 13700 "https://mps.apientreprise.fr/" "Mozilla/5.0 (Windows NT 6.1; WOW64) AppleWebKit/537.36 (KHTML, like Gecko) Chrome/38.0.2125.104 Safari/537.36"
80.14.122.107 - - [22/Oct/2014:10:07:03 +0200] "GET /assets/application-57f59de0f137e90b6118ed3c77ad0565.css HTTP/1.1" 200 128474 "https://mps.apientreprise.fr/" "Mozilla/5.0 (Windows NT 6.1; WOW64) AppleWebKit/537.36 (KHTML, like Gecko) Chrome/38.0.2125.104 Safari/537.36"
80.14.122.107 - - [22/Oct/2014:10:07:03 +0200] "GET /assets/application-1f2d113caed273b15394041f63f3492b.js HTTP/1.1" 200 471915 "https://mps.apientreprise.fr/" "Mozilla/5.0 (Windows NT 6.1; WOW64) AppleWebKit/537.36 (KHTML, like Gecko) Chrome/38.0.2125.104 Safari/537.36"
80.14.122.107 - - [22/Oct/2014:10:07:03 +0200] "GET /assets/welcome/header_background-22f3636112f75e9de0898edb74f1590d.jpg HTTP/1.1" 200 298861 "https://mps.apientreprise.fr/" "Mozilla/5.0 (Windows NT 6.1; WOW64) AppleWebKit/537.36 (KHTML, like Gecko) Chrome/38.0.2125.104 Safari/537.36"
80.14.122.107 - - [22/Oct/2014:10:07:04 +0200] "GET /assets/wg_handy_icons.woff HTTP/1.1" 404 650 "https://mps.apientreprise.fr/assets/application-57f59de0f137e90b6118ed3c77ad0565.css" "Mozilla/5.0 (Windows NT 6.1; WOW64) AppleWebKit/537.36 (KHTML, like Gecko) Chrome/38.0.2125.104 Safari/537.36"
80.14.122.107 - - [22/Oct/2014:10:07:04 +0200] "GET /assets/wg_handy_icons.ttf HTTP/1.1" 404 650 "https://mps.apientreprise.fr/assets/application-57f59de0f137e90b6118ed3c77ad0565.css" "Mozilla/5.0 (Windows NT 6.1; WOW64) AppleWebKit/537.36 (KHTML, like Gecko) Chrome/38.0.2125.104 Safari/537.36"
80.14.122.107 - - [22/Oct/2014:10:07:04 +0200] "GET /favicon.ico HTTP/1.1" 200 0 "-" "Mozilla/5.0 (Windows NT 6.1; WOW64) AppleWebKit/537.36 (KHTML, like Gecko) Chrome/38.0.2125.104 Safari/537.36"
80.14.122.107 - - [22/Oct/2014:10:07:34 +0200] "GET /iframe/vendeur/candidatures/new?place_id=9&user_id=&appel_offre_id=AWS-MPI-251903&callback_url=https://www.marches-publics.info/mpiaws/retourMPS/4205519_f81ade751d60aeec-23E77A10-951C-5C5D-A9E563929065C753/&siret=44392887400033&CFID=4205519&CFTOKEN=f81ade751d60aeec-23E77A10-951C-5C5D-A9E563929065C753 HTTP/1.1" 500 1792 "https://www.marches-publics.info/mpiaws/index.cfm?fuseaction=demat.verifDepot&IDS=25&IDM=251903&chCtrlSe=9B6653C174CF5043DFF0C30992061F62&CFID=4205519&CFTOKEN=f81ade751d60aeec-23E77A10-951C-5C5D-A9E563929065C753" "Mozilla/5.0 (Windows NT 6.1; WOW64) AppleWebKit/537.36 (KHTML, like Gecko) Chrome/37.0.2062.124 Safari/537.36"
80.14.122.107 - - [22/Oct/2014:10:07:35 +0200] "GET /favicon.ico HTTP/1.1" 200 0 "-" "Mozilla/5.0 (Windows NT 6.1; WOW64) AppleWebKit/537.36 (KHTML, like Gecko) Chrome/37.0.2062.124 Safari/537.36"
84.14.203.2 - - [22/Oct/2014:10:08:22 +0200] "GET /assets/marianne_small-78924cf2008df797f6858f3ec3696d9a.png HTTP/1.1" 404 208 "http://worldwarweb.r14.railsrumble.com/game" "Mozilla/5.0 (Macintosh; Intel Mac OS X 10_10_0) AppleWebKit/537.36 (KHTML, like Gecko) Chrome/38.0.2125.104 Safari/537.36"
80.14.122.107 - - [22/Oct/2014:10:08:36 +0200] "GET /iframe/vendeur/candidatures/new?place_id=9&user_id=&appel_offre_id=AWS-MPI-251903&callback_url=https://www.marches-publics.info/mpiaws/retourMPS/4205519_f81ade751d60aeec-23E77A10-951C-5C5D-A9E563929065C753/&siret=44392887400033&CFID=4205519&CFTOKEN=f81ade751d60aeec-23E77A10-951C-5C5D-A9E563929065C753 HTTP/1.1" 500 1792 "https://www.marches-publics.info/mpiaws/index.cfm?fuseaction=demat.verifDepot&IDS=25&IDM=251903&chCtrlSe=9B6653C174CF5043DFF0C30992061F62&CFID=4205519&CFTOKEN=f81ade751d60aeec-23E77A10-951C-5C5D-A9E563929065C753" "Mozilla/5.0 (Windows NT 6.1; WOW64) AppleWebKit/537.36 (KHTML, like Gecko) Chrome/37.0.2062.124 Safari/537.36"
80.14.122.107 - - [22/Oct/2014:10:08:36 +0200] "GET /favicon.ico HTTP/1.1" 200 0 "-" "Mozilla/5.0 (Windows NT 6.1; WOW64) AppleWebKit/537.36 (KHTML, like Gecko) Chrome/37.0.2062.124 Safari/537.36"
80.14.122.107 - - [22/Oct/2014:10:08:46 +0200] "GET / HTTP/1.1" 200 396 "-" "Mozilla/5.0 (Windows NT 6.1; WOW64) AppleWebKit/537.36 (KHTML, like Gecko) Chrome/37.0.2062.124 Safari/537.36"
80.14.122.107 - - [22/Oct/2014:10:08:46 +0200] "GET /favicon.ico HTTP/1.1" 404 208 "-" "Mozilla/5.0 (Windows NT 6.1; WOW64) AppleWebKit/537.36 (KHTML, like Gecko) Chrome/37.0.2062.124 Safari/537.36"
195.68.122.20 - - [22/Oct/2014:10:08:56 +0200] "GET /places/sign_in HTTP/1.1" 301 193 "-" "Mozilla/5.0 (Windows NT 6.1) AppleWebKit/537.36 (KHTML, like Gecko) Chrome/38.0.2125.104 Safari/537.36"
195.68.122.20 - - [22/Oct/2014:10:08:56 +0200] "GET /places/sign_in HTTP/1.1" 200 1166 "-" "Mozilla/5.0 (Windows NT 6.1) AppleWebKit/537.36 (KHTML, like Gecko) Chrome/38.0.2125.104 Safari/537.36"
195.68.122.20 - - [22/Oct/2014:10:08:56 +0200] "GET /assets/chartkick-951b9a454abdbfd520ce56aa3c8c91f6.js HTTP/1.1" 200 22858 "https://mps-dev.apientreprise.fr/places/sign_in" "Mozilla/5.0 (Windows NT 6.1) AppleWebKit/537.36 (KHTML, like Gecko) Chrome/38.0.2125.104 Safari/537.36"
195.68.122.20 - - [22/Oct/2014:10:08:56 +0200] "GET /assets/application-1b1beff9f265645671f4fb6456058394.css HTTP/1.1" 200 128474 "https://mps-dev.apientreprise.fr/places/sign_in" "Mozilla/5.0 (Windows NT 6.1) AppleWebKit/537.36 (KHTML, like Gecko) Chrome/38.0.2125.104 Safari/537.36"
195.68.122.20 - - [22/Oct/2014:10:08:56 +0200] "GET /assets/marianne_small-057d409b6c26727386074b37c2b3e4d5.png HTTP/1.1" 200 13700 "https://mps-dev.apientreprise.fr/places/sign_in" "Mozilla/5.0 (Windows NT 6.1) AppleWebKit/537.36 (KHTML, like Gecko) Chrome/38.0.2125.104 Safari/537.36"
195.68.122.20 - - [22/Oct/2014:10:08:56 +0200] "GET /assets/application-2f2e8af111ff00e9f8b71a2eb95e7059.js HTTP/1.1" 200 471915 "https://mps-dev.apientreprise.fr/places/sign_in" "Mozilla/5.0 (Windows NT 6.1) AppleWebKit/537.36 (KHTML, like Gecko) Chrome/38.0.2125.104 Safari/537.36"
195.68.122.20 - - [22/Oct/2014:10:08:57 +0200] "GET /favicon.ico HTTP/1.1" 200 0 "-" "Mozilla/5.0 (Windows NT 6.1) AppleWebKit/537.36 (KHTML, like Gecko) Chrome/38.0.2125.104 Safari/537.36"
195.68.122.20 - - [22/Oct/2014:10:09:12 +0200] "POST /places/sign_in HTTP/1.1" 302 116 "https://mps-dev.apientreprise.fr/places/sign_in" "Mozilla/5.0 (Windows NT 6.1) AppleWebKit/537.36 (KHTML, like Gecko) Chrome/38.0.2125.104 Safari/537.36"
195.68.122.20 - - [22/Oct/2014:10:09:12 +0200] "GET /places HTTP/1.1" 200 1422 "https://mps-dev.apientreprise.fr/places/sign_in" "Mozilla/5.0 (Windows NT 6.1) AppleWebKit/537.36 (KHTML, like Gecko) Chrome/38.0.2125.104 Safari/537.36"
195.68.122.20 - - [22/Oct/2014:10:09:17 +0200] "GET /places/flux_rss HTTP/1.1" 200 1476 "https://mps-dev.apientreprise.fr/places/flux_rss" "Mozilla/5.0 (Windows NT 6.1) AppleWebKit/537.36 (KHTML, like Gecko) Chrome/38.0.2125.104 Safari/537.36"
195.68.122.20 - - [22/Oct/2014:10:09:21 +0200] "GET /places/flux_rss/4/perform HTTP/1.1" 200 1500 "https://mps-dev.apientreprise.fr/places/flux_rss/4/perform" "Mozilla/5.0 (Windows NT 6.1) AppleWebKit/537.36 (KHTML, like Gecko) Chrome/38.0.2125.104 Safari/537.36"
195.68.122.20 - - [22/Oct/2014:10:09:25 +0200] "POST /places/sign_out HTTP/1.1" 302 110 "https://mps-dev.apientreprise.fr/places/flux_rss/4/perform" "Mozilla/5.0 (Windows NT 6.1) AppleWebKit/537.36 (KHTML, like Gecko) Chrome/38.0.2125.104 Safari/537.36"
195.68.122.20 - - [22/Oct/2014:10:09:25 +0200] "GET / HTTP/1.1" 200 1476 "https://mps-dev.apientreprise.fr/places/flux_rss/4/perform" "Mozilla/5.0 (Windows NT 6.1) AppleWebKit/537.36 (KHTML, like Gecko) Chrome/38.0.2125.104 Safari/537.36"
195.68.122.20 - - [22/Oct/2014:10:09:25 +0200] "GET /assets/wg_handy_icons.woff HTTP/1.1" 404 650 "https://mps-dev.apientreprise.fr/assets/application-1b1beff9f265645671f4fb6456058394.css" "Mozilla/5.0 (Windows NT 6.1) AppleWebKit/537.36 (KHTML, like Gecko) Chrome/38.0.2125.104 Safari/537.36"
195.68.122.20 - - [22/Oct/2014:10:09:25 +0200] "GET /assets/wg_handy_icons.ttf HTTP/1.1" 404 650 "https://mps-dev.apientreprise.fr/assets/application-1b1beff9f265645671f4fb6456058394.css" "Mozilla/5.0 (Windows NT 6.1) AppleWebKit/537.36 (KHTML, like Gecko) Chrome/38.0.2125.104 Safari/537.36"
195.68.122.20 - - [22/Oct/2014:10:09:25 +0200] "GET /assets/welcome/header_background-d92638dde7a56755c09759f848042509.jpg HTTP/1.1" 200 298861 "https://mps-dev.apientreprise.fr/" "Mozilla/5.0 (Windows NT 6.1) AppleWebKit/537.36 (KHTML, like Gecko) Chrome/38.0.2125.104 Safari/537.36"
195.68.122.20 - - [22/Oct/2014:10:09:33 +0200] "GET /places/sign_in HTTP/1.1" 301 193 "-" "Mozilla/5.0 (Windows NT 6.1) AppleWebKit/537.36 (KHTML, like Gecko) Chrome/38.0.2125.104 Safari/537.36"
195.68.122.20 - - [22/Oct/2014:10:09:33 +0200] "GET /places/sign_in HTTP/1.1" 200 1166 "-" "Mozilla/5.0 (Windows NT 6.1) AppleWebKit/537.36 (KHTML, like Gecko) Chrome/38.0.2125.104 Safari/537.36"
78.155.131.194 - - [22/Oct/2014:10:09:53 +0200] "GET /iframe/vendeur/candidatures/new?place_id=9&user_id=&appel_offre_id=AWS-MPI-236243&callback_url=https://www.marches-publics.info/mpiaws/retourMPS/4209444_a9b88d524cd2b26a-24D9527E-D276-3CB0-81C8FE8C255C1CCF/&siret=22720002900014&CFID=4209444&CFTOKEN=a9b88d524cd2b26a-24D9527E-D276-3CB0-81C8FE8C255C1CCF HTTP/1.1" 500 1792 "-" "Mozilla/4.0 (compatible; MSIE 7.0; Windows NT 5.1; Trident/4.0; .NET CLR 2.0.50727; .NET CLR 3.0.4506.2152; .NET CLR 3.5.30729; .NET4.0C; .NET4.0E)"
78.155.131.194 - - [22/Oct/2014:10:10:06 +0200] "GET /iframe/vendeur/candidatures/new?place_id=9&user_id=&appel_offre_id=AWS-MPI-236243&callback_url=https://www.marches-publics.info/mpiaws/retourMPS/4209444_a9b88d524cd2b26a-24D9527E-D276-3CB0-81C8FE8C255C1CCF/&siret=22720002900014&CFID=4209444&CFTOKEN=a9b88d524cd2b26a-24D9527E-D276-3CB0-81C8FE8C255C1CCF HTTP/1.1" 500 1792 "-" "Mozilla/4.0 (compatible; MSIE 7.0; Windows NT 5.1; Trident/4.0; .NET CLR 2.0.50727; .NET CLR 3.0.4506.2152; .NET CLR 3.5.30729; .NET4.0C; .NET4.0E)"
195.68.122.20 - - [22/Oct/2014:10:10:12 +0200] "POST /places/sign_in HTTP/1.1" 302 116 "https://mps-dev.apientreprise.fr/places/sign_in" "Mozilla/5.0 (Windows NT 6.1) AppleWebKit/537.36 (KHTML, like Gecko) Chrome/38.0.2125.104 Safari/537.36"
195.68.122.20 - - [22/Oct/2014:10:10:12 +0200] "GET /places HTTP/1.1" 200 1425 "https://mps-dev.apientreprise.fr/places/sign_in" "Mozilla/5.0 (Windows NT 6.1) AppleWebKit/537.36 (KHTML, like Gecko) Chrome/38.0.2125.104 Safari/537.36"
195.68.122.20 - - [22/Oct/2014:10:10:14 +0200] "GET /places/flux_rss HTTP/1.1" 200 1475 "https://mps-dev.apientreprise.fr/places/flux_rss" "Mozilla/5.0 (Windows NT 6.1) AppleWebKit/537.36 (KHTML, like Gecko) Chrome/38.0.2125.104 Safari/537.36"
195.68.122.20 - - [22/Oct/2014:10:10:17 +0200] "GET /places/flux_rss/9/perform HTTP/1.1" 200 1500 "https://mps-dev.apientreprise.fr/places/flux_rss/9/perform" "Mozilla/5.0 (Windows NT 6.1) AppleWebKit/537.36 (KHTML, like Gecko) Chrome/38.0.2125.104 Safari/537.36"
195.68.122.20 - - [22/Oct/2014:10:10:52 +0200] "GET /places HTTP/1.1" 200 1395 "https://mps-dev.apientreprise.fr/places" "Mozilla/5.0 (Windows NT 6.1) AppleWebKit/537.36 (KHTML, like Gecko) Chrome/38.0.2125.104 Safari/537.36"
80.14.122.107 - - [22/Oct/2014:10:10:53 +0200] "GET / HTTP/1.1" 200 1479 "-" "Mozilla/5.0 (Windows NT 6.1; WOW64) AppleWebKit/537.36 (KHTML, like Gecko) Chrome/38.0.2125.104 Safari/537.36"
80.14.122.107 - - [22/Oct/2014:10:10:54 +0200] "GET /assets/chartkick-7e2a56bd525d24598513aa91a3798194.js HTTP/1.1" 200 22858 "https://mps.apientreprise.fr/" "Mozilla/5.0 (Windows NT 6.1; WOW64) AppleWebKit/537.36 (KHTML, like Gecko) Chrome/38.0.2125.104 Safari/537.36"
80.14.122.107 - - [22/Oct/2014:10:10:54 +0200] "GET /assets/marianne_small-793022a34c692fa376cbb27597150abf.png HTTP/1.1" 200 13700 "https://mps.apientreprise.fr/" "Mozilla/5.0 (Windows NT 6.1; WOW64) AppleWebKit/537.36 (KHTML, like Gecko) Chrome/38.0.2125.104 Safari/537.36"
80.14.122.107 - - [22/Oct/2014:10:10:54 +0200] "GET /assets/application-57f59de0f137e90b6118ed3c77ad0565.css HTTP/1.1" 200 128474 "https://mps.apientreprise.fr/" "Mozilla/5.0 (Windows NT 6.1; WOW64) AppleWebKit/537.36 (KHTML, like Gecko) Chrome/38.0.2125.104 Safari/537.36"
80.14.122.107 - - [22/Oct/2014:10:10:54 +0200] "GET /assets/welcome/header_background-22f3636112f75e9de0898edb74f1590d.jpg HTTP/1.1" 200 298861 "https://mps.apientreprise.fr/" "Mozilla/5.0 (Windows NT 6.1; WOW64) AppleWebKit/537.36 (KHTML, like Gecko) Chrome/38.0.2125.104 Safari/537.36"
80.14.122.107 - - [22/Oct/2014:10:10:54 +0200] "GET /assets/application-1f2d113caed273b15394041f63f3492b.js HTTP/1.1" 200 471915 "https://mps.apientreprise.fr/" "Mozilla/5.0 (Windows NT 6.1; WOW64) AppleWebKit/537.36 (KHTML, like Gecko) Chrome/38.0.2125.104 Safari/537.36"
80.14.122.107 - - [22/Oct/2014:10:10:54 +0200] "GET /assets/wg_handy_icons.woff HTTP/1.1" 404 650 "https://mps.apientreprise.fr/assets/application-57f59de0f137e90b6118ed3c77ad0565.css" "Mozilla/5.0 (Windows NT 6.1; WOW64) AppleWebKit/537.36 (KHTML, like Gecko) Chrome/38.0.2125.104 Safari/537.36"
80.14.122.107 - - [22/Oct/2014:10:10:55 +0200] "GET /assets/wg_handy_icons.ttf HTTP/1.1" 404 650 "https://mps.apientreprise.fr/assets/application-57f59de0f137e90b6118ed3c77ad0565.css" "Mozilla/5.0 (Windows NT 6.1; WOW64) AppleWebKit/537.36 (KHTML, like Gecko) Chrome/38.0.2125.104 Safari/537.36"
80.14.122.107 - - [22/Oct/2014:10:10:55 +0200] "GET /favicon.ico HTTP/1.1" 200 0 "-" "Mozilla/5.0 (Windows NT 6.1; WOW64) AppleWebKit/537.36 (KHTML, like Gecko) Chrome/38.0.2125.104 Safari/537.36"
195.68.122.20 - - [22/Oct/2014:10:10:55 +0200] "GET /places/appels_offres HTTP/1.1" 200 1911 "https://mps-dev.apientreprise.fr/places/appels_offres" "Mozilla/5.0 (Windows NT 6.1) AppleWebKit/537.36 (KHTML, like Gecko) Chrome/38.0.2125.104 Safari/537.36"
84.14.203.2 - - [22/Oct/2014:10:11:16 +0200] "GET /assets/marianne_small-78924cf2008df797f6858f3ec3696d9a.png HTTP/1.1" 404 208 "http://worldwarweb.r14.railsrumble.com/game" "Mozilla/5.0 (Macintosh; Intel Mac OS X 10_10_0) AppleWebKit/537.36 (KHTML, like Gecko) Chrome/38.0.2125.104 Safari/537.36"
78.155.131.194 - - [22/Oct/2014:10:12:02 +0200] "GET /iframe/vendeur/candidatures/new?place_id=9&user_id=&appel_offre_id=AWS-MPI-236243&callback_url=https://www.marches-publics.info/mpiaws/retourMPS/4209444_a9b88d524cd2b26a-24D9527E-D276-3CB0-81C8FE8C255C1CCF/&siret=22720002900014&CFID=4209444&CFTOKEN=a9b88d524cd2b26a-24D9527E-D276-3CB0-81C8FE8C255C1CCF HTTP/1.1" 500 1792 "https://www.marches-publics.info/mpiaws/index.cfm?fuseaction=demat.verifDepot&IDS=25&IDM=236243&chCtrlSe=DADABD7D40DB71325E461ACCD3E878C9&CFID=4209444&CFTOKEN=a9b88d524cd2b26a-24D9527E-D276-3CB0-81C8FE8C255C1CCF" "Mozilla/4.0 (compatible; MSIE 7.0; Windows NT 5.1; Trident/4.0; .NET CLR 2.0.50727; .NET CLR 3.0.4506.2152; .NET CLR 3.5.30729; .NET4.0C; .NET4.0E)"
80.14.122.107 - - [22/Oct/2014:10:12:07 +0200] "GET /iframe/vendeur/candidatures/new?place_id=9&user_id=&appel_offre_id=AWS-MPI-251903&callback_url=https://www.marches-publics.info/mpiaws/retourMPS/4205519_f81ade751d60aeec-23E77A10-951C-5C5D-A9E563929065C753/&siret=44392887400033&CFID=4205519&CFTOKEN=f81ade751d60aeec-23E77A10-951C-5C5D-A9E563929065C753 HTTP/1.1" 500 1792 "https://www.marches-publics.info/mpiaws/index.cfm?fuseaction=demat.verifDepot&IDS=25&IDM=251903&chCtrlSe=9B6653C174CF5043DFF0C30992061F62&CFID=4205519&CFTOKEN=f81ade751d60aeec-23E77A10-951C-5C5D-A9E563929065C753" "Mozilla/5.0 (Windows NT 6.1; WOW64) AppleWebKit/537.36 (KHTML, like Gecko) Chrome/37.0.2062.124 Safari/537.36"
80.14.122.107 - - [22/Oct/2014:10:12:07 +0200] "GET /favicon.ico HTTP/1.1" 200 0 "-" "Mozilla/5.0 (Windows NT 6.1; WOW64) AppleWebKit/537.36 (KHTML, like Gecko) Chrome/37.0.2062.124 Safari/537.36"
80.14.122.107 - - [22/Oct/2014:10:12:10 +0200] "GET /iframe/vendeur/candidatures/new?place_id=9&user_id=&appel_offre_id=AWS-MPI-251903&callback_url=https://www.marches-publics.info/mpiaws/retourMPS/4205519_f81ade751d60aeec-23E77A10-951C-5C5D-A9E563929065C753/&siret=44392887400033&CFID=4205519&CFTOKEN=f81ade751d60aeec-23E77A10-951C-5C5D-A9E563929065C753 HTTP/1.1" 500 1792 "https://www.marches-publics.info/mpiaws/index.cfm?fuseaction=demat.verifDepot&IDS=25&IDM=251903&chCtrlSe=9B6653C174CF5043DFF0C30992061F62&CFID=4205519&CFTOKEN=f81ade751d60aeec-23E77A10-951C-5C5D-A9E563929065C753" "Mozilla/5.0 (Windows NT 6.1; WOW64) AppleWebKit/537.36 (KHTML, like Gecko) Chrome/37.0.2062.124 Safari/537.36"
80.14.122.107 - - [22/Oct/2014:10:12:11 +0200] "GET /favicon.ico HTTP/1.1" 200 0 "-" "Mozilla/5.0 (Windows NT 6.1; WOW64) AppleWebKit/537.36 (KHTML, like Gecko) Chrome/37.0.2062.124 Safari/537.36"
80.14.122.107 - - [22/Oct/2014:10:12:15 +0200] "GET / HTTP/1.1" 304 0 "-" "Mozilla/5.0 (Windows NT 6.1; WOW64) AppleWebKit/537.36 (KHTML, like Gecko) Chrome/37.0.2062.124 Safari/537.36"
80.14.122.107 - - [22/Oct/2014:10:12:19 +0200] "GET / HTTP/1.1" 304 0 "-" "Mozilla/5.0 (Windows NT 6.1; WOW64) AppleWebKit/537.36 (KHTML, like Gecko) Chrome/37.0.2062.124 Safari/537.36"
80.14.122.107 - - [22/Oct/2014:10:12:26 +0200] "GET / HTTP/1.1" 200 1477 "-" "Mozilla/5.0 (Windows NT 6.1; WOW64) AppleWebKit/537.36 (KHTML, like Gecko) Chrome/37.0.2062.124 Safari/537.36"
80.14.122.107 - - [22/Oct/2014:10:12:26 +0200] "GET /assets/chartkick-7e2a56bd525d24598513aa91a3798194.js HTTP/1.1" 200 22858 "https://mps.apientreprise.fr/" "Mozilla/5.0 (Windows NT 6.1; WOW64) AppleWebKit/537.36 (KHTML, like Gecko) Chrome/37.0.2062.124 Safari/537.36"
80.14.122.107 - - [22/Oct/2014:10:12:26 +0200] "GET /assets/marianne_small-793022a34c692fa376cbb27597150abf.png HTTP/1.1" 200 13700 "https://mps.apientreprise.fr/" "Mozilla/5.0 (Windows NT 6.1; WOW64) AppleWebKit/537.36 (KHTML, like Gecko) Chrome/37.0.2062.124 Safari/537.36"
80.14.122.107 - - [22/Oct/2014:10:12:26 +0200] "GET /assets/application-57f59de0f137e90b6118ed3c77ad0565.css HTTP/1.1" 200 128474 "https://mps.apientreprise.fr/" "Mozilla/5.0 (Windows NT 6.1; WOW64) AppleWebKit/537.36 (KHTML, like Gecko) Chrome/37.0.2062.124 Safari/537.36"
80.14.122.107 - - [22/Oct/2014:10:12:27 +0200] "GET /assets/welcome/header_background-22f3636112f75e9de0898edb74f1590d.jpg HTTP/1.1" 200 298861 "https://mps.apientreprise.fr/" "Mozilla/5.0 (Windows NT 6.1; WOW64) AppleWebKit/537.36 (KHTML, like Gecko) Chrome/37.0.2062.124 Safari/537.36"
80.14.122.107 - - [22/Oct/2014:10:12:27 +0200] "GET /assets/application-1f2d113caed273b15394041f63f3492b.js HTTP/1.1" 200 471915 "https://mps.apientreprise.fr/" "Mozilla/5.0 (Windows NT 6.1; WOW64) AppleWebKit/537.36 (KHTML, like Gecko) Chrome/37.0.2062.124 Safari/537.36"
80.14.122.107 - - [22/Oct/2014:10:12:27 +0200] "GET /assets/wg_handy_icons.svg HTTP/1.1" 404 650 "https://mps.apientreprise.fr/assets/application-57f59de0f137e90b6118ed3c77ad0565.css" "Mozilla/5.0 (Windows NT 6.1; WOW64) AppleWebKit/537.36 (KHTML, like Gecko) Chrome/37.0.2062.124 Safari/537.36"
